Component: ARM Compiler 5.06 update 7 (build 960) Tool: armlink [4d3601]

==============================================================================

Section Cross References

    main.o(.text) refers to rtx_kernel.o(.text) for osKernelGetState
    main.o(.text) refers to stm32f4xx_hal_rcc.o(.text) for HAL_RCC_OscConfig
    main.o(.text) refers to stm32f4xx_hal.o(.text) for HAL_GetREVID
    main.o(.text) refers to system_stm32f4xx.o(.text) for SystemCoreClockUpdate
    main.o(.text) refers to rtx_thread.o(.text) for osThreadNew
    main.o(.text) refers to system_stm32f4xx.o(.data) for SystemCoreClock
    main.o(.text) refers to main.o(.data) for .data
    main.o(.text) refers to http_server.o(.constdata) for app_main_attr
    main.o(.text) refers to http_server.o(.text) for app_main
    http_server.o(.text) refers to stm32f4xx_hal_gpio.o(.text) for HAL_GPIO_Init
    http_server.o(.text) refers to stm32f4xx_hal_cortex.o(.text) for HAL_NVIC_EnableIRQ
    http_server.o(.text) refers to rtx_delay.o(.text) for osDelay
    http_server.o(.text) refers to adc.o(.text) for ADC_getValue
    http_server.o(.text) refers to lcd.o(.text) for LCD_reset
    http_server.o(.text) refers to rtx_thread.o(.text) for osThreadFlagsWait
    http_server.o(.text) refers to printfa.o(i.__0sprintf) for __2sprintf
    http_server.o(.text) refers to localtime.o(.text) for localtime
    http_server.o(.text) refers to memcpya.o(.text) for __aeabi_memcpy4
    http_server.o(.text) refers to rtc.o(.text) for RTC_init
    http_server.o(.text) refers to net_sntp_client_core.o(i.netSNTPc_GetTime) for netSNTPc_GetTime
    http_server.o(.text) refers to stm32f4xx_hal_rtc.o(.text) for HAL_RTC_AlarmIRQHandler
    http_server.o(.text) refers to leds.o(.text) for LED_Initialize
    http_server.o(.text) refers to net_sys.o(i.netIF_GetOption) for netIF_GetOption
    http_server.o(.text) refers to net_addr.o(i.netIP_ntoa) for netIP_ntoa
    http_server.o(.text) refers to net_sys.o(i.netInitialize) for netInitialize
    http_server.o(.text) refers to sleep.o(.text) for Init_Th_Sleep
    http_server.o(.text) refers to http_server.o(.bss) for .bss
    http_server.o(.text) refers to http_server.o(.data) for .data
    http_server.o(.text) refers to http_server.o(.constdata) for .constdata
    http_server.o(.text) refers to rtc.o(.bss) for hrtc
    http_server.o(.constdata) refers to http_server.o(.bss) for app_main_stk
    web.o(.text) refers to web.o(.constdata) for .constdata
    web.o(.constdata) refers to web.o(.constdata) for imageFileData
    leds.o(.text) refers to stm32f4xx_hal_gpio.o(.text) for HAL_GPIO_Init
    leds.o(.text) refers to leds.o(.bss) for .bss
    lcd.o(.text) refers to stm32f4xx_hal_tim.o(.text) for HAL_TIM_Base_Init
    lcd.o(.text) refers to stm32f4xx_hal_gpio.o(.text) for HAL_GPIO_Init
    lcd.o(.text) refers to lcd.o(.bss) for .bss
    lcd.o(.text) refers to lcd.o(.data) for .data
    lcd.o(.text) refers to lcd.o(.constdata) for .constdata
    lcd.o(.data) refers to spi_stm32f4xx.o(.constdata) for Driver_SPI1
    http_server_cgi.o(.text) refers to net_http_server.o(i.netCGI_GetEnvVar) for netCGI_GetEnvVar
    http_server_cgi.o(.text) refers to net_addr.o(i.netIP_aton) for netIP_aton
    http_server_cgi.o(.text) refers to net_sys.o(i.netIF_SetOption) for netIF_SetOption
    http_server_cgi.o(.text) refers to strcmp.o(.text) for strcmp
    http_server_cgi.o(.text) refers to strncmp.o(.text) for strncmp
    http_server_cgi.o(.text) refers to net_http_server.o(i.netHTTPs_LoginActive) for netHTTPs_LoginActive
    http_server_cgi.o(.text) refers to strcpy.o(.text) for strcpy
    http_server_cgi.o(.text) refers to net_http_server.o(i.netHTTPs_SetPassword) for netHTTPs_SetPassword
    http_server_cgi.o(.text) refers to rtx_thread.o(.text) for osThreadFlagsSet
    http_server_cgi.o(.text) refers to leds.o(.text) for LED_Toggle
    http_server_cgi.o(.text) refers to net_sys.o(i.netIF_GetOption) for netIF_GetOption
    http_server_cgi.o(.text) refers to net_addr.o(i.netIP_ntoa) for netIP_ntoa
    http_server_cgi.o(.text) refers to printfa.o(i.__0sprintf) for __2sprintf
    http_server_cgi.o(.text) refers to net_tcp.o(i.netTCP_GetState) for netTCP_GetState
    http_server_cgi.o(.text) refers to net_tcp.o(i.netTCP_GetPeer) for netTCP_GetPeer
    http_server_cgi.o(.text) refers to net_tcp.o(i.netTCP_GetTimer) for netTCP_GetTimer
    http_server_cgi.o(.text) refers to net_tcp.o(i.netTCP_GetLocalPort) for netTCP_GetLocalPort
    http_server_cgi.o(.text) refers to http_server_cgi.o(.bss) for .bss
    http_server_cgi.o(.text) refers to http_server_cgi.o(.data) for .data
    http_server_cgi.o(.text) refers to http_server.o(.data) for LEDrun
    http_server_cgi.o(.text) refers to http_server.o(.data) for sntp_sel
    http_server_cgi.o(.text) refers to http_server_cgi.o(.conststring) for .conststring
    http_server_cgi.o(.text) refers to net_http_server.o(i.netHTTPs_GetPassword) for netHTTPs_GetPassword
[...]
    netETH_Thread                            0x08014299   Thumb Code   114  net_eth.o(i.netETH_Thread)
    netHTTPs_AcceptClient                    0x0801430b   Thumb Code     4  net_http_server.o(i.netHTTPs_AcceptClient)
    netHTTPs_CheckAccount                    0x0801430f   Thumb Code     4  net_http_server_auth.o(i.netHTTPs_CheckAccount)
    netHTTPs_FileAccess                      0x08014313   Thumb Code     4  net_http_server.o(i.netHTTPs_FileAccess)
    netHTTPs_GetLanguage                     0x08014319   Thumb Code    24  net_http_server.o(i.netHTTPs_GetLanguage)
    netHTTPs_GetPassword                     0x08014339   Thumb Code     6  net_http_server.o(i.netHTTPs_GetPassword)
    netHTTPs_LoginActive                     0x08014345   Thumb Code     6  net_http_server.o(i.netHTTPs_LoginActive)
    netHTTPs_SetPassword                     0x08014351   Thumb Code    78  net_http_server.o(i.netHTTPs_SetPassword)
    netIF_GetOption                          0x080143a9   Thumb Code   128  net_sys.o(i.netIF_GetOption)
    netIF_SetOption                          0x08014431   Thumb Code   124  net_sys.o(i.netIF_SetOption)
    netIP_aton                               0x080144b5   Thumb Code    26  net_addr.o(i.netIP_aton)
    netIP_ntoa                               0x080144cf   Thumb Code    50  net_addr.o(i.netIP_ntoa)
    netInitialize                            0x08014501   Thumb Code   156  net_sys.o(i.netInitialize)
    netMAC_aton                              0x080145ad   Thumb Code   140  net_addr.o(i.netMAC_aton)
    netSNTPc_GetTime                         0x08014639   Thumb Code    28  net_sntp_client_core.o(i.netSNTPc_GetTime)
    netTCP_GetLocalPort                      0x08014655   Thumb Code     4  net_tcp.o(i.netTCP_GetLocalPort)
    netTCP_GetPeer                           0x08014659   Thumb Code    32  net_tcp.o(i.netTCP_GetPeer)
    netTCP_GetState                          0x08014679   Thumb Code     4  net_tcp.o(i.netTCP_GetState)
    netTCP_GetTimer                          0x0801467d   Thumb Code     4  net_tcp.o(i.netTCP_GetTimer)
    net_addr4_aton                           0x08014681   Thumb Code   124  net_addr.o(i.net_addr4_aton)
    net_addr4_to_mac                         0x080146fd   Thumb Code    30  net_addr.o(i.net_addr4_to_mac)
    net_addr6_aton                           0x0801471d   Thumb Code   230  net_addr.o(i.net_addr6_aton)
    net_addr6_comp                           0x08014803   Thumb Code    40  net_addr.o(i.net_addr6_comp)
    net_addr6_copy                           0x0801482b   Thumb Code    18  net_addr.o(i.net_addr6_copy)
    net_addr6_create                         0x0801483d   Thumb Code    70  net_addr.o(i.net_addr6_create)
    net_addr6_get_solicited                  0x08014889   Thumb Code    34  net_addr.o(i.net_addr6_get_solicited)
    net_addr6_is_linklocal                   0x080148b1   Thumb Code    24  net_addr.o(i.net_addr6_is_linklocal)
    net_addr6_is_onlink                      0x080148c9   Thumb Code   110  net_addr.o(i.net_addr6_is_onlink)
    net_addr6_is_solicited                   0x08014937   Thumb Code    72  net_addr.o(i.net_addr6_is_solicited)
    net_addr6_is_unspec                      0x0801497f   Thumb Code    24  net_addr.o(i.net_addr6_is_unspec)
    net_addr6_to_mac                         0x08014997   Thumb Code    14  net_addr.o(i.net_addr6_to_mac)
    net_addr_comp                            0x080149a5   Thumb Code    44  net_addr.o(i.net_addr_comp)
    net_addr_copy                            0x080149d1   Thumb Code    38  net_addr.o(i.net_addr_copy)
    net_addr_find_route                      0x080149f7   Thumb Code    26  net_addr.o(i.net_addr_find_route)
    net_addr_get_local                       0x08014a11   Thumb Code    26  net_addr.o(i.net_addr_get_local)
    net_addr_is_unspec                       0x08014a31   Thumb Code    34  net_addr.o(i.net_addr_is_unspec)
    net_arp_cache_add                        0x08014a55   Thumb Code   276  net_arp.o(i.net_arp_cache_add)
    net_arp_cache_early                      0x08014b71   Thumb Code   180  net_arp.o(i.net_arp_cache_early)
    net_arp_cache_find                       0x08014c2d   Thumb Code   224  net_arp.o(i.net_arp_cache_find)
    net_arp_cache_init                       0x08014d19   Thumb Code    64  net_arp.o(i.net_arp_cache_init)
    net_arp_cache_run                        0x08014d61   Thumb Code    22  net_arp.o(i.net_arp_cache_run)
    net_arp_enqueue                          0x08014d7d   Thumb Code   114  net_arp.o(i.net_arp_enqueue)
    net_arp_notify                           0x08014df5   Thumb Code    32  net_arp.o(i.net_arp_notify)
    net_arp_probe                            0x08014e15   Thumb Code    18  net_arp.o(i.net_arp_probe)
    net_arp_process                          0x08014e29   Thumb Code   536  net_arp.o(i.net_arp_process)
    net_atoi                                 0x0801504d   Thumb Code    66  net_common.o(i.net_atoi)
    net_base64_decode                        0x08015091   Thumb Code   114  net_base64.o(i.net_base64_decode)
    net_chksum_buf                           0x08015109   Thumb Code    48  net_common.o(i.net_chksum_buf)
    net_crc_buf                              0x08015139   Thumb Code    30  net_common.o(i.net_crc_buf)
    net_dhcp_client_init                     0x08015159   Thumb Code   126  net_dhcp_client.o(i.net_dhcp_client_init)
    net_dhcp_client_run                      0x080151ed   Thumb Code    22  net_dhcp_client.o(i.net_dhcp_client_run)
    net_eth_callback                         0x08015209   Thumb Code    14  net_eth.o(i.net_eth_callback)
    net_eth_config_mcast                     0x08015217   Thumb Code   104  net_eth.o(i.net_eth_config_mcast)
    net_eth_get_option                       0x0801527f   Thumb Code   234  net_eth.o(i.net_eth_get_option)
    net_eth_iface_init                       0x08015369   Thumb Code    22  net_eth.o(i.net_eth_iface_init)
    net_eth_iface_run                        0x08015385   Thumb Code    22  net_eth.o(i.net_eth_iface_run)
    net_eth_output                           0x080153a1   Thumb Code   164  net_eth.o(i.net_eth_output)
    net_eth_send_frame                       0x08015449   Thumb Code   462  net_eth.o(i.net_eth_send_frame)
    net_eth_set_option                       0x08015629   Thumb Code   610  net_eth.o(i.net_eth_set_option)
    net_http_server_init                     0x08015899   Thumb Code   212  net_http_server.o(i.net_http_server_init)
    net_http_server_run                      0x08015981   Thumb Code    30  net_http_server.o(i.net_http_server_run)
    net_icmp6_init                           0x080159a9   Thumb Code    20  net_icmp6.o(i.net_icmp6_init)
    net_icmp6_process                        0x080159c1   Thumb Code   542  net_icmp6.o(i.net_icmp6_process)
    net_icmp6_send                           0x08015bf9   Thumb Code   122  net_icmp6.o(i.net_icmp6_send)
    net_icmp6_send_echo                      0x08015c7d   Thumb Code    78  net_icmp6.o(i.net_icmp6_send_echo)
    net_icmp_init                            0x08015cd5   Thumb Code    20  net_icmp.o(i.net_icmp_init)
    net_icmp_process                         0x08015ced   Thumb Code   430  net_icmp.o(i.net_icmp_process)
    net_icmp_send_echo                       0x08015eb5   Thumb Code   142  net_icmp.o(i.net_icmp_send_echo)
    net_if_map_all                           0x08015f55   Thumb Code     6  net_sys.o(i.net_if_map_all)
    net_ip4_chk_frame                        0x08015f61   Thumb Code   372  net_ip4.o(i.net_ip4_chk_frame)
    net_ip4_chksum                           0x080160ed   Thumb Code    44  net_ip4.o(i.net_ip4_chksum)
    net_ip4_chksum_buf                       0x08016119   Thumb Code     6  net_ip4.o(i.net_ip4_chksum_buf)
    net_ip4_find_route                       0x08016121   Thumb Code   104  net_ip4.o(i.net_ip4_find_route)
    net_ip4_get_local                        0x080161a1   Thumb Code    40  net_ip4.o(i.net_ip4_get_local)
    net_ip4_init                             0x080161cd   Thumb Code    22  net_ip4.o(i.net_ip4_init)
    net_ip4_is_onlink                        0x080161f1   Thumb Code    32  net_ip4.o(i.net_ip4_is_onlink)
    net_ip4_is_subcast                       0x08016211   Thumb Code    38  net_ip4.o(i.net_ip4_is_subcast)
    net_ip4_reass_frame                      0x08016237   Thumb Code    14  net_ip4.o(i.net_ip4_reass_frame)
    net_ip4_send_frame                       0x08016245   Thumb Code   340  net_ip4.o(i.net_ip4_send_frame)
    net_ip4_tx_offl_hl                       0x080163a9   Thumb Code    42  net_ip4.o(i.net_ip4_tx_offl_hl)
    net_ip6_chk_frame                        0x080163d5   Thumb Code   236  net_ip6.o(i.net_ip6_chk_frame)
    net_ip6_chksum                           0x080164d5   Thumb Code    50  net_ip6.o(i.net_ip6_chksum)
    net_ip6_collect_mcast                    0x08016509   Thumb Code   118  net_ip6.o(i.net_ip6_collect_mcast)
    net_ip6_find_route                       0x08016585   Thumb Code    56  net_ip6.o(i.net_ip6_find_route)
    net_ip6_get_local                        0x080165cd   Thumb Code    74  net_ip6.o(i.net_ip6_get_local)
    net_ip6_init                             0x08016621   Thumb Code    20  net_ip6.o(i.net_ip6_init)
    net_ip6_send_frame                       0x0801663d   Thumb Code   192  net_ip6.o(i.net_ip6_send_frame)
    net_ip6_tx_offl_hl                       0x08016709   Thumb Code    30  net_ip6.o(i.net_ip6_tx_offl_hl)
    net_itoa                                 0x08016727   Thumb Code     8  net_common.o(i.net_itoa)
    net_itoa_n0                              0x0801672f   Thumb Code     6  net_common.o(i.net_itoa_n0)
    net_loop_iface_init                      0x08016735   Thumb Code    40  net_loopback.o(i.net_loop_iface_init)
    net_loop_iface_run                       0x08016765   Thumb Code   176  net_loopback.o(i.net_loop_iface_run)
    net_loop_send_frame                      0x08016821   Thumb Code   104  net_loopback.o(i.net_loop_send_frame)
    net_mem_alloc                            0x08016891   Thumb Code   178  net_mem.o(i.net_mem_alloc)
    net_mem_avail                            0x08016951   Thumb Code    22  net_mem.o(i.net_mem_avail)
    net_mem_free                             0x0801696d   Thumb Code   152  net_mem.o(i.net_mem_free)
    net_mem_init                             0x08016a11   Thumb Code    98  net_mem.o(i.net_mem_init)
    net_mem_shrink                           0x08016a81   Thumb Code    62  net_mem.o(i.net_mem_shrink)
    net_nbns_client_init                     0x08016ac9   Thumb Code    82  net_nbns_client.o(i.net_nbns_client_init)
    net_ndp_cache_find                       0x08016b2d   Thumb Code   438  net_ndp.o(i.net_ndp_cache_find)
    net_ndp_cache_refresh                    0x08016cf1   Thumb Code   112  net_ndp.o(i.net_ndp_cache_refresh)
    net_ndp_enqueue                          0x08016d69   Thumb Code   108  net_ndp.o(i.net_ndp_enqueue)
    net_ndp_process                          0x08016dd9   Thumb Code   872  net_ndp.o(i.net_ndp_process)
    net_path                                 0x0801714d   Thumb Code    52  net_sys.o(i.net_path)
    net_ping_client_init                     0x08017185   Thumb Code    22  net_ping_core.o(i.net_ping_client_init)
    net_ping_client_run                      0x080171a5   Thumb Code   110  net_ping_core.o(i.net_ping_client_run)
    net_rand32                               0x08017225   Thumb Code    18  net_sys.o(i.net_rand32)
    net_sntp_client_init                     0x08017241   Thumb Code    80  net_sntp_client_core.o(i.net_sntp_client_init)
    net_sntp_client_run                      0x0801729d   Thumb Code    76  net_sntp_client_core.o(i.net_sntp_client_run)
    net_sntp_client_start                    0x080172f5   Thumb Code   312  net_sntp_client_core.o(i.net_sntp_client_start)
    net_strcasecmp                           0x0801743d   Thumb Code    46  net_common.o(i.net_strcasecmp)
    net_strchr                               0x0801746b   Thumb Code    22  net_common.o(i.net_strchr)
    net_strcmp                               0x08017481   Thumb Code    26  net_common.o(i.net_strcmp)
    net_strcpy                               0x0801749b   Thumb Code    18  net_common.o(i.net_strcpy)
    net_strnchr                              0x080174ad   Thumb Code    28  net_common.o(i.net_strnchr)
    net_strncpy                              0x080174c9   Thumb Code    26  net_common.o(i.net_strncpy)
    net_strtoupper                           0x080174e3   Thumb Code    32  net_common.o(i.net_strtoupper)
    net_sys_lock                             0x08017505   Thumb Code     8  net_sys.o(i.net_sys_lock)
    net_sys_resume                           0x08017511   Thumb Code    22  net_sys.o(i.net_sys_resume)
    net_sys_tick                             0x08017529   Thumb Code    16  net_sys.o(i.net_sys_tick)
    net_sys_unlock                           0x0801753d   Thumb Code     8  net_sys.o(i.net_sys_unlock)
    net_sys_wakeup                           0x08017549   Thumb Code    26  net_sys.o(i.net_sys_wakeup)
    net_tcp_abort                            0x08017569   Thumb Code   122  net_tcp.o(i.net_tcp_abort)
    net_tcp_close                            0x080175ed   Thumb Code   218  net_tcp.o(i.net_tcp_close)
    net_tcp_get_buf                          0x080176d1   Thumb Code    46  net_tcp.o(i.net_tcp_get_buf)
    net_tcp_get_local_port                   0x08017701   Thumb Code    48  net_tcp.o(i.net_tcp_get_local_port)
    net_tcp_get_mss                          0x08017735   Thumb Code    34  net_tcp.o(i.net_tcp_get_mss)
    net_tcp_get_peer                         0x0801775d   Thumb Code    80  net_tcp.o(i.net_tcp_get_peer)
    net_tcp_get_socket                       0x080177b1   Thumb Code   104  net_tcp.o(i.net_tcp_get_socket)
    net_tcp_get_state                        0x08017821   Thumb Code    40  net_tcp.o(i.net_tcp_get_state)
    net_tcp_get_timer                        0x0801784d   Thumb Code    48  net_tcp.o(i.net_tcp_get_timer)
    net_tcp_listen                           0x08017881   Thumb Code   168  net_tcp.o(i.net_tcp_listen)
    net_tcp_process                          0x08017931   Thumb Code  1956  net_tcp.o(i.net_tcp_process)
    net_tcp_send                             0x080180d9   Thumb Code   336  net_tcp.o(i.net_tcp_send)
    net_tcp_set_option                       0x08018235   Thumb Code   288  net_tcp.o(i.net_tcp_set_option)
    net_tcp_socket_init                      0x08018361   Thumb Code    30  net_tcp.o(i.net_tcp_socket_init)
    net_tcp_socket_run                       0x08018389   Thumb Code   938  net_tcp.o(i.net_tcp_socket_run)
    net_udp_close                            0x08018749   Thumb Code    62  net_udp.o(i.net_udp_close)
    net_udp_enable_lla                       0x08018791   Thumb Code    34  net_udp.o(i.net_udp_enable_lla)
    net_udp_get_buf                          0x080187b9   Thumb Code    46  net_udp.o(i.net_udp_get_buf)
    net_udp_get_socket                       0x080187e9   Thumb Code   102  net_udp.o(i.net_udp_get_socket)
    net_udp_open                             0x08018859   Thumb Code   160  net_udp.o(i.net_udp_open)
    net_udp_process                          0x08018905   Thumb Code   322  net_udp.o(i.net_udp_process)
    net_udp_send                             0x08018a5d   Thumb Code    18  net_udp.o(i.net_udp_send)
    net_udp_send_if                          0x08018a71   Thumb Code   540  net_udp.o(i.net_udp_send_if)
    net_udp_socket_init                      0x08018c9d   Thumb Code    30  net_udp.o(i.net_udp_socket_init)
    net_ultoa                                0x08018cc1   Thumb Code     8  net_common.o(i.net_ultoa)
    net_ultox                                0x08018cc9   Thumb Code    44  net_common.o(i.net_ultox)
    net_xtoul                                0x08018cf9   Thumb Code    76  net_common.o(i.net_xtoul)
    app_main_attr                            0x08019c60   Data          36  http_server.o(.constdata)
    imageLastModified                        0x08019c94   Data           4  web.o(.constdata)
    Arial12x12                               0x08020e08   Data        3875  lcd.o(.constdata)
    osRtxUserSVC                             0x08021d8c   Data           4  rtx_lib.o(.constdata)
    Driver_ETH_PHY0                          0x08021d94   Data          32  phy_lan8742a.o(.constdata)
    Driver_ETH_MAC0                          0x08021e04   Data          68  emac_stm32f4xx.o(.constdata)
    Driver_SPI1                              0x08021e9c   Data          44  spi_stm32f4xx.o(.constdata)
    EventRecorderInfo                        0x08021ec8   Data          24  eventrecorder.o(.constdata)
    AHBPrescTable                            0x08021ee8   Data          16  system_stm32f4xx.o(.constdata)
    APBPrescTable                            0x08021ef8   Data           8  system_stm32f4xx.o(.constdata)
    net_sys_config                           0x08021fa8   Data          28  net_config.o(.constdata)
    net_eth0_if_config                       0x0802201c   Data          44  net_config.o(.constdata)
    net_eth_list                             0x08022048   Data           8  net_config.o(.constdata)
    net_if_list_lan                          0x08022050   Data           8  net_config.o(.constdata)
    net_if_list_all                          0x08022058   Data           8  net_config.o(.constdata)
    net_if_inet_def                          0x08022060   Data           8  net_config.o(.constdata)
    net_if_link_def                          0x08022068   Data           8  net_config.o(.constdata)
    net_arp_list                             0x08022070   Data           8  net_config.o(.constdata)
    net_icmp_list                            0x08022078   Data           8  net_config.o(.constdata)
    net_dhcp_list                            0x08022080   Data           8  net_config.o(.constdata)
    net_icmp6_list                           0x08022088   Data           4  net_config.o(.constdata)
    net_udp_config                           0x0802208c   Data          12  net_config.o(.constdata)
    net_tcp_config                           0x08022098   Data          24  net_config.o(.constdata)
    net_http_config                          0x080220b0   Data          52  net_config.o(.constdata)
    net_sntp_config                          0x080220e4   Data           8  net_config.o(.constdata)
    netif_getopt_func                        0x0802213c   Data          16  net_config.o(.constdata)
    netif_setopt_func                        0x0802214c   Data          16  net_config.o(.constdata)
    net_loop_if_config                       0x0802215c   Data          44  net_loopback.o(.constdata)
    net_http_auth_basic_func                 0x08022298   Data          24  net_http_server_auth.o(.constdata)
    net_ping_payload                         0x080222b0   Data          18  net_ping_core.o(.constdata)
    net_addr_unspec                          0x080222c2   Data          16  net_addr.o(.constdata)
    net_addr_bcast                           0x080222d2   Data           6  net_addr.o(.constdata)
    net_addr4_loopback                       0x080222d8   Data           4  net_ip4.o(.constdata)
    net_addr6_all_nodes                      0x080222dc   Data          16  net_ip6.o(.constdata)
    net_addr6_loopback                       0x080222ec   Data          16  net_ip6.o(.constdata)
    net_http_error                           0x080222fc   Data          24  net_http_server_err.o(.constdata)
    net_lib_version                          0x080223b4   Data           4  net_version.o(.constdata)
    network_ip4ip6_debug_v7.15.0             0x080223b4   Data           4  net_version.o(.constdata)
    osRtxConfig                              0x08022790   Data         112  rtx_lib.o(.rodata)
    os_cb_sections                           0x08022800   Data          56  rtx_lib.o(.rodata)
    Region$$Table$$Base                      0x08022838   Number         0  anon$$obj.o(Region$$Table)
    Region$$Table$$Limit                     0x08022868   Number         0  anon$$obj.o(Region$$Table)
    .bss.os.msgqueue.cb$$Base                0x20008044   Number         0  rtx_lib.o(.bss.os.msgqueue.cb)
    .bss.os.msgqueue.cb$$Limit               0x20008078   Number         0  rtx_lib.o(.bss.os.msgqueue.cb)
    .bss.os.mutex.cb$$Base                   0x200080c8   Number         0  net_config.o(.bss.os.mutex.cb)
    .bss.os.mutex.cb$$Limit                  0x20008100   Number         0  net_config.o(.bss.os.mutex.cb)
    .bss.os.semaphore.cb$$Base               0x20008100   Number         0  net_config.o(.bss.os.semaphore.cb)
    .bss.os.semaphore.cb$$Limit              0x20008110   Number         0  net_config.o(.bss.os.semaphore.cb)
    .bss.os.thread.cb$$Base                  0x20008110   Number         0  rtx_lib.o(.bss.os.thread.cb)
    .bss.os.thread.cb$$Limit                 0x20008220   Number         0  net_config.o(.bss.os.thread.cb)
    .bss.os.timer.cb$$Base                   0x20008620   Number         0  net_config.o(.bss.os.timer.cb)
    .bss.os.timer.cb$$Limit                  0x20008640   Number         0  net_config.o(.bss.os.timer.cb)
    alarm_h                                  0x20008644   Data           2  http_server.o(.data)
    alarm_m                                  0x20008646   Data           2  http_server.o(.data)
    alarm_s                                  0x20008648   Data           2  http_server.o(.data)
    sntp_sel                                 0x20008650   Data           4  http_server.o(.data)
    TID_Display                              0x20008654   Data           4  http_server.o(.data)
    TID_Led                                  0x20008658   Data           4  http_server.o(.data)
    TID_Th_RTC                               0x2000865c   Data           4  http_server.o(.data)
    TID_Th_SNTP                              0x20008660   Data           4  http_server.o(.data)
    lcd_text                                 0x20008664   Data          42  http_server.o(.data)
    LEDrun                                   0x2000868e   Data           1  http_server.o(.data)
    SPIdrv                                   0x20008694   Data           4  lcd.o(.data)
    buffer                                   0x20008698   Data         512  lcd.o(.data)
    TID_Th_Sleep                             0x200088a8   Data           4  sleep.o(.data)
    Sleep_timer                              0x200088ac   Data           4  sleep.o(.data)
    exec                                     0x200088b0   Data           4  sleep.o(.data)
    uwTickFreq                               0x200088b4   Data           1  stm32f4xx_hal.o(.data)
    uwTickPrio                               0x200088b8   Data           4  stm32f4xx_hal.o(.data)
    uwTick                                   0x200088bc   Data           4  stm32f4xx_hal.o(.data)
    SystemCoreClock                          0x200088c0   Data           4  system_stm32f4xx.o(.data)
    net_eth0_icmp_control                    0x200088d8   Data           1  net_icmp.o(.data)
    osRtxInfo                                0x200088fc   Data         164  rtx_kernel.o(.data.os)
    adchandle                                0x20008a04   Data          72  http_server.o(.bss)
    time_now                                 0x20008a4c   Data          44  http_server.o(.bss)
    sAlarm                                   0x20008a78   Data          40  http_server.o(.bss)
    app_main_stk                             0x20008aa0   Data        1024  http_server.o(.bss)
    GPIO_InitStruct                          0x20008eb4   Data          20  lcd.o(.bss)
    hrtc                                     0x20008f68   Data          32  rtc.o(.bss)
    showtime                                 0x20008f88   Data          25  rtc.o(.bss)
    showdate                                 0x20008fa1   Data          25  rtc.o(.bss)
    net_eth0_if_control                      0x2000f048   Data         160  net_eth.o(.bss)
    net_eth0_arp_control                     0x2000f0e8   Data          24  net_arp.o(.bss)
    net_eth0_dhcp_control                    0x2000f11c   Data          40  net_dhcp_client.o(.bss)
    net_http_control                         0x2000f1c8   Data          20  net_http_server.o(.bss)
    net_sntp_control                         0x2000f1dc   Data          44  net_sntp_client_core.o(.bss)
    net_ping_control                         0x2000f208   Data          44  net_ping_core.o(.bss)
    net_sys_control                          0x2000f244   Data          28  net_sys.o(.bss)
    net_dbg_buf                              0x2000f26c   Data          36  net_sys.o(.bss)
    __initial_sp                             0x2000f730   Data           0  startup_stm32f429xx.o(STACK)



==============================================================================

Memory Map of the image

  Image Entry point : 0x080001ad

  Load Region LR_IROM1 (Base: 0x08000000, Size: 0x0002b208, Max: 0x00200000, ABSOLUTE, COMPRESSED[0x000229ac])

    Execution Region ER_IROM1 (Exec base: 0x08000000, Load base: 0x08000000, Size: 0x00022868, Max: 0x00200000, ABSOLUTE)

    Exec Addr    Load Addr    Size         Type   Attr      Idx    E Section Name        Object

    0x08000000   0x08000000   0x000001ac   Data   RO         1579    RESET               startup_stm32f429xx.o
    0x080001ac   0x080001ac   0x00000000   Code   RO         2739  * .ARM.Collect$$$$00000000  mc_w.l(entry.o)
    0x080001ac   0x080001ac   0x00000004   Code   RO         3035    .ARM.Collect$$$$00000001  mc_w.l(entry2.o)
    0x080001b0   0x080001b0   0x00000004   Code   RO         3038    .ARM.Collect$$$$00000004  mc_w.l(entry5.o)
    0x080001b4   0x080001b4   0x00000000   Code   RO         3040    .ARM.Collect$$$$00000008  mc_w.l(entry7b.o)
    0x080001b4   0x080001b4   0x00000000   Code   RO         3042    .ARM.Collect$$$$0000000A  mc_w.l(entry8b.o)
    0x080001b4   0x080001b4   0x00000008   Code   RO         3043    .ARM.Collect$$$$0000000B  mc_w.l(entry9a.o)
    0x080001bc   0x080001bc   0x00000004   Code   RO         3050    .ARM.Collect$$$$0000000E  mc_w.l(entry12b.o)
    0x080001c0   0x080001c0   0x00000000   Code   RO         3045    .ARM.Collect$$$$0000000F  mc_w.l(entry10a.o)
    0x080001c0   0x080001c0   0x00000000   Code   RO         3047    .ARM.Collect$$$$00000011  mc_w.l(entry11a.o)
    0x080001c0   0x080001c0   0x00000004   Code   RO         3036    .ARM.Collect$$$$00002712  mc_w.l(entry2.o)
    0x080001c4   0x080001c4   0x00000148   Code   RO          720    .emb_text           rtx_mempool.o
    0x0800030c   0x0800030c   0x00000148   Code   RO          751    .emb_text           rtx_msgqueue.o
    0x08000454   0x08000454   0x00000148   Code   RO          816    .emb_text           rtx_semaphore.o
    0x0800059c   0x0800059c   0x00000148   Code   RO          847    .emb_text           rtx_system.o
    0x080006e4   0x080006e4   0x00000148   Code   RO          881    .emb_text           rtx_thread.o
    0x0800082c   0x0800082c   0x00000074   Code   RO         1102    .emb_text           eventrecorder.o
    0x080008a0   0x080008a0   0x00000110   Code   RO            4    .text               main.o
    0x080009b0   0x080009b0   0x000003b8   Code   RO          165    .text               http_server.o
    0x08000d68   0x08000d68   0x00000078   Code   RO          227    .text               web.o
    0x08000de0   0x08000de0   0x000000c8   Code   RO          247    .text               leds.o
    0x08000ea8   0x08000ea8   0x00000360   Code   RO          273    .text               lcd.o
    0x08001208   0x08001208   0x00000808   Code   RO          319    .text               http_server_cgi.o
    0x08001a10   0x08001a10   0x00000120   Code   RO          353    .text               adc.o
    0x08001b30   0x08001b30   0x00000214   Code   RO          377    .text               rtc.o
    0x08001d44   0x08001d44   0x00000046   Code   RO          406    .text               stm32f4xx_it.o
    0x08001d8a   0x08001d8a   0x00000002   PAD
    0x08001d8c   0x08001d8c   0x000001f0   Code   RO          433    .text               sleep.o
    0x08001f7c   0x08001f7c   0x00000094   Code   RO          468    .text               irq_armv7m.o
    0x08002010   0x08002010   0x00000104   Code   RO          476    .text               rtx_delay.o
    0x08002114   0x08002114   0x00000964   Code   RO          574    .text               rtx_evr.o
    0x08002a78   0x08002a78   0x000006d8   Code   RO          599    .text               rtx_kernel.o
    0x08003150   0x08003150   0x00000124   Code   RO          690    .text               rtx_memory.o
    0x08003274   0x08003274   0x00000678   Code   RO          721    .text               rtx_mempool.o
    0x080038ec   0x080038ec   0x000009bc   Code   RO          752    .text               rtx_msgqueue.o
    0x080042a8   0x080042a8   0x00000558   Code   RO          786    .text               rtx_mutex.o
    0x08004800   0x08004800   0x00000450   Code   RO          817    .text               rtx_semaphore.o
    0x08004c50   0x08004c50   0x00000154   Code   RO          848    .text               rtx_system.o
    0x08004da4   0x08004da4   0x00001194   Code   RO          882    .text               rtx_thread.o
    0x08005f38   0x08005f38   0x00000480   Code   RO          916    .text               rtx_timer.o
    0x080063b8   0x080063b8   0x000000c4   Code   RO          946    .text               os_systick.o
    0x0800647c   0x0800647c   0x00000004   Code   RO          972    .text               rtx_config.o
    0x08006480   0x08006480   0x000001ac   Code   RO          993    .text               phy_lan8742a.o
    0x0800662c   0x0800662c   0x000009e8   Code   RO         1021    .text               emac_stm32f4xx.o
    0x08007014   0x08007014   0x00000c5c   Code   RO         1063    .text               spi_stm32f4xx.o
    0x08007c70   0x08007c70   0x00000538   Code   RO         1103    .text               eventrecorder.o
    0x080081a8   0x080081a8   0x000001c8   Code   RO         1137    .text               stm32f4xx_hal.o
    0x08008370   0x08008370   0x00000ab8   Code   RO         1167    .text               stm32f4xx_hal_adc.o
    0x08008e28   0x08008e28   0x00000724   Code   RO         1191    .text               stm32f4xx_hal_adc_ex.o
    0x0800954c   0x0800954c   0x00000298   Code   RO         1215    .text               stm32f4xx_hal_cortex.o
    0x080097e4   0x080097e4   0x00000718   Code   RO         1243    .text               stm32f4xx_hal_dma.o
    0x08009efc   0x08009efc   0x00000364   Code   RO         1292    .text               stm32f4xx_hal_gpio.o
    0x0800a260   0x0800a260   0x00000178   Code   RO         1316    .text               stm32f4xx_hal_pwr.o
    0x0800a3d8   0x0800a3d8   0x00000760   Code   RO         1364    .text               stm32f4xx_hal_rcc.o
    0x0800ab38   0x0800ab38   0x000005e4   Code   RO         1388    .text               stm32f4xx_hal_rcc_ex.o
    0x0800b11c   0x0800b11c   0x00000970   Code   RO         1412    .text               stm32f4xx_hal_rtc.o
    0x0800ba8c   0x0800ba8c   0x00000b0c   Code   RO         1436    .text               stm32f4xx_hal_rtc_ex.o
    0x0800c598   0x0800c598   0x000023d2   Code   RO         1508    .text               stm32f4xx_hal_tim.o
    0x0800e96a   0x0800e96a   0x00000002   PAD
    0x0800e96c   0x0800e96c   0x00000bb0   Code   RO         1532    .text               stm32f4xx_hal_tim_ex.o
    0x0800f51c   0x0800f51c   0x00000024   Code   RO         1580    .text               startup_stm32f429xx.o
    0x0800f540   0x0800f540   0x00000094   Code   RO         1587    .text               system_stm32f4xx.o
    0x0800f5d4   0x0800f5d4   0x0000016c   Code   RO         1616    .text               net_config.o
    0x0800f740   0x0800f740   0x00000152   Code   RO         1709    .text               net_debug.o
    0x0800f892   0x0800f892   0x00000062   Code   RO         2742    .text               mc_w.l(uldiv.o)
    0x0800f8f4   0x0800f8f4   0x00000094   Code   RO         2744    .text               mc_w.l(localtime.o)
    0x0800f988   0x0800f988   0x00000024   Code   RO         2748    .text               mc_w.l(memcpya.o)
    0x0800f9ac   0x0800f9ac   0x00000024   Code   RO         2750    .text               mc_w.l(memseta.o)
    0x0800f9d0   0x0800f9d0   0x0000000e   Code   RO         2752    .text               mc_w.l(strlen.o)
    0x0800f9de   0x0800f9de   0x0000001c   Code   RO         2754    .text               mc_w.l(strcmp.o)
    0x0800f9fa   0x0800f9fa   0x0000001a   Code   RO         2756    .text               mc_w.l(memcmp.o)
    0x0800fa14   0x0800fa14   0x00000012   Code   RO         2758    .text               mc_w.l(strcpy.o)
    0x0800fa26   0x0800fa26   0x0000001e   Code   RO         2760    .text               mc_w.l(strncmp.o)
    0x0800fa44   0x0800fa44   0x00000064   Code   RO         3025    .text               mf_w.l(fmul.o)
    0x0800faa8   0x0800faa8   0x00000018   Code   RO         3027    .text               mf_w.l(fscalb.o)
    0x0800fac0   0x0800fac0   0x0000002e   Code   RO         3029    .text               mf_w.l(dscalb.o)
    0x0800faee   0x0800faee   0x0000000a   Code   RO         3031    .text               mf_w.l(ffltui.o)
    0x0800faf8   0x0800faf8   0x00000026   Code   RO         3033    .text               mf_w.l(f2d.o)
    0x0800fb1e   0x0800fb1e   0x0000002c   Code   RO         3054    .text               mc_w.l(uidiv.o)
    0x0800fb4a   0x0800fb4a   0x0000001e   Code   RO         3056    .text               mc_w.l(llshl.o)
    0x0800fb68   0x0800fb68   0x00000020   Code   RO         3058    .text               mc_w.l(llushr.o)
    0x0800fb88   0x0800fb88   0x00000000   Code   RO         3060    .text               mc_w.l(iusefp.o)
    0x0800fb88   0x0800fb88   0x0000006e   Code   RO         3061    .text               mf_w.l(fepilogue.o)
    0x0800fbf6   0x0800fbf6   0x0000014e   Code   RO         3063    .text               mf_w.l(dadd.o)
    0x0800fd44   0x0800fd44   0x000000e4   Code   RO         3065    .text               mf_w.l(dmul.o)
    0x0800fe28   0x0800fe28   0x000000de   Code   RO         3067    .text               mf_w.l(ddiv.o)
    0x0800ff06   0x0800ff06   0x00000030   Code   RO         3069    .text               mf_w.l(dfixul.o)
    0x0800ff36   0x0800ff36   0x00000002   PAD
    0x0800ff38   0x0800ff38   0x00000030   Code   RO         3071    .text               mf_w.l(cdrcmple.o)
    0x0800ff68   0x0800ff68   0x00000024   Code   RO         3073    .text               mc_w.l(init.o)
    0x0800ff8c   0x0800ff8c   0x00000024   Code   RO         3076    .text               mc_w.l(llsshr.o)
    0x0800ffb0   0x0800ffb0   0x000000ba   Code   RO         3079    .text               mf_w.l(depilogue.o)
    0x0801006a   0x0801006a   0x00000056   Code   RO         3088    .text               mc_w.l(__dczerorl2.o)
    0x080100c0   0x080100c0   0x00000028   Code   RO         2999    i.__0sprintf        mc_w.l(printfa.o)
    0x080100e8   0x080100e8   0x0000000e   Code   RO         3082    i.__scatterload_copy  mc_w.l(handlers.o)
    0x080100f6   0x080100f6   0x00000002   Code   RO         3083    i.__scatterload_null  mc_w.l(handlers.o)
    0x080100f8   0x080100f8   0x0000000e   Code   RO         3084    i.__scatterload_zeroinit  mc_w.l(handlers.o)
    0x08010106   0x08010106   0x00000002   PAD
    0x08010108   0x08010108   0x00000184   Code   RO         3004    i._fp_digits        mc_w.l(printfa.o)
    0x0801028c   0x0801028c   0x000006b4   Code   RO         3005    i._printf_core      mc_w.l(printfa.o)
    0x08010940   0x08010940   0x00000024   Code   RO         3006    i._printf_post_padding  mc_w.l(printfa.o)
    0x08010964   0x08010964   0x0000002e   Code   RO         3007    i._printf_pre_padding  mc_w.l(printfa.o)
    0x08010992   0x08010992   0x0000000a   Code   RO         3009    i._sputc            mc_w.l(printfa.o)
    0x0801099c   0x0801099c   0x00000054   Code   RO         2138    i.add_server_id     Net_Dbg_CM3_L.lib(net_http_server.o)
    0x080109f0   0x080109f0   0x0000005c   Code   RO         1795    i.arp_cache_alloc   Net_Dbg_CM3_L.lib(net_arp.o)
    0x08010a4c   0x08010a4c   0x00000170   Code   RO         1796    i.arp_cache_run     Net_Dbg_CM3_L.lib(net_arp.o)
    0x08010bbc   0x08010bbc   0x00000038   Code   RO         1797    i.arp_is_cacheable  Net_Dbg_CM3_L.lib(net_arp.o)
    0x08010bf4   0x08010bf4   0x00000088   Code   RO         1798    i.arp_probe_run     Net_Dbg_CM3_L.lib(net_arp.o)
    0x08010c7c   0x08010c7c   0x000000d8   Code   RO         1800    i.arp_proc_response  Net_Dbg_CM3_L.lib(net_arp.o)
    0x08010d54   0x08010d54   0x0000001a   Code   RO         1801    i.arp_que_free      Net_Dbg_CM3_L.lib(net_arp.o)
    0x08010d6e   0x08010d6e   0x00000002   PAD
    0x08010d70   0x08010d70   0x000000a0   Code   RO         1802    i.arp_send_reply    Net_Dbg_CM3_L.lib(net_arp.o)
    0x08010e10   0x08010e10   0x000000d0   Code   RO         1803    i.arp_send_request  Net_Dbg_CM3_L.lib(net_arp.o)
    0x08010ee0   0x08010ee0   0x00000068   Code   RO         1804    i.arp_sender_valid  Net_Dbg_CM3_L.lib(net_arp.o)
    0x08010f48   0x08010f48   0x0000018c   Code   RO         2139    i.chk_post_req      Net_Dbg_CM3_L.lib(net_http_server.o)
    0x080110d4   0x080110d4   0x00000028   Code   RO         2653    i.crc32_8bit        Net_Dbg_CM3_L.lib(net_common.o)
    0x080110fc   0x080110fc   0x000003c0   Code   RO         2080    i.dhcp_client_run   Net_Dbg_CM3_L.lib(net_dhcp_client.o)
    0x080114bc   0x080114bc   0x00000058   Code   RO         2081    i.dhcp_client_start  Net_Dbg_CM3_L.lib(net_dhcp_client.o)
    0x08011514   0x08011514   0x0000048c   Code   RO         2083    i.dhcp_listener     Net_Dbg_CM3_L.lib(net_dhcp_client.o)
    0x080119a0   0x080119a0   0x00000268   Code   RO         2084    i.dhcp_send_message  Net_Dbg_CM3_L.lib(net_dhcp_client.o)
    0x08011c08   0x08011c08   0x0000009a   Code   RO         1739    i.eth_check_link    Net_Dbg_CM3_L.lib(net_eth.o)
    0x08011ca2   0x08011ca2   0x00000002   PAD
    0x08011ca4   0x08011ca4   0x00000020   Code   RO         1740    i.eth_if_map        Net_Dbg_CM3_L.lib(net_eth.o)
    0x08011cc4   0x08011cc4   0x00000304   Code   RO         1741    i.eth_iface_init    Net_Dbg_CM3_L.lib(net_eth.o)
    0x08011fc8   0x08011fc8   0x00000290   Code   RO         1742    i.eth_iface_run     Net_Dbg_CM3_L.lib(net_eth.o)
    0x08012258   0x08012258   0x00000008   Code   RO         1744    i.eth_lock          Net_Dbg_CM3_L.lib(net_eth.o)
    0x08012260   0x08012260   0x0000001c   Code   RO         1745    i.eth_mtu_limit     Net_Dbg_CM3_L.lib(net_eth.o)
    0x0801227c   0x0801227c   0x00000048   Code   RO         1746    i.eth_opt_len       Net_Dbg_CM3_L.lib(net_eth.o)
    0x080122c4   0x080122c4   0x00000088   Code   RO         1747    i.eth_receive       Net_Dbg_CM3_L.lib(net_eth.o)
    0x0801234c   0x0801234c   0x00000008   Code   RO         1748    i.eth_unlock        Net_Dbg_CM3_L.lib(net_eth.o)
    0x08012354   0x08012354   0x00000028   Code   RO         2140    i.get_next_field    Net_Dbg_CM3_L.lib(net_http_server.o)
    0x0801237c   0x0801237c   0x00000032   Code   RO         2141    i.get_next_par      Net_Dbg_CM3_L.lib(net_http_server.o)
    0x080123ae   0x080123ae   0x00000022   Code   RO         2142    i.hex2byte          Net_Dbg_CM3_L.lib(net_http_server.o)
    0x080123d0   0x080123d0   0x0000036c   Code   RO         2143    i.http_add_header   Net_Dbg_CM3_L.lib(net_http_server.o)
    0x0801273c   0x0801273c   0x00000050   Code   RO         2263    i.http_auth_basic_add  Net_Dbg_CM3_L.lib(net_http_server_auth.o)
    0x0801278c   0x0801278c   0x00000090   Code   RO         2264    i.http_auth_basic_parse  Net_Dbg_CM3_L.lib(net_http_server_auth.o)
    0x0801281c   0x0801281c   0x00000002   Code   RO         2270    i.http_auth_dummy   Net_Dbg_CM3_L.lib(net_http_server_auth.o)
    0x0801281e   0x0801281e   0x00000002   PAD
    0x08012820   0x08012820   0x00000024   Code   RO         2271    i.http_auth_init    Net_Dbg_CM3_L.lib(net_http_server_auth.o)
    0x08012844   0x08012844   0x000001cc   Code   RO         2144    i.http_error_msg    Net_Dbg_CM3_L.lib(net_http_server.o)
    0x08012a10   0x08012a10   0x00000078   Code   RO         2145    i.http_get_ftype    Net_Dbg_CM3_L.lib(net_http_server.o)
    0x08012a88   0x08012a88   0x0000005e   Code   RO         2146    i.http_kill_session  Net_Dbg_CM3_L.lib(net_http_server.o)
    0x08012ae6   0x08012ae6   0x00000002   PAD
    0x08012ae8   0x08012ae8   0x000002a8   Code   RO         2147    i.http_listener     Net_Dbg_CM3_L.lib(net_http_server.o)
    0x08012d90   0x08012d90   0x00000184   Code   RO         2148    i.http_open_file    Net_Dbg_CM3_L.lib(net_http_server.o)
    0x08012f14   0x08012f14   0x0000011c   Code   RO         2149    i.http_parse_header  Net_Dbg_CM3_L.lib(net_http_server.o)
    0x08013030   0x08013030   0x000001a8   Code   RO         2150    i.http_proc_multipart  Net_Dbg_CM3_L.lib(net_http_server.o)
    0x080131d8   0x080131d8   0x00000138   Code   RO         2151    i.http_proc_post    Net_Dbg_CM3_L.lib(net_http_server.o)
    0x08013310   0x08013310   0x00000468   Code   RO         2152    i.http_server_run   Net_Dbg_CM3_L.lib(net_http_server.o)
    0x08013778   0x08013778   0x00000060   Code   RO         2153    i.http_server_start  Net_Dbg_CM3_L.lib(net_http_server.o)
    0x080137d8   0x080137d8   0x00000020   Code   RO         2155    i.http_strcpy       Net_Dbg_CM3_L.lib(net_http_server.o)
    0x080137f8   0x080137f8   0x000000ac   Code   RO         2156    i.http_to_utc       Net_Dbg_CM3_L.lib(net_http_server.o)
    0x080138a4   0x080138a4   0x0000001a   Code   RO         2654    i.i2str             Net_Dbg_CM3_L.lib(net_common.o)
    0x080138be   0x080138be   0x0000000c   Code   RO         2531    i.ip4_get_chksum    Net_Dbg_CM3_L.lib(net_ip4.o)
    0x080138ca   0x080138ca   0x00000028   Code   RO         2532    i.ip4_get_mtu       Net_Dbg_CM3_L.lib(net_ip4.o)
    0x080138f2   0x080138f2   0x00000040   Code   RO         2394    i.ip4_ntoa          Net_Dbg_CM3_L.lib(net_addr.o)
    0x08013932   0x08013932   0x00000002   PAD
    0x08013934   0x08013934   0x000000ca   Code   RO         2395    i.ip6_ntoa          Net_Dbg_CM3_L.lib(net_addr.o)
    0x080139fe   0x080139fe   0x0000001e   Code   RO         2085    i.is_selected       Net_Dbg_CM3_L.lib(net_dhcp_client.o)
    0x08013a1c   0x08013a1c   0x0000000c   Code   RO         2630    i.mem_lock          Net_Dbg_CM3_L.lib(net_mem.o)
    0x08013a28   0x08013a28   0x0000000c   Code   RO         2631    i.mem_unlock        Net_Dbg_CM3_L.lib(net_mem.o)
    0x08013a34   0x08013a34   0x000001a4   Code   RO         2124    i.nbns_listener     Net_Dbg_CM3_L.lib(net_nbns_client.o)
    0x08013bd8   0x08013bd8   0x00000120   Code   RO         2461    i.ndp_cache_add     Net_Dbg_CM3_L.lib(net_ndp.o)
    0x08013cf8   0x08013cf8   0x00000072   Code   RO         2462    i.ndp_cache_alloc   Net_Dbg_CM3_L.lib(net_ndp.o)
    0x08013d6a   0x08013d6a   0x00000002   PAD
    0x08013d6c   0x08013d6c   0x00000078   Code   RO         2463    i.ndp_cache_delete  Net_Dbg_CM3_L.lib(net_ndp.o)
    0x08013de4   0x08013de4   0x0000002c   Code   RO         2465    i.ndp_check_frame   Net_Dbg_CM3_L.lib(net_ndp.o)
    0x08013e10   0x08013e10   0x00000012   Code   RO         2466    i.ndp_next_opt      Net_Dbg_CM3_L.lib(net_ndp.o)
    0x08013e22   0x08013e22   0x00000002   PAD
    0x08013e24   0x08013e24   0x000000e4   Code   RO         2467    i.ndp_prefix_add    Net_Dbg_CM3_L.lib(net_ndp.o)
    0x08013f08   0x08013f08   0x000000fc   Code   RO         2470    i.ndp_proc_response  Net_Dbg_CM3_L.lib(net_ndp.o)
    0x08014004   0x08014004   0x0000001a   Code   RO         2471    i.ndp_que_free      Net_Dbg_CM3_L.lib(net_ndp.o)
    0x0801401e   0x0801401e   0x00000002   PAD
    0x08014020   0x08014020   0x00000038   Code   RO         2472    i.ndp_router_remove  Net_Dbg_CM3_L.lib(net_ndp.o)
    0x08014058   0x08014058   0x0000009c   Code   RO         2473    i.ndp_send_reply    Net_Dbg_CM3_L.lib(net_ndp.o)
    0x080140f4   0x080140f4   0x000000bc   Code   RO         2474    i.ndp_send_request  Net_Dbg_CM3_L.lib(net_ndp.o)
    0x080141b0   0x080141b0   0x00000004   Code   RO         2157    i.netCGI_Charset    Net_Dbg_CM3_L.lib(net_http_server.o)
    0x080141b4   0x080141b4   0x00000004   Code   RO         2158    i.netCGI_ContentType  Net_Dbg_CM3_L.lib(net_http_server.o)
    0x080141b8   0x080141b8   0x00000004   Code   RO         2159    i.netCGI_CustomHeader  Net_Dbg_CM3_L.lib(net_http_server.o)
    0x080141bc   0x080141bc   0x0000006c   Code   RO         2160    i.netCGI_GetEnvVar  Net_Dbg_CM3_L.lib(net_http_server.o)
    0x08014228   0x08014228   0x00000004   Code   RO         2163    i.netCGI_Redirect   Net_Dbg_CM3_L.lib(net_http_server.o)
    0x0801422c   0x0801422c   0x00000004   Code   RO         2165    i.netCGX_ContentType  Net_Dbg_CM3_L.lib(net_http_server.o)
    0x08014230   0x08014230   0x00000064   Code   RO         2344    i.netCore_Thread    Net_Dbg_CM3_L.lib(net_sys.o)
    0x08014294   0x08014294   0x00000002   Code   RO         1749    i.netETH_Notify     Net_Dbg_CM3_L.lib(net_eth.o)
    0x08014296   0x08014296   0x00000002   Code   RO         1750    i.netETH_ReceiveRaw  Net_Dbg_CM3_L.lib(net_eth.o)
    0x08014298   0x08014298   0x00000072   Code   RO         1752    i.netETH_Thread     Net_Dbg_CM3_L.lib(net_eth.o)
    0x0801430a   0x0801430a   0x00000004   Code   RO         2166    i.netHTTPs_AcceptClient  Net_Dbg_CM3_L.lib(net_http_server.o)
    0x0801430e   0x0801430e   0x00000004   Code   RO         2272    i.netHTTPs_CheckAccount  Net_Dbg_CM3_L.lib(net_http_server_auth.o)
    0x08014312   0x08014312   0x00000004   Code   RO         2168    i.netHTTPs_FileAccess  Net_Dbg_CM3_L.lib(net_http_server.o)
    0x08014316   0x08014316   0x00000002   PAD
    0x08014318   0x08014318   0x00000020   Code   RO         2171    i.netHTTPs_GetLanguage  Net_Dbg_CM3_L.lib(net_http_server.o)
    0x08014338   0x08014338   0x0000000c   Code   RO         2172    i.netHTTPs_GetPassword  Net_Dbg_CM3_L.lib(net_http_server.o)
    0x08014344   0x08014344   0x0000000c   Code   RO         2178    i.netHTTPs_LoginActive  Net_Dbg_CM3_L.lib(net_http_server.o)
    0x08014350   0x08014350   0x00000058   Code   RO         2181    i.netHTTPs_SetPassword  Net_Dbg_CM3_L.lib(net_http_server.o)
    0x080143a8   0x080143a8   0x00000088   Code   RO         2345    i.netIF_GetOption   Net_Dbg_CM3_L.lib(net_sys.o)
    0x08014430   0x08014430   0x00000084   Code   RO         2347    i.netIF_SetOption   Net_Dbg_CM3_L.lib(net_sys.o)
    0x080144b4   0x080144b4   0x0000001a   Code   RO         2397    i.netIP_aton        Net_Dbg_CM3_L.lib(net_addr.o)
    0x080144ce   0x080144ce   0x00000032   Code   RO         2398    i.netIP_ntoa        Net_Dbg_CM3_L.lib(net_addr.o)
    0x08014500   0x08014500   0x000000ac   Code   RO         2348    i.netInitialize     Net_Dbg_CM3_L.lib(net_sys.o)
    0x080145ac   0x080145ac   0x0000008c   Code   RO         2399    i.netMAC_aton       Net_Dbg_CM3_L.lib(net_addr.o)
    0x08014638   0x08014638   0x0000001c   Code   RO         2297    i.netSNTPc_GetTime  Net_Dbg_CM3_L.lib(net_sntp_client_core.o)
    0x08014654   0x08014654   0x00000004   Code   RO         1961    i.netTCP_GetLocalPort  Net_Dbg_CM3_L.lib(net_tcp.o)
    0x08014658   0x08014658   0x00000020   Code   RO         1963    i.netTCP_GetPeer    Net_Dbg_CM3_L.lib(net_tcp.o)
    0x08014678   0x08014678   0x00000004   Code   RO         1965    i.netTCP_GetState   Net_Dbg_CM3_L.lib(net_tcp.o)
    0x0801467c   0x0801467c   0x00000004   Code   RO         1966    i.netTCP_GetTimer   Net_Dbg_CM3_L.lib(net_tcp.o)
    0x08014680   0x08014680   0x0000007c   Code   RO         2401    i.net_addr4_aton    Net_Dbg_CM3_L.lib(net_addr.o)
    0x080146fc   0x080146fc   0x0000001e   Code   RO         2403    i.net_addr4_to_mac  Net_Dbg_CM3_L.lib(net_addr.o)
    0x0801471a   0x0801471a   0x00000002   PAD
    0x0801471c   0x0801471c   0x000000e6   Code   RO         2404    i.net_addr6_aton    Net_Dbg_CM3_L.lib(net_addr.o)
    0x08014802   0x08014802   0x00000028   Code   RO         2405    i.net_addr6_comp    Net_Dbg_CM3_L.lib(net_addr.o)
    0x0801482a   0x0801482a   0x00000012   Code   RO         2406    i.net_addr6_copy    Net_Dbg_CM3_L.lib(net_addr.o)
    0x0801483c   0x0801483c   0x0000004c   Code   RO         2407    i.net_addr6_create  Net_Dbg_CM3_L.lib(net_addr.o)
    0x08014888   0x08014888   0x00000028   Code   RO         2408    i.net_addr6_get_solicited  Net_Dbg_CM3_L.lib(net_addr.o)
    0x080148b0   0x080148b0   0x00000018   Code   RO         2409    i.net_addr6_is_linklocal  Net_Dbg_CM3_L.lib(net_addr.o)
    0x080148c8   0x080148c8   0x0000006e   Code   RO         2410    i.net_addr6_is_onlink  Net_Dbg_CM3_L.lib(net_addr.o)
    0x08014936   0x08014936   0x00000048   Code   RO         2411    i.net_addr6_is_solicited  Net_Dbg_CM3_L.lib(net_addr.o)
    0x0801497e   0x0801497e   0x00000018   Code   RO         2412    i.net_addr6_is_unspec  Net_Dbg_CM3_L.lib(net_addr.o)
    0x08014996   0x08014996   0x0000000e   Code   RO         2414    i.net_addr6_to_mac  Net_Dbg_CM3_L.lib(net_addr.o)
    0x080149a4   0x080149a4   0x0000002c   Code   RO         2415    i.net_addr_comp     Net_Dbg_CM3_L.lib(net_addr.o)
    0x080149d0   0x080149d0   0x00000026   Code   RO         2416    i.net_addr_copy     Net_Dbg_CM3_L.lib(net_addr.o)
    0x080149f6   0x080149f6   0x0000001a   Code   RO         2417    i.net_addr_find_route  Net_Dbg_CM3_L.lib(net_addr.o)
    0x08014a10   0x08014a10   0x00000020   Code   RO         2419    i.net_addr_get_local  Net_Dbg_CM3_L.lib(net_addr.o)
    0x08014a30   0x08014a30   0x00000022   Code   RO         2420    i.net_addr_is_unspec  Net_Dbg_CM3_L.lib(net_addr.o)
    0x08014a52   0x08014a52   0x00000002   PAD
    0x08014a54   0x08014a54   0x0000011c   Code   RO         1812    i.net_arp_cache_add  Net_Dbg_CM3_L.lib(net_arp.o)
    0x08014b70   0x08014b70   0x000000bc   Code   RO         1813    i.net_arp_cache_early  Net_Dbg_CM3_L.lib(net_arp.o)
    0x08014c2c   0x08014c2c   0x000000ec   Code   RO         1814    i.net_arp_cache_find  Net_Dbg_CM3_L.lib(net_arp.o)
    0x08014d18   0x08014d18   0x00000048   Code   RO         1815    i.net_arp_cache_init  Net_Dbg_CM3_L.lib(net_arp.o)
    0x08014d60   0x08014d60   0x0000001c   Code   RO         1816    i.net_arp_cache_run  Net_Dbg_CM3_L.lib(net_arp.o)
    0x08014d7c   0x08014d7c   0x00000078   Code   RO         1818    i.net_arp_enqueue   Net_Dbg_CM3_L.lib(net_arp.o)
    0x08014df4   0x08014df4   0x00000020   Code   RO         1820    i.net_arp_notify    Net_Dbg_CM3_L.lib(net_arp.o)
    0x08014e14   0x08014e14   0x00000012   Code   RO         1821    i.net_arp_probe     Net_Dbg_CM3_L.lib(net_arp.o)
    0x08014e26   0x08014e26   0x00000002   PAD
    0x08014e28   0x08014e28   0x00000224   Code   RO         1822    i.net_arp_process   Net_Dbg_CM3_L.lib(net_arp.o)
    0x0801504c   0x0801504c   0x00000042   Code   RO         2655    i.net_atoi          Net_Dbg_CM3_L.lib(net_common.o)
    0x0801508e   0x0801508e   0x00000002   PAD
    0x08015090   0x08015090   0x00000078   Code   RO         2721    i.net_base64_decode  Net_Dbg_CM3_L.lib(net_base64.o)
    0x08015108   0x08015108   0x00000030   Code   RO         2657    i.net_chksum_buf    Net_Dbg_CM3_L.lib(net_common.o)
    0x08015138   0x08015138   0x0000001e   Code   RO         2658    i.net_crc_buf       Net_Dbg_CM3_L.lib(net_common.o)
    0x08015156   0x08015156   0x00000002   PAD
    0x08015158   0x08015158   0x00000094   Code   RO         2090    i.net_dhcp_client_init  Net_Dbg_CM3_L.lib(net_dhcp_client.o)
    0x080151ec   0x080151ec   0x0000001c   Code   RO         2091    i.net_dhcp_client_run  Net_Dbg_CM3_L.lib(net_dhcp_client.o)
    0x08015208   0x08015208   0x0000000e   Code   RO         1753    i.net_eth_callback  Net_Dbg_CM3_L.lib(net_eth.o)
    0x08015216   0x08015216   0x00000068   Code   RO         1754    i.net_eth_config_mcast  Net_Dbg_CM3_L.lib(net_eth.o)
    0x0801527e   0x0801527e   0x000000ea   Code   RO         1756    i.net_eth_get_option  Net_Dbg_CM3_L.lib(net_eth.o)
    0x08015368   0x08015368   0x0000001c   Code   RO         1757    i.net_eth_iface_init  Net_Dbg_CM3_L.lib(net_eth.o)
    0x08015384   0x08015384   0x0000001c   Code   RO         1758    i.net_eth_iface_run  Net_Dbg_CM3_L.lib(net_eth.o)
    0x080153a0   0x080153a0   0x000000a8   Code   RO         1760    i.net_eth_output    Net_Dbg_CM3_L.lib(net_eth.o)
    0x08015448   0x08015448   0x000001e0   Code   RO         1761    i.net_eth_send_frame  Net_Dbg_CM3_L.lib(net_eth.o)
    0x08015628   0x08015628   0x00000270   Code   RO         1762    i.net_eth_set_option  Net_Dbg_CM3_L.lib(net_eth.o)
    0x08015898   0x08015898   0x000000e8   Code   RO         2187    i.net_http_server_init  Net_Dbg_CM3_L.lib(net_http_server.o)
    0x08015980   0x08015980   0x00000028   Code   RO         2188    i.net_http_server_run  Net_Dbg_CM3_L.lib(net_http_server.o)
    0x080159a8   0x080159a8   0x00000018   Code   RO         2603    i.net_icmp6_init    Net_Dbg_CM3_L.lib(net_icmp6.o)
    0x080159c0   0x080159c0   0x00000238   Code   RO         2604    i.net_icmp6_process  Net_Dbg_CM3_L.lib(net_icmp6.o)
    0x08015bf8   0x08015bf8   0x00000084   Code   RO         2605    i.net_icmp6_send    Net_Dbg_CM3_L.lib(net_icmp6.o)
    0x08015c7c   0x08015c7c   0x00000058   Code   RO         2606    i.net_icmp6_send_echo  Net_Dbg_CM3_L.lib(net_icmp6.o)
    0x08015cd4   0x08015cd4   0x00000018   Code   RO         1880    i.net_icmp_init     Net_Dbg_CM3_L.lib(net_icmp.o)
    0x08015cec   0x08015cec   0x000001c8   Code   RO         1881    i.net_icmp_process  Net_Dbg_CM3_L.lib(net_icmp.o)
    0x08015eb4   0x08015eb4   0x000000a0   Code   RO         1882    i.net_icmp_send_echo  Net_Dbg_CM3_L.lib(net_icmp.o)
    0x08015f54   0x08015f54   0x0000000c   Code   RO         2352    i.net_if_map_all    Net_Dbg_CM3_L.lib(net_sys.o)
    0x08015f60   0x08015f60   0x0000018c   Code   RO         2533    i.net_ip4_chk_frame  Net_Dbg_CM3_L.lib(net_ip4.o)
    0x080160ec   0x080160ec   0x0000002c   Code   RO         2534    i.net_ip4_chksum    Net_Dbg_CM3_L.lib(net_ip4.o)
    0x08016118   0x08016118   0x00000006   Code   RO         2535    i.net_ip4_chksum_buf  Net_Dbg_CM3_L.lib(net_ip4.o)
    0x0801611e   0x0801611e   0x00000002   PAD
    0x08016120   0x08016120   0x00000080   Code   RO         2537    i.net_ip4_find_route  Net_Dbg_CM3_L.lib(net_ip4.o)
    0x080161a0   0x080161a0   0x0000002c   Code   RO         2538    i.net_ip4_get_local  Net_Dbg_CM3_L.lib(net_ip4.o)
    0x080161cc   0x080161cc   0x00000024   Code   RO         2539    i.net_ip4_init      Net_Dbg_CM3_L.lib(net_ip4.o)
    0x080161f0   0x080161f0   0x00000020   Code   RO         2540    i.net_ip4_is_onlink  Net_Dbg_CM3_L.lib(net_ip4.o)
    0x08016210   0x08016210   0x00000026   Code   RO         2541    i.net_ip4_is_subcast  Net_Dbg_CM3_L.lib(net_ip4.o)
    0x08016236   0x08016236   0x0000000e   Code   RO         2542    i.net_ip4_reass_frame  Net_Dbg_CM3_L.lib(net_ip4.o)
    0x08016244   0x08016244   0x00000164   Code   RO         2543    i.net_ip4_send_frame  Net_Dbg_CM3_L.lib(net_ip4.o)
    0x080163a8   0x080163a8   0x0000002a   Code   RO         2545    i.net_ip4_tx_offl_hl  Net_Dbg_CM3_L.lib(net_ip4.o)
    0x080163d2   0x080163d2   0x00000002   PAD
    0x080163d4   0x080163d4   0x00000100   Code   RO         2571    i.net_ip6_chk_frame  Net_Dbg_CM3_L.lib(net_ip6.o)
    0x080164d4   0x080164d4   0x00000032   Code   RO         2572    i.net_ip6_chksum    Net_Dbg_CM3_L.lib(net_ip6.o)
    0x08016506   0x08016506   0x00000002   PAD
    0x08016508   0x08016508   0x0000007c   Code   RO         2573    i.net_ip6_collect_mcast  Net_Dbg_CM3_L.lib(net_ip6.o)
    0x08016584   0x08016584   0x00000048   Code   RO         2575    i.net_ip6_find_route  Net_Dbg_CM3_L.lib(net_ip6.o)
    0x080165cc   0x080165cc   0x00000054   Code   RO         2576    i.net_ip6_get_local  Net_Dbg_CM3_L.lib(net_ip6.o)
    0x08016620   0x08016620   0x0000001c   Code   RO         2577    i.net_ip6_init      Net_Dbg_CM3_L.lib(net_ip6.o)
    0x0801663c   0x0801663c   0x000000cc   Code   RO         2578    i.net_ip6_send_frame  Net_Dbg_CM3_L.lib(net_ip6.o)
    0x08016708   0x08016708   0x0000001e   Code   RO         2580    i.net_ip6_tx_offl_hl  Net_Dbg_CM3_L.lib(net_ip6.o)
    0x08016726   0x08016726   0x00000008   Code   RO         2659    i.net_itoa          Net_Dbg_CM3_L.lib(net_common.o)
    0x0801672e   0x0801672e   0x00000006   Code   RO         2661    i.net_itoa_n0       Net_Dbg_CM3_L.lib(net_common.o)
    0x08016734   0x08016734   0x00000030   Code   RO         1862    i.net_loop_iface_init  Net_Dbg_CM3_L.lib(net_loopback.o)
    0x08016764   0x08016764   0x000000bc   Code   RO         1863    i.net_loop_iface_run  Net_Dbg_CM3_L.lib(net_loopback.o)
    0x08016820   0x08016820   0x00000070   Code   RO         1865    i.net_loop_send_frame  Net_Dbg_CM3_L.lib(net_loopback.o)
    0x08016890   0x08016890   0x000000c0   Code   RO         2632    i.net_mem_alloc     Net_Dbg_CM3_L.lib(net_mem.o)
    0x08016950   0x08016950   0x0000001c   Code   RO         2633    i.net_mem_avail     Net_Dbg_CM3_L.lib(net_mem.o)
    0x0801696c   0x0801696c   0x000000a4   Code   RO         2634    i.net_mem_free      Net_Dbg_CM3_L.lib(net_mem.o)
    0x08016a10   0x08016a10   0x00000070   Code   RO         2635    i.net_mem_init      Net_Dbg_CM3_L.lib(net_mem.o)
    0x08016a80   0x08016a80   0x00000048   Code   RO         2636    i.net_mem_shrink    Net_Dbg_CM3_L.lib(net_mem.o)
    0x08016ac8   0x08016ac8   0x00000064   Code   RO         2125    i.net_nbns_client_init  Net_Dbg_CM3_L.lib(net_nbns_client.o)
    0x08016b2c   0x08016b2c   0x000001c4   Code   RO         2482    i.net_ndp_cache_find  Net_Dbg_CM3_L.lib(net_ndp.o)
    0x08016cf0   0x08016cf0   0x00000078   Code   RO         2485    i.net_ndp_cache_refresh  Net_Dbg_CM3_L.lib(net_ndp.o)
    0x08016d68   0x08016d68   0x00000070   Code   RO         2488    i.net_ndp_enqueue   Net_Dbg_CM3_L.lib(net_ndp.o)
    0x08016dd8   0x08016dd8   0x00000374   Code   RO         2490    i.net_ndp_process   Net_Dbg_CM3_L.lib(net_ndp.o)
    0x0801714c   0x0801714c   0x00000038   Code   RO         2354    i.net_path          Net_Dbg_CM3_L.lib(net_sys.o)
    0x08017184   0x08017184   0x00000020   Code   RO         2325    i.net_ping_client_init  Net_Dbg_CM3_L.lib(net_ping_core.o)
    0x080171a4   0x080171a4   0x00000080   Code   RO         2326    i.net_ping_client_run  Net_Dbg_CM3_L.lib(net_ping_core.o)
    0x08017224   0x08017224   0x0000001c   Code   RO         2355    i.net_rand32        Net_Dbg_CM3_L.lib(net_sys.o)
    0x08017240   0x08017240   0x0000005c   Code   RO         2299    i.net_sntp_client_init  Net_Dbg_CM3_L.lib(net_sntp_client_core.o)
    0x0801729c   0x0801729c   0x00000058   Code   RO         2300    i.net_sntp_client_run  Net_Dbg_CM3_L.lib(net_sntp_client_core.o)
    0x080172f4   0x080172f4   0x00000148   Code   RO         2301    i.net_sntp_client_start  Net_Dbg_CM3_L.lib(net_sntp_client_core.o)
    0x0801743c   0x0801743c   0x0000002e   Code   RO         2662    i.net_strcasecmp    Net_Dbg_CM3_L.lib(net_common.o)
    0x0801746a   0x0801746a   0x00000016   Code   RO         2663    i.net_strchr        Net_Dbg_CM3_L.lib(net_common.o)
    0x08017480   0x08017480   0x0000001a   Code   RO         2664    i.net_strcmp        Net_Dbg_CM3_L.lib(net_common.o)
    0x0801749a   0x0801749a   0x00000012   Code   RO         2665    i.net_strcpy        Net_Dbg_CM3_L.lib(net_common.o)
    0x080174ac   0x080174ac   0x0000001c   Code   RO         2667    i.net_strnchr       Net_Dbg_CM3_L.lib(net_common.o)
    0x080174c8   0x080174c8   0x0000001a   Code   RO         2668    i.net_strncpy       Net_Dbg_CM3_L.lib(net_common.o)
    0x080174e2   0x080174e2   0x00000020   Code   RO         2669    i.net_strtoupper    Net_Dbg_CM3_L.lib(net_common.o)
    0x08017502   0x08017502   0x00000002   PAD
    0x08017504   0x08017504   0x0000000c   Code   RO         2356    i.net_sys_lock      Net_Dbg_CM3_L.lib(net_sys.o)
    0x08017510   0x08017510   0x00000016   Code   RO         2357    i.net_sys_resume    Net_Dbg_CM3_L.lib(net_sys.o)
    0x08017526   0x08017526   0x00000002   PAD
    0x08017528   0x08017528   0x00000014   Code   RO         2359    i.net_sys_tick      Net_Dbg_CM3_L.lib(net_sys.o)
    0x0801753c   0x0801753c   0x0000000c   Code   RO         2360    i.net_sys_unlock    Net_Dbg_CM3_L.lib(net_sys.o)
    0x08017548   0x08017548   0x00000020   Code   RO         2362    i.net_sys_wakeup    Net_Dbg_CM3_L.lib(net_sys.o)
    0x08017568   0x08017568   0x00000084   Code   RO         1973    i.net_tcp_abort     Net_Dbg_CM3_L.lib(net_tcp.o)
    0x080175ec   0x080175ec   0x000000e4   Code   RO         1976    i.net_tcp_close     Net_Dbg_CM3_L.lib(net_tcp.o)
    0x080176d0   0x080176d0   0x0000002e   Code   RO         1979    i.net_tcp_get_buf   Net_Dbg_CM3_L.lib(net_tcp.o)
    0x080176fe   0x080176fe   0x00000002   PAD
    0x08017700   0x08017700   0x00000034   Code   RO         1981    i.net_tcp_get_local_port  Net_Dbg_CM3_L.lib(net_tcp.o)
    0x08017734   0x08017734   0x00000028   Code   RO         1982    i.net_tcp_get_mss   Net_Dbg_CM3_L.lib(net_tcp.o)
    0x0801775c   0x0801775c   0x00000054   Code   RO         1984    i.net_tcp_get_peer  Net_Dbg_CM3_L.lib(net_tcp.o)
    0x080177b0   0x080177b0   0x00000070   Code   RO         1986    i.net_tcp_get_socket  Net_Dbg_CM3_L.lib(net_tcp.o)
    0x08017820   0x08017820   0x0000002c   Code   RO         1987    i.net_tcp_get_state  Net_Dbg_CM3_L.lib(net_tcp.o)
    0x0801784c   0x0801784c   0x00000034   Code   RO         1988    i.net_tcp_get_timer  Net_Dbg_CM3_L.lib(net_tcp.o)
    0x08017880   0x08017880   0x000000b0   Code   RO         1989    i.net_tcp_listen    Net_Dbg_CM3_L.lib(net_tcp.o)
    0x08017930   0x08017930   0x000007a8   Code   RO         1991    i.net_tcp_process   Net_Dbg_CM3_L.lib(net_tcp.o)
    0x080180d8   0x080180d8   0x0000015c   Code   RO         1995    i.net_tcp_send      Net_Dbg_CM3_L.lib(net_tcp.o)
    0x08018234   0x08018234   0x0000012c   Code   RO         1997    i.net_tcp_set_option  Net_Dbg_CM3_L.lib(net_tcp.o)
    0x08018360   0x08018360   0x00000028   Code   RO         1998    i.net_tcp_socket_init  Net_Dbg_CM3_L.lib(net_tcp.o)
    0x08018388   0x08018388   0x000003c0   Code   RO         1999    i.net_tcp_socket_run  Net_Dbg_CM3_L.lib(net_tcp.o)
    0x08018748   0x08018748   0x00000048   Code   RO         1907    i.net_udp_close     Net_Dbg_CM3_L.lib(net_udp.o)
    0x08018790   0x08018790   0x00000028   Code   RO         1908    i.net_udp_enable_lla  Net_Dbg_CM3_L.lib(net_udp.o)
    0x080187b8   0x080187b8   0x0000002e   Code   RO         1910    i.net_udp_get_buf   Net_Dbg_CM3_L.lib(net_udp.o)
    0x080187e6   0x080187e6   0x00000002   PAD
    0x080187e8   0x080187e8   0x00000070   Code   RO         1913    i.net_udp_get_socket  Net_Dbg_CM3_L.lib(net_udp.o)
    0x08018858   0x08018858   0x000000ac   Code   RO         1915    i.net_udp_open      Net_Dbg_CM3_L.lib(net_udp.o)
    0x08018904   0x08018904   0x00000158   Code   RO         1916    i.net_udp_process   Net_Dbg_CM3_L.lib(net_udp.o)
    0x08018a5c   0x08018a5c   0x00000012   Code   RO         1918    i.net_udp_send      Net_Dbg_CM3_L.lib(net_udp.o)
    0x08018a6e   0x08018a6e   0x00000002   PAD
    0x08018a70   0x08018a70   0x0000022c   Code   RO         1919    i.net_udp_send_if   Net_Dbg_CM3_L.lib(net_udp.o)
    0x08018c9c   0x08018c9c   0x00000024   Code   RO         1921    i.net_udp_socket_init  Net_Dbg_CM3_L.lib(net_udp.o)
    0x08018cc0   0x08018cc0   0x00000008   Code   RO         2670    i.net_ultoa         Net_Dbg_CM3_L.lib(net_common.o)
    0x08018cc8   0x08018cc8   0x00000030   Code   RO         2673    i.net_ultox         Net_Dbg_CM3_L.lib(net_common.o)
    0x08018cf8   0x08018cf8   0x0000004c   Code   RO         2674    i.net_xtoul         Net_Dbg_CM3_L.lib(net_common.o)
    0x08018d44   0x08018d44   0x0000001c   Code   RO         2329    i.ping_send_req     Net_Dbg_CM3_L.lib(net_ping_core.o)
    0x08018d60   0x08018d60   0x000000f0   Code   RO         2093    i.proc_opt_renew    Net_Dbg_CM3_L.lib(net_dhcp_client.o)
    0x08018e50   0x08018e50   0x000001a4   Code   RO         2094    i.proc_opt_req      Net_Dbg_CM3_L.lib(net_dhcp_client.o)
    0x08018ff4   0x08018ff4   0x00000048   Code   RO         2095    i.proc_opt_sel      Net_Dbg_CM3_L.lib(net_dhcp_client.o)
    0x0801903c   0x0801903c   0x00000058   Code   RO         2191    i.proc_req_line     Net_Dbg_CM3_L.lib(net_http_server.o)
    0x08019094   0x08019094   0x000000a0   Code   RO         2192    i.read_script_line  Net_Dbg_CM3_L.lib(net_http_server.o)
    0x08019134   0x08019134   0x00000048   Code   RO         2193    i.search_delim      Net_Dbg_CM3_L.lib(net_http_server.o)
    0x0801917c   0x0801917c   0x000000fc   Code   RO         2303    i.sntp_listener     Net_Dbg_CM3_L.lib(net_sntp_client_core.o)
    0x08019278   0x08019278   0x0000003c   Code   RO         2304    i.sntp_send_message  Net_Dbg_CM3_L.lib(net_sntp_client_core.o)
    0x080192b4   0x080192b4   0x00000018   Code   RO         2306    i.sntp_stop         Net_Dbg_CM3_L.lib(net_sntp_client_core.o)
    0x080192cc   0x080192cc   0x00000018   Code   RO         2363    i.sys_map_if        Net_Dbg_CM3_L.lib(net_sys.o)
    0x080192e4   0x080192e4   0x0000004c   Code   RO         2364    i.sys_proc_tick     Net_Dbg_CM3_L.lib(net_sys.o)
    0x08019330   0x08019330   0x00000110   Code   RO         2001    i.tcp_map_socket    Net_Dbg_CM3_L.lib(net_tcp.o)
    0x08019440   0x08019440   0x00000084   Code   RO         2002    i.tcp_parse_opt     Net_Dbg_CM3_L.lib(net_tcp.o)
    0x080194c4   0x080194c4   0x0000011c   Code   RO         2003    i.tcp_proc_acknr    Net_Dbg_CM3_L.lib(net_tcp.o)
    0x080195e0   0x080195e0   0x000000ac   Code   RO         2004    i.tcp_proc_dupack   Net_Dbg_CM3_L.lib(net_tcp.o)
    0x0801968c   0x0801968c   0x0000001a   Code   RO         2005    i.tcp_que_free      Net_Dbg_CM3_L.lib(net_tcp.o)
    0x080196a6   0x080196a6   0x0000001a   Code   RO         2006    i.tcp_que_init      Net_Dbg_CM3_L.lib(net_tcp.o)
    0x080196c0   0x080196c0   0x000000ac   Code   RO         2007    i.tcp_que_resend    Net_Dbg_CM3_L.lib(net_tcp.o)
    0x0801976c   0x0801976c   0x00000090   Code   RO         2008    i.tcp_send_ctrl     Net_Dbg_CM3_L.lib(net_tcp.o)
    0x080197fc   0x080197fc   0x0000007c   Code   RO         2009    i.tcp_send_data     Net_Dbg_CM3_L.lib(net_tcp.o)
    0x08019878   0x08019878   0x00000090   Code   RO         2010    i.tcp_send_reset    Net_Dbg_CM3_L.lib(net_tcp.o)
    0x08019908   0x08019908   0x00000044   Code   RO         2011    i.tcp_set_cwnd      Net_Dbg_CM3_L.lib(net_tcp.o)
    0x0801994c   0x0801994c   0x00000074   Code   RO         2012    i.tcp_transit       Net_Dbg_CM3_L.lib(net_tcp.o)
    0x080199c0   0x080199c0   0x0000010c   Code   RO         2013    i.tcp_write         Net_Dbg_CM3_L.lib(net_tcp.o)
    0x08019acc   0x08019acc   0x0000002c   Code   RO         1923    i.udp_port_in_use   Net_Dbg_CM3_L.lib(net_udp.o)
    0x08019af8   0x08019af8   0x00000044   Code   RO         2675    i.ul2str            Net_Dbg_CM3_L.lib(net_common.o)
    0x08019b3c   0x08019b3c   0x00000124   Code   RO         2194    i.utc_to_http       Net_Dbg_CM3_L.lib(net_http_server.o)
    0x08019c60   0x08019c60   0x00000024   Data   RO          168    .constdata          http_server.o
    0x08019c84   0x08019c84   0x00000010   Data   RO          169    .constdata          http_server.o
    0x08019c94   0x08019c94   0x00000004   Data   RO          228    .constdata          web.o
    0x08019c98   0x08019c98   0x000070ad   Data   RO          229    .constdata          web.o
    0x08020d45   0x08020d45   0x00000003   PAD
    0x08020d48   0x08020d48   0x000000c0   Data   RO          230    .constdata          web.o
    0x08020e08   0x08020e08   0x00000f23   Data   RO          275    .constdata          lcd.o
    0x08021d2b   0x08021d2b   0x00000001   PAD
    0x08021d2c   0x08021d2c   0x00000024   Data   RO          655    .constdata          rtx_lib.o
    0x08021d50   0x08021d50   0x00000024   Data   RO          656    .constdata          rtx_lib.o
    0x08021d74   0x08021d74   0x00000018   Data   RO          657    .constdata          rtx_lib.o
    0x08021d8c   0x08021d8c   0x00000004   Data   RO          659    .constdata          rtx_lib.o
    0x08021d90   0x08021d90   0x00000004   Data   RO          995    .constdata          phy_lan8742a.o
    0x08021d94   0x08021d94   0x00000020   Data   RO          996    .constdata          phy_lan8742a.o
    0x08021db4   0x08021db4   0x00000050   Data   RO         1023    .constdata          emac_stm32f4xx.o
    0x08021e04   0x08021e04   0x00000044   Data   RO         1024    .constdata          emac_stm32f4xx.o
    0x08021e48   0x08021e48   0x00000034   Data   RO         1066    .constdata          spi_stm32f4xx.o
    0x08021e7c   0x08021e7c   0x00000010   Data   RO         1067    .constdata          spi_stm32f4xx.o
    0x08021e8c   0x08021e8c   0x00000010   Data   RO         1068    .constdata          spi_stm32f4xx.o
    0x08021e9c   0x08021e9c   0x0000002c   Data   RO         1069    .constdata          spi_stm32f4xx.o
    0x08021ec8   0x08021ec8   0x00000018   Data   RO         1105    .constdata          eventrecorder.o
    0x08021ee0   0x08021ee0   0x00000008   Data   RO         1244    .constdata          stm32f4xx_hal_dma.o
    0x08021ee8   0x08021ee8   0x00000010   Data   RO         1588    .constdata          system_stm32f4xx.o
    0x08021ef8   0x08021ef8   0x00000008   Data   RO         1589    .constdata          system_stm32f4xx.o
    0x08021f00   0x08021f00   0x000000a8   Data   RO         1631    .constdata          net_config.o
    0x08021fa8   0x08021fa8   0x0000001c   Data   RO         1632    .constdata          net_config.o
    0x08021fc4   0x08021fc4   0x00000014   Data   RO         1633    .constdata          net_config.o
    0x08021fd8   0x08021fd8   0x0000000c   Data   RO         1634    .constdata          net_config.o
    0x08021fe4   0x08021fe4   0x00000010   Data   RO         1635    .constdata          net_config.o
    0x08021ff4   0x08021ff4   0x00000028   Data   RO         1636    .constdata          net_config.o
    0x0802201c   0x0802201c   0x0000002c   Data   RO         1637    .constdata          net_config.o
    0x08022048   0x08022048   0x00000008   Data   RO         1638    .constdata          net_config.o
    0x08022050   0x08022050   0x00000008   Data   RO         1639    .constdata          net_config.o
    0x08022058   0x08022058   0x00000008   Data   RO         1640    .constdata          net_config.o
    0x08022060   0x08022060   0x00000008   Data   RO         1641    .constdata          net_config.o
    0x08022068   0x08022068   0x00000008   Data   RO         1642    .constdata          net_config.o
    0x08022070   0x08022070   0x00000008   Data   RO         1643    .constdata          net_config.o
    0x08022078   0x08022078   0x00000008   Data   RO         1644    .constdata          net_config.o
    0x08022080   0x08022080   0x00000008   Data   RO         1645    .constdata          net_config.o
    0x08022088   0x08022088   0x00000004   Data   RO         1647    .constdata          net_config.o
    0x0802208c   0x0802208c   0x0000000c   Data   RO         1648    .constdata          net_config.o
    0x08022098   0x08022098   0x00000018   Data   RO         1649    .constdata          net_config.o
    0x080220b0   0x080220b0   0x00000034   Data   RO         1650    .constdata          net_config.o
    0x080220e4   0x080220e4   0x00000008   Data   RO         1651    .constdata          net_config.o
    0x080220ec   0x080220ec   0x0000002c   Data   RO         1652    .constdata          net_config.o
    0x08022118   0x08022118   0x00000024   Data   RO         1653    .constdata          net_config.o
    0x0802213c   0x0802213c   0x00000010   Data   RO         1655    .constdata          net_config.o
    0x0802214c   0x0802214c   0x00000010   Data   RO         1656    .constdata          net_config.o
    0x0802215c   0x0802215c   0x0000002c   Data   RO         1866    .constdata          Net_Dbg_CM3_L.lib(net_loopback.o)
    0x08022188   0x08022188   0x0000000c   Data   RO         1867    .constdata          Net_Dbg_CM3_L.lib(net_loopback.o)
    0x08022194   0x08022194   0x00000008   Data   RO         2127    .constdata          Net_Dbg_CM3_L.lib(net_nbns_client.o)
    0x0802219c   0x0802219c   0x000000fa   Data   RO         2196    .constdata          Net_Dbg_CM3_L.lib(net_http_server.o)
    0x08022296   0x08022296   0x00000002   PAD
    0x08022298   0x08022298   0x00000018   Data   RO         2275    .constdata          Net_Dbg_CM3_L.lib(net_http_server_auth.o)
    0x080222b0   0x080222b0   0x00000012   Data   RO         2331    .constdata          Net_Dbg_CM3_L.lib(net_ping_core.o)
    0x080222c2   0x080222c2   0x00000010   Data   RO         2424    .constdata          Net_Dbg_CM3_L.lib(net_addr.o)
    0x080222d2   0x080222d2   0x00000006   Data   RO         2425    .constdata          Net_Dbg_CM3_L.lib(net_addr.o)
    0x080222d8   0x080222d8   0x00000004   Data   RO         2547    .constdata          Net_Dbg_CM3_L.lib(net_ip4.o)
    0x080222dc   0x080222dc   0x00000020   Data   RO         2582    .constdata          Net_Dbg_CM3_L.lib(net_ip6.o)
    0x080222fc   0x080222fc   0x00000018   Data   RO         2622    .constdata          Net_Dbg_CM3_L.lib(net_http_server_err.o)
    0x08022314   0x08022314   0x00000010   Data   RO         2676    .constdata          Net_Dbg_CM3_L.lib(net_common.o)
    0x08022324   0x08022324   0x00000090   Data   RO         2723    .constdata          Net_Dbg_CM3_L.lib(net_base64.o)
    0x080223b4   0x080223b4   0x00000004   Data   RO         2732    .constdata          Net_Dbg_CM3_L.lib(net_version.o)
    0x080223b8   0x080223b8   0x0000000c   Data   RO         2746    .constdata          mc_w.l(localtime.o)
    0x080223c4   0x080223c4   0x000000da   Data   RO          321    .conststring        http_server_cgi.o
    0x0802249e   0x0802249e   0x00000002   PAD
    0x080224a0   0x080224a0   0x00000078   Data   RO         1657    .conststring        net_config.o
    0x08022518   0x08022518   0x0000000d   Data   RO         1658    .conststring        net_config.o
    0x08022525   0x08022525   0x00000003   PAD
    0x08022528   0x08022528   0x00000001   Data   RO         1659    .conststring        net_config.o
    0x08022529   0x08022529   0x00000003   PAD
    0x0802252c   0x0802252c   0x00000038   Data   RO         1660    .conststring        net_config.o
    0x08022564   0x08022564   0x0000001c   Data   RO         1661    .conststring        net_config.o
    0x08022580   0x08022580   0x00000203   Data   RO         2623    .conststring        Net_Dbg_CM3_L.lib(net_http_server_err.o)
    0x08022783   0x08022783   0x00000001   PAD
    0x08022784   0x08022784   0x0000000b   Data   RO          600    .conststrlit        rtx_kernel.o
    0x0802278f   0x0802278f   0x00000001   PAD
    0x08022790   0x08022790   0x000000a8   Data   RO          660    .rodata             rtx_lib.o
    0x08022838   0x08022838   0x00000030   Data   RO         3081    Region$$Table       anon$$obj.o


    Execution Region RW_IRAM2 (Exec base: 0x10000000, Load base: 0x080229ac, Size: 0x000004a4, Max: 0x00010000, ABSOLUTE)

    Exec Addr    Load Addr    Size         Type   Attr      Idx    E Section Name        Object

    0x10000000        -       0x000004a4   Zero   RW         1104    .bss.noinit         eventrecorder.o


    Execution Region RW_IRAM1 (Exec base: 0x20000000, Load base: 0x08022868, Size: 0x0000f730, Max: 0x00030000, ABSOLUTE, COMPRESSED[0x00000144])

    Exec Addr    Load Addr    Size         Type   Attr      Idx    E Section Name        Object

    0x20000000   COMPRESSED   0x00008000   Data   RW          647    .bss.os             rtx_lib.o
    0x20008000   COMPRESSED   0x00000040   Data   RW          648    .bss.os             rtx_lib.o
    0x20008040   COMPRESSED   0x00000001   Data   RW          947    .bss.os             os_systick.o
    0x20008041   COMPRESSED   0x00000003   PAD
    0x20008044   COMPRESSED   0x00000034   Data   RW          649    .bss.os.msgqueue.cb  rtx_lib.o
    0x20008078   COMPRESSED   0x00000050   Data   RW          650    .bss.os.msgqueue.mem  rtx_lib.o
    0x200080c8   COMPRESSED   0x0000001c   Data   RW         1625    .bss.os.mutex.cb    net_config.o
    0x200080e4   COMPRESSED   0x0000001c   Data   RW         1626    .bss.os.mutex.cb    net_config.o
    0x20008100   COMPRESSED   0x00000010   Data   RW         1627    .bss.os.semaphore.cb  net_config.o
    0x20008110   COMPRESSED   0x00000044   Data   RW          651    .bss.os.thread.cb   rtx_lib.o
    0x20008154   COMPRESSED   0x00000044   Data   RW          652    .bss.os.thread.cb   rtx_lib.o
    0x20008198   COMPRESSED   0x00000044   Data   RW         1628    .bss.os.thread.cb   net_config.o
    0x200081dc   COMPRESSED   0x00000044   Data   RW         1629    .bss.os.thread.cb   net_config.o
    0x20008220   COMPRESSED   0x00000200   Data   RW          653    .bss.os.thread.idle.stack  rtx_lib.o
    0x20008420   COMPRESSED   0x00000200   Data   RW          654    .bss.os.thread.timer.stack  rtx_lib.o
    0x20008620   COMPRESSED   0x00000020   Data   RW         1630    .bss.os.timer.cb    net_config.o
    0x20008640   COMPRESSED   0x00000004   Data   RW            5    .data               main.o
    0x20008644   COMPRESSED   0x0000004a   Data   RW          170    .data               http_server.o
    0x2000868e   COMPRESSED   0x00000001   Data   RW          171    .data               http_server.o
    0x2000868f   COMPRESSED   0x00000001   PAD
    0x20008690   COMPRESSED   0x00000208   Data   RW          276    .data               lcd.o
    0x20008898   COMPRESSED   0x00000008   Data   RW          322    .data               http_server_cgi.o
    0x200088a0   COMPRESSED   0x00000008   Data   RW          380    .data               rtc.o
    0x200088a8   COMPRESSED   0x0000000c   Data   RW          434    .data               sleep.o
    0x200088b4   COMPRESSED   0x0000000c   Data   RW         1138    .data               stm32f4xx_hal.o
    0x200088c0   COMPRESSED   0x00000004   Data   RW         1590    .data               system_stm32f4xx.o
    0x200088c4   COMPRESSED   0x00000004   Data   RW         1663    .data               net_config.o
    0x200088c8   COMPRESSED   0x00000006   Data   RW         1664    .data               net_config.o
    0x200088ce   COMPRESSED   0x00000004   Data   RW         1665    .data               net_config.o
    0x200088d2   COMPRESSED   0x00000002   PAD
    0x200088d4   COMPRESSED   0x00000004   Data   RW         1868    .data               Net_Dbg_CM3_L.lib(net_loopback.o)
    0x200088d8   COMPRESSED   0x00000001   Data   RW         1883    .data               Net_Dbg_CM3_L.lib(net_icmp.o)
    0x200088d9   COMPRESSED   0x00000001   PAD
    0x200088da   COMPRESSED   0x00000002   Data   RW         1925    .data               Net_Dbg_CM3_L.lib(net_udp.o)
    0x200088dc   COMPRESSED   0x00000004   Data   RW         2016    .data               Net_Dbg_CM3_L.lib(net_tcp.o)
    0x200088e0   COMPRESSED   0x00000002   Data   RW         2101    .data               Net_Dbg_CM3_L.lib(net_dhcp_client.o)
    0x200088e2   COMPRESSED   0x00000001   Data   RW         2128    .data               Net_Dbg_CM3_L.lib(net_nbns_client.o)
    0x200088e3   COMPRESSED   0x00000001   PAD
    0x200088e4   COMPRESSED   0x0000000c   Data   RW         2197    .data               Net_Dbg_CM3_L.lib(net_http_server.o)
    0x200088f0   COMPRESSED   0x00000008   Data   RW         2548    .data               Net_Dbg_CM3_L.lib(net_ip4.o)
    0x200088f8   COMPRESSED   0x00000004   Data   RW         2584    .data               Net_Dbg_CM3_L.lib(net_ip6.o)
    0x200088fc   COMPRESSED   0x000000a4   Data   RW          601    .data.os            rtx_kernel.o
    0x200089a0        -       0x00000100   Zero   RW          166    .bss                http_server.o
    0x20008aa0        -       0x00000400   Zero   RW          167    .bss                http_server.o
    0x20008ea0        -       0x00000014   Zero   RW          248    .bss                leds.o
    0x20008eb4        -       0x00000054   Zero   RW          274    .bss                lcd.o
    0x20008f08        -       0x00000038   Zero   RW          320    .bss                http_server_cgi.o
    0x20008f40        -       0x0000007a   Zero   RW          378    .bss                rtc.o
    0x20008fba   COMPRESSED   0x00000002   PAD
    0x20008fbc        -       0x0000000c   Zero   RW          994    .bss                phy_lan8742a.o
    0x20008fc8        -       0x000024cc   Zero   RW         1022    .bss                emac_stm32f4xx.o
    0x2000b494        -       0x00000010   Zero   RW         1064    .bss                spi_stm32f4xx.o
    0x2000b4a4        -       0x0000001c   Zero   RW         1065    .bss                spi_stm32f4xx.o
    0x2000b4c0        -       0x00000400   Zero   RW         1617    .bss                net_config.o
    0x2000b8c0        -       0x00000400   Zero   RW         1618    .bss                net_config.o
    0x2000bcc0        -       0x00002ee0   Zero   RW         1619    .bss                net_config.o
    0x2000eba0        -       0x000000c8   Zero   RW         1620    .bss                net_config.o
    0x2000ec68        -       0x00000018   Zero   RW         1621    .bss                net_config.o
    0x2000ec80        -       0x00000050   Zero   RW         1622    .bss                net_config.o
    0x2000ecd0        -       0x00000228   Zero   RW         1623    .bss                net_config.o
    0x2000eef8        -       0x00000150   Zero   RW         1624    .bss                net_config.o
    0x2000f048        -       0x000000a0   Zero   RW         1763    .bss                Net_Dbg_CM3_L.lib(net_eth.o)
    0x2000f0e8        -       0x00000018   Zero   RW         1823    .bss                Net_Dbg_CM3_L.lib(net_arp.o)
    0x2000f100        -       0x0000001c   Zero   RW         1924    .bss                Net_Dbg_CM3_L.lib(net_udp.o)
    0x2000f11c        -       0x00000028   Zero   RW         2097    .bss                Net_Dbg_CM3_L.lib(net_dhcp_client.o)
    0x2000f144        -       0x00000098   Zero   RW         2195    .bss                Net_Dbg_CM3_L.lib(net_http_server.o)
    0x2000f1dc        -       0x0000002c   Zero   RW         2307    .bss                Net_Dbg_CM3_L.lib(net_sntp_client_core.o)
    0x2000f208        -       0x0000002c   Zero   RW         2330    .bss                Net_Dbg_CM3_L.lib(net_ping_core.o)
    0x2000f234        -       0x00000038   Zero   RW         2365    .bss                Net_Dbg_CM3_L.lib(net_sys.o)
    0x2000f26c        -       0x00000024   Zero   RW         2366    .bss                Net_Dbg_CM3_L.lib(net_sys.o)
    0x2000f290        -       0x0000005c   Zero   RW         2423    .bss                Net_Dbg_CM3_L.lib(net_addr.o)
    0x2000f2ec        -       0x00000014   Zero   RW         2638    .bss                Net_Dbg_CM3_L.lib(net_mem.o)
    0x2000f300        -       0x0000002c   Zero   RW         2745    .bss                mc_w.l(localtime.o)
    0x2000f32c   COMPRESSED   0x00000004   PAD
    0x2000f330        -       0x00000400   Zero   RW         1577    STACK               startup_stm32f429xx.o


==============================================================================

Image component sizes


      Code (inc. data)   RO Data    RW Data    ZI Data      Debug   Object Name

       288         20          0          0          0       2189   adc.o
      2536        156        148          0       9420      47726   emac_stm32f4xx.o
      1452         40         24          0       1188      17504   eventrecorder.o
       952        100         52         75       1280      13969   http_server.o
      2056        374        218          8         56       4719   http_server_cgi.o
       148          8          0          0          0        648   irq_armv7m.o
       864         36       3875        520         84       8997   lcd.o
       200         14          0          0         20       1808   leds.o
       272         28          0          4          0     799331   main.o
       364         24        822        254      15240      32492   net_config.o
       338          0          0          0          0        854   net_debug.o
       196         12          0          1          0       1996   os_systick.o
       428         10         36          0         12       7002   phy_lan8742a.o
       532         60          0          8        122       3324   rtc.o
         4          0          0          0          0        599   rtx_config.o
       260         14          0          0          0      17978   rtx_delay.o
      2404         88          0          0          0      45386   rtx_evr.o
      1752         98         11        164          0      28156   rtx_kernel.o
         0          0        268      34124          0       9294   rtx_lib.o
       292          0          0          0          0       3863   rtx_memory.o
      1984         48          0          0          0      15268   rtx_mempool.o
      2820         58          0          0          0      23800   rtx_msgqueue.o
      1368         30          0          0          0      10206   rtx_mutex.o
      1432         34          0          0          0      12004   rtx_semaphore.o
       668         18          0          0          0       8585   rtx_system.o
      4828        124          0          0          0      33343   rtx_thread.o
      1152         34          0          0          0      10309   rtx_timer.o
       496         44          0         12          0       6022   sleep.o
      3164         98        128          0         44      44991   spi_stm32f4xx.o
        36          8        428          0       1024        836   startup_stm32f429xx.o
       456         38          0         12          0      11495   stm32f4xx_hal.o
      2744         92          0          0          0       8875   stm32f4xx_hal_adc.o
      1828         42          0          0          0       6582   stm32f4xx_hal_adc_ex.o
       664         10          0          0          0      36186   stm32f4xx_hal_cortex.o
      1816         28          8          0          0       7689   stm32f4xx_hal_dma.o
       868         54          0          0          0       4039   stm32f4xx_hal_gpio.o
       376         20          0          0          0       3667   stm32f4xx_hal_pwr.o
      1888         66          0          0          0       6191   stm32f4xx_hal_rcc.o
      1508         80          0          0          0       4745   stm32f4xx_hal_rcc_ex.o
      2416         24          0          0          0       8757   stm32f4xx_hal_rtc.o
      2828         22          0          0          0      13741   stm32f4xx_hal_rtc_ex.o
      9170        166          0          0          0      37684   stm32f4xx_hal_tim.o
      2992         62          0          0          0      13712   stm32f4xx_hal_tim_ex.o
        70          0          0          0          0       1315   stm32f4xx_it.o
       148         20         24          4          0       1801   system_stm32f4xx.o
       120         10      29041          0          0       1732   web.o

    ----------------------------------------------------------------------
     63182       2312      35144      35192      28492    1381410   Object Totals
         0          0         48          0          0          0   (incl. Generated)
         4          0         13          6          2          0   (incl. Padding)

    ----------------------------------------------------------------------

      Code (inc. data)   RO Data    RW Data    ZI Data      Debug   Library Member Name

      1458         18         22          0         92       1624   net_addr.o
      2892        144          0          0         24       1616   net_arp.o
       120          6        144          0          0         84   net_base64.o
       622         10         16          0          0       1340   net_common.o
      3766        164          0          2         40        888   net_dhcp_client.o
      3664        138          0          0        160       1600   net_eth.o
      6834       1268        250         12        152       2852   net_http_server.o
       266         66         24          0          0        368   net_http_server_auth.o
         0          0        539          0          0          0   net_http_server_err.o
       640         48          0          1          0        236   net_icmp.o
       812         60          0          0          0        332   net_icmp6.o
      1188         82          4          8          0        956   net_ip4.o
       848         72         32          4          0        644   net_ip6.o
       348         28         56          4          0        256   net_loopback.o
       592         64          0          0         20        564   net_mem.o
       520         44          8          1          0        188   net_nbns_client.o
      3058        106          0          0          0       1404   net_ndp.o
       188         32         18          0         44        220   net_ping_core.o
       872         70          0          0         44        584   net_sntp_client_core.o
       834         84          0          0         92       1012   net_sys.o
      6566        282          0          4          0       2728   net_tcp.o
      1440         86          0          2         28        840   net_udp.o
         0          0          4          0          0          0   net_version.o
        86          0          0          0          0          0   __dczerorl2.o
         0          0          0          0          0          0   entry.o
         0          0          0          0          0          0   entry10a.o
         0          0          0          0          0          0   entry11a.o
         4          0          0          0          0          0   entry12b.o
         8          4          0          0          0          0   entry2.o
         4          0          0          0          0          0   entry5.o
         0          0          0          0          0          0   entry7b.o
         0          0          0          0          0          0   entry8b.o
         8          4          0          0          0          0   entry9a.o
        30          0          0          0          0          0   handlers.o
        36          8          0          0          0         68   init.o
         0          0          0          0          0          0   iusefp.o
        30          0          0          0          0         68   llshl.o
        36          0          0          0          0         68   llsshr.o
        32          0          0          0          0         68   llushr.o
       148         10         12          0         44         76   localtime.o
        26          0          0          0          0         80   memcmp.o
        36          0          0          0          0         68   memcpya.o
        36          0          0          0          0        108   memseta.o
      2236         86          0          0          0        532   printfa.o
        28          0          0          0          0         76   strcmp.o
        18          0          0          0          0         68   strcpy.o
        14          0          0          0          0         68   strlen.o
        30          0          0          0          0         80   strncmp.o
        44          0          0          0          0         80   uidiv.o
        98          0          0          0          0         92   uldiv.o
        48          0          0          0          0         68   cdrcmple.o
       334          0          0          0          0        148   dadd.o
       222          0          0          0          0        100   ddiv.o
       186          0          0          0          0        176   depilogue.o
        48          0          0          0          0         68   dfixul.o
       228          0          0          0          0         96   dmul.o
        46          0          0          0          0         80   dscalb.o
        38          0          0          0          0         68   f2d.o
       110          0          0          0          0        168   fepilogue.o
        10          0          0          0          0         68   ffltui.o
       100          0          0          0          0         76   fmul.o
        24          0          0          0          0         68   fscalb.o

    ----------------------------------------------------------------------
     41958       2984       1132         40        744      23120   Library Totals
        48          0          3          2          4          0   (incl. Padding)

    ----------------------------------------------------------------------

      Code (inc. data)   RO Data    RW Data    ZI Data      Debug   Library Name

     37528       2872       1117         38        696      20336   Net_Dbg_CM3_L.lib
      2988        112         12          0         44       1600   mc_w.l
      1394          0          0          0          0       1184   mf_w.l

    ----------------------------------------------------------------------
     41958       2984       1132         40        744      23120   Library Totals

    ----------------------------------------------------------------------

==============================================================================


      Code (inc. data)   RO Data    RW Data    ZI Data      Debug   

    105140       5296      36276      35232      29236    1386042   Grand Totals
    105140       5296      36276        324      29236    1386042   ELF Image Totals (compressed)
    105140       5296      36276        324          0          0   ROM Totals

==============================================================================

    Total RO  Size (Code + RO Data)               141416 ( 138.10kB)
    Total RW  Size (RW Data + ZI Data)             64468 (  62.96kB)
    Total ROM Size (Code + RO Data + RW Data)     141740 ( 138.42kB)

==============================================================================

