<html>
<body>
<pre>
<h1>µVision Build Log</h1>
<h2>Tool Versions:</h2>
IDE-Version: µVision V5.34.0.0
Copyright (C) 2021 ARM Ltd and ARM Germany GmbH. All rights reserved.
License Information: Sergio Diaz UPM Flex license: MDK Professional 5.34 (Flex) (mdk_pro) Operation stops: 8 Mar 2024
 
Tool Versions:
Toolchain:       MDK Professional 5.34 (Flex)  Version: 5.34.0.0
Toolchain Path:  C:\Keil_v5\ARM\ARMCC\Bin
C Compiler:      Armcc.exe V5.06 update 7 (build 960)
Assembler:       Armasm.exe V5.06 update 7 (build 960)
Linker/Locator:  ArmLink.exe V5.06 update 7 (build 960)
Library Manager: ArmAr.exe V5.06 update 7 (build 960)
Hex Converter:   FromElf.exe V5.06 update 7 (build 960)
CPU DLL:         SARMCM3.DLL V5.34.0.0
Dialog DLL:      DCM.DLL V1.17.3.0
Target DLL:      STLink\ST-LINKIII-KEIL_SWO.dll V3.0.8.0
Dialog DLL:      TCM.DLL V1.48.0.0
 
<h2>Project:</h2>
C:\Users\prestamo\Desktop\ISE2023_X020304_DiazSergio\P2\E4\HTTP_Server\HTTP_Server.uvprojx
Project File Date:  03/09/2023

<h2>Output:</h2>
*** Using Compiler 'V5.06 update 7 (build 960)', folder: 'C:\Keil_v5\ARM\ARMCC\Bin'
Build target 'Debug'

FCARM uses the following Files via command file '.\Auto_FcArm_Cmd.inp':
index.htm,
pg_header.inc,
pg_footer.inc,
ad.cgi,
ad.cgx,
buttons.cgi,
buttons.cgx,
language.cgi,
lcd.cgi,
leds.cgi,
network.cgi,
system.cgi,
tcp.cgi,
xml_http.js,
home.png,
keil.gif,
logo.gif,
llblue.jpg,
pabb.gif,
time.cgi 
TO Web.c RTE NOPRINT ROOT(Web)
custom translating @.\Auto_FcArm_Cmd.inp...
Custom: C:\Keil_v5\ARM\Bin\FCARM.exe @.\Auto_FcArm_Cmd.inp
FCARM FILE CONVERTER V2.58
Completed 20 File(s), Ratio 87%
compiling Web.c...
compiling HTTP_Server.c...
HTTP_Server.c(281): warning:  #1-D: last line of file ends without a newline
  }
HTTP_Server.c: 1 warning, 0 errors
linking...
Program Size: Code=100712 RO-data=34224 RW-data=35216 ZI-data=29196  
".\Debug\HTTP_Server.axf" - 0 Error(s), 1 Warning(s).

<h2>Software Packages used:</h2>

Package Vendor: ARM
                http://www.keil.com/pack/ARM.CMSIS.5.8.0.pack
                ARM.CMSIS.5.8.0
                CMSIS (Common Microcontroller Software Interface Standard)
   * Component: Ethernet MAC Version: 2.2.0
   * Component: Ethernet PHY Version: 2.2.0
   * Component: SPI Version: 2.3.0
   * Component: RTOS2 Version: 2.1.3
   * Component: CORE Version: 5.5.0
   * Component: Keil RTX5 Variant: Source Version: 5.5.3

Package Vendor: ARM
                http://www.keil.com/pack/ARM.CMSIS-Driver.2.6.1.pack
                ARM.CMSIS-Driver.2.6.1
                CMSIS Drivers for external devices
   * Component: LAN8742A Version: 1.3.0

Package Vendor: Keil
                http://www.keil.com/pack/Keil.ARM_Compiler.1.6.3.pack
                Keil.ARM_Compiler.1.6.3
                Keil ARM Compiler extensions for ARM Compiler 5 and ARM Compiler 6
   * Component: Event Recorder Variant: DAP Version: 1.4.0

Package Vendor: Keil
                http://www.keil.com/pack/Keil.MDK-Middleware.7.13.0.pack
                Keil.MDK-Middleware.7.13.0
                Middleware for Keil MDK-Professional and MDK-Plus
   * Component: CORE Variant: IPv4/IPv6 Debug Version: 7.15.0
   * Component: ETH Version: 7.15.0
   * Component: SNTP Client Version: 7.15.0
   * Component: Web Server Compact Variant: HTTP Version: 7.15.0
   * Component: TCP Version: 7.15.0
   * Component: UDP Version: 7.15.0

Package Vendor: Keil
                http://www.keil.com/pack/Keil.STM32F4xx_DFP.2.15.0.pack
                Keil.STM32F4xx_DFP.2.15.0
                STMicroelectronics STM32F4 Series Device Support, Drivers and Examples
   * Component: STM32Cube Framework Version: 1.0.0
   * Component: Ethernet MAC Version: 2.9
   * Component: SPI Version: 2.15
   * Component: Classic Version: 1.7.9
   * Component: ADC Version: 1.7.9
   * Component: Common Version: 1.7.9
   * Component: Cortex Version: 1.7.9
   * Component: DMA Version: 1.7.9
   * Component: GPIO Version: 1.7.9
   * Component: PWR Version: 1.7.9
   * Component: RCC Version: 1.7.9
   * Component: RTC Version: 1.7.9
   * Component: SPI Version: 1.7.9
   * Component: SRAM Version: 1.7.9
   * Component: TIM Version: 1.7.9
   * Component: Startup Version: 2.6.3

<h2>Collection of Component include folders:</h2>
  .\RTE\CMSIS
  .\RTE\Compiler
  .\RTE\Device\STM32F429ZITx
  .\RTE\Network
  .\RTE\_Debug
  C:\Users\prestamo\AppData\Local\Arm\Packs\ARM\CMSIS\5.8.0\CMSIS\Core\Include
  C:\Users\prestamo\AppData\Local\Arm\Packs\ARM\CMSIS\5.8.0\CMSIS\Driver\Include
  C:\Users\prestamo\AppData\Local\Arm\Packs\ARM\CMSIS\5.8.0\CMSIS\RTOS2\Include
  C:\Users\prestamo\AppData\Local\Arm\Packs\ARM\CMSIS\5.8.0\CMSIS\RTOS2\RTX\Include
  C:\Users\prestamo\AppData\Local\Arm\Packs\Keil\ARM_Compiler\1.6.3\Include
  C:\Users\prestamo\AppData\Local\Arm\Packs\Keil\MDK-Middleware\7.13.0\Network\Include
  C:\Users\prestamo\AppData\Local\Arm\Packs\Keil\STM32F4xx_DFP\2.15.0\Drivers\CMSIS\Device\ST\STM32F4xx\Include
  C:\Users\prestamo\AppData\Local\Arm\Packs\Keil\STM32F4xx_DFP\2.15.0\Drivers\STM32F4xx_HAL_Driver\Inc

<h2>Collection of Component Files used:</h2>

   * Component: ::CMSIS Driver:Ethernet MAC:2.2.0 (API)
      Include file:  CMSIS\Driver\Include\Driver_ETH_MAC.h

   * Component: ::CMSIS Driver:Ethernet PHY:2.2.0 (API)
      Include file:  CMSIS\Driver\Include\Driver_ETH_PHY.h

   * Component: ::CMSIS Driver:SPI:2.3.0 (API)
      Include file:  CMSIS\Driver\Include\Driver_SPI.h

   * Component: ::CMSIS:RTOS2:2.1.3 (API)
      Include file:  CMSIS\RTOS2\Include\cmsis_os2.h

   * Component: ::Device:STM32Cube Framework:1.0.0 (API)

   * Component: ARM::CMSIS:CORE:5.5.0

   * Component: ARM::CMSIS:RTOS2:Keil RTX5:Source:5.5.3
      Source file:   CMSIS\RTOS2\RTX\Template\Events.c
      Source file:   CMSIS\RTOS2\RTX\Template\MsgQueue.c
      Source file:   CMSIS\RTOS2\RTX\Source\rtx_mutex.c
      Source file:   CMSIS\RTOS2\RTX\Template\svc_user.c
      Source file:   CMSIS\RTOS2\RTX\Source\rtx_evflags.c
      Source file:   CMSIS\RTOS2\RTX\Source\rtx_memory.c
      Include file:  CMSIS\RTOS2\RTX\Include\rtx_os.h
      Source file:   CMSIS\RTOS2\RTX\Template\Mutex.c
      Source file:   CMSIS\RTOS2\RTX\Source\rtx_msgqueue.c
      Source file:   CMSIS\RTOS2\RTX\Template\main.c
      Source file:   CMSIS\RTOS2\RTX\Template\Thread.c
      Source file:   CMSIS\RTOS2\RTX\Template\Timer.c
      Source file:   CMSIS\RTOS2\RTX\Source\rtx_kernel.c
      Source file:   CMSIS\RTOS2\RTX\Source\rtx_thread.c
      Source file:   CMSIS\RTOS2\RTX\Source\rtx_timer.c
      Include file:  CMSIS\RTOS2\RTX\Config\RTX_Config.h
      Source file:   CMSIS\RTOS2\RTX\Source\rtx_delay.c
      Source file:   CMSIS\RTOS2\RTX\Source\rtx_system.c
      Source file:   CMSIS\RTOS2\RTX\Source\rtx_lib.c
      Source file:   CMSIS\RTOS2\RTX\Config\RTX_Config.c
      Source file:   CMSIS\RTOS2\RTX\Template\Semaphore.c
      Source file:   CMSIS\RTOS2\RTX\Source\rtx_semaphore.c
      Source file:   CMSIS\RTOS2\RTX\Template\MemPool.c
      Source file:   CMSIS\RTOS2\RTX\Source\rtx_mempool.c
      Source file:   CMSIS\RTOS2\RTX\Source\rtx_evr.c
      Source file:   CMSIS\RTOS2\RTX\Source\ARM\irq_armv7m.s
      Source file:   CMSIS\RTOS2\Source\os_systick.c

   * Component: Keil.ARM Compiler::Compiler:Event Recorder:DAP:1.4.0
      Include file:  Include\EventRecorder.h
      Source file:   Source\EventRecorder.c
      Include file:  Config\EventRecorderConf.h

   * Component: Keil.MDK-Pro::Network:CORE:IPv4/IPv6 Debug:7.15.0
      Source file:   Network\Config\Net_Debug.c
      Library file:  Network\Lib\ARM\Net_Dbg_CM3_L.lib
      Include file:  Network\Include\rl_net.h
      Source file:   Network\Config\Net_Config.c

   * Component: Keil.MDK-Pro::Network:Interface:ETH:7.15.0
      Include file:  Network\Config\Net_Config_ETH.h

   * Component: Keil.MDK-Pro::Network:Service:SNTP Client:7.15.0
      Include file:  Network\Config\Net_Config_SNTP_Client.h

   * Component: Keil.MDK-Pro::Network:Service:Web Server Compact:HTTP:7.15.0
      Source file:   Network\Template\HTTP_Server_Access.c
      Source file:   Network\Template\HTTP_Server_Multiuser.c
      Source file:   Network\Template\HTTP_Server_Error.c
      Source file:   Network\Template\HTTP_Server_CGI.c
      Include file:  Network\Config\Net_Config_HTTP_Server.h

   * Component: Keil.MDK-Pro::Network:Socket:TCP:7.15.0
      Source file:   Network\Template\TCP_Socket_Client.c
      Source file:   Network\Template\TCP_Socket_Server.c
      Include file:  Network\Config\Net_Config_TCP.h

   * Component: Keil.MDK-Pro::Network:Socket:UDP:7.15.0
      Include file:  Network\Config\Net_Config_UDP.h
      Source file:   Network\Template\UDP_Socket.c

   * Component: Keil::CMSIS Driver:Ethernet MAC:2.9
      Source file:   CMSIS\Driver\EMAC_STM32F4xx.c

   * Component: Keil::CMSIS Driver:Ethernet PHY:LAN8742A:1.3.0
      Source file:   ETH\PHY_LAN8742A.c

   * Component: Keil::CMSIS Driver:SPI:2.15
      Source file:   CMSIS\Driver\SPI_STM32F4xx.c

   * Component: Keil::Device:STM32Cube Framework:Classic:1.7.9
      Source file:   MDK\Templates\Src\main.c
      Include file:  MDK\Templates\Inc\stm32f4xx_hal_conf.h
      Include file:  MDK\Templates\Inc\main.h
      Source file:   MDK\Templates\Src\stm32f4xx_it.c
      Include file:  MDK\Templates_LL\Inc\main.h
      Source file:   MDK\Templates_LL\Src\main.c
      Include file:  CMSIS\Driver\Config\RTE_Device.h
      Source file:   MDK\Templates\Src\stm32f4xx_hal_msp.c
      Include file:  MDK\Templates\Inc\stm32f4xx_it.h

   * Component: Keil::Device:STM32Cube HAL:ADC:1.7.9
      Source file:   Drivers\STM32F4xx_HAL_Driver\Src\stm32f4xx_hal_adc.c
      Source file:   Drivers\STM32F4xx_HAL_Driver\Src\stm32f4xx_hal_adc_ex.c

   * Component: Keil::Device:STM32Cube HAL:Common:1.7.9
      Include file:  Drivers\STM32F4xx_HAL_Driver\Inc\stm32f4xx_hal.h
      Source file:   Drivers\STM32F4xx_HAL_Driver\Src\stm32f4xx_hal.c

   * Component: Keil::Device:STM32Cube HAL:Cortex:1.7.9
      Source file:   Drivers\STM32F4xx_HAL_Driver\Src\stm32f4xx_hal_cortex.c

   * Component: Keil::Device:STM32Cube HAL:DMA:1.7.9
      Source file:   Drivers\STM32F4xx_HAL_Driver\Src\stm32f4xx_hal_dma.c
      Source file:   Drivers\STM32F4xx_HAL_Driver\Src\stm32f4xx_hal_dma_ex.c

   * Component: Keil::Device:STM32Cube HAL:GPIO:1.7.9
      Source file:   Drivers\STM32F4xx_HAL_Driver\Src\stm32f4xx_hal_gpio.c

   * Component: Keil::Device:STM32Cube HAL:PWR:1.7.9
      Source file:   Drivers\STM32F4xx_HAL_Driver\Src\stm32f4xx_hal_pwr_ex.c
      Source file:   Drivers\STM32F4xx_HAL_Driver\Src\stm32f4xx_hal_pwr.c

   * Component: Keil::Device:STM32Cube HAL:RCC:1.7.9
      Source file:   Drivers\STM32F4xx_HAL_Driver\Src\stm32f4xx_hal_rcc.c
      Source file:   Drivers\STM32F4xx_HAL_Driver\Src\stm32f4xx_hal_rcc_ex.c

   * Component: Keil::Device:STM32Cube HAL:RTC:1.7.9
      Source file:   Drivers\STM32F4xx_HAL_Driver\Src\stm32f4xx_hal_rtc.c
      Source file:   Drivers\STM32F4xx_HAL_Driver\Src\stm32f4xx_hal_rtc_ex.c

   * Component: Keil::Device:STM32Cube HAL:SPI:1.7.9
      Source file:   Drivers\STM32F4xx_HAL_Driver\Src\stm32f4xx_hal_spi.c

   * Component: Keil::Device:STM32Cube HAL:SRAM:1.7.9
      Source file:   Drivers\STM32F4xx_HAL_Driver\Src\stm32f4xx_ll_fmc.c
      Source file:   Drivers\STM32F4xx_HAL_Driver\Src\stm32f4xx_hal_sram.c

   * Component: Keil::Device:STM32Cube HAL:TIM:1.7.9
      Source file:   Drivers\STM32F4xx_HAL_Driver\Src\stm32f4xx_hal_tim.c
      Source file:   Drivers\STM32F4xx_HAL_Driver\Src\stm32f4xx_hal_tim_ex.c

   * Component: Keil::Device:Startup:2.6.3
      Source file:   MDK\Device\Source\ARM\STM32F42xxx_43xxx_OPT.s
      Source file:   MDK\Device\Source\ARM\STM32F4xx_OTP.s
      Include file:  Drivers\CMSIS\Device\ST\STM32F4xx\Include\stm32f4xx.h
      Source file:   Drivers\CMSIS\Device\ST\STM32F4xx\Source\Templates\arm\startup_stm32f429xx.s
      Source file:   Drivers\CMSIS\Device\ST\STM32F4xx\Source\Templates\system_stm32f4xx.c
Build Time Elapsed:  00:00:02
</pre>
</body>
</html>
