Component: ARM Compiler 5.06 update 7 (build 960) Tool: armlink [4d3601]

==============================================================================

Section Cross References

    main.o(.text) refers to rtx_kernel.o(.text) for osKernelGetState
    main.o(.text) refers to stm32f4xx_hal_rcc.o(.text) for HAL_RCC_OscConfig
    main.o(.text) refers to stm32f4xx_hal.o(.text) for HAL_GetREVID
    main.o(.text) refers to system_stm32f4xx.o(.text) for SystemCoreClockUpdate
    main.o(.text) refers to rtx_thread.o(.text) for osThreadNew
    main.o(.text) refers to system_stm32f4xx.o(.data) for SystemCoreClock
    main.o(.text) refers to main.o(.data) for .data
    main.o(.text) refers to http_server.o(.constdata) for app_main_attr
    main.o(.text) refers to http_server.o(.text) for app_main
    http_server.o(.text) refers to stm32f4xx_hal_gpio.o(.text) for HAL_GPIO_Init
    http_server.o(.text) refers to stm32f4xx_hal_cortex.o(.text) for HAL_NVIC_EnableIRQ
    http_server.o(.text) refers to rtx_delay.o(.text) for osDelay
    http_server.o(.text) refers to adc.o(.text) for ADC_getValue
    http_server.o(.text) refers to lcd.o(.text) for LCD_reset
    http_server.o(.text) refers to rtx_thread.o(.text) for osThreadFlagsWait
    http_server.o(.text) refers to printfa.o(i.__0sprintf) for __2sprintf
    http_server.o(.text) refers to leds.o(.text) for LED_Toggle
    http_server.o(.text) refers to localtime.o(.text) for localtime
    http_server.o(.text) refers to memcpya.o(.text) for __aeabi_memcpy4
    http_server.o(.text) refers to rtc.o(.text) for RTC_init
    http_server.o(.text) refers to net_sntp_client_core.o(i.netSNTPc_GetTime) for netSNTPc_GetTime
    http_server.o(.text) refers to stm32f4xx_hal_rtc.o(.text) for HAL_RTC_AlarmIRQHandler
    http_server.o(.text) refers to net_sys.o(i.netIF_GetOption) for netIF_GetOption
    http_server.o(.text) refers to net_addr.o(i.netIP_ntoa) for netIP_ntoa
    http_server.o(.text) refers to net_sys.o(i.netInitialize) for netInitialize
    http_server.o(.text) refers to http_server.o(.bss) for .bss
    http_server.o(.text) refers to http_server.o(.data) for .data
    http_server.o(.text) refers to http_server.o(.constdata) for .constdata
    http_server.o(.text) refers to rtc.o(.bss) for hrtc
    http_server.o(.constdata) refers to http_server.o(.bss) for app_main_stk
    web.o(.text) refers to web.o(.constdata) for .constdata
    web.o(.constdata) refers to web.o(.constdata) for imageFileData
    leds.o(.text) refers to stm32f4xx_hal_gpio.o(.text) for HAL_GPIO_Init
    leds.o(.text) refers to leds.o(.bss) for .bss
    lcd.o(.text) refers to stm32f4xx_hal_tim.o(.text) for HAL_TIM_Base_Init
    lcd.o(.text) refers to stm32f4xx_hal_gpio.o(.text) for HAL_GPIO_Init
    lcd.o(.text) refers to lcd.o(.bss) for .bss
    lcd.o(.text) refers to lcd.o(.data) for .data
    lcd.o(.text) refers to lcd.o(.constdata) for .constdata
    lcd.o(.data) refers to spi_stm32f4xx.o(.constdata) for Driver_SPI1
    http_server_cgi.o(.text) refers to net_http_server.o(i.netCGI_GetEnvVar) for netCGI_GetEnvVar
    http_server_cgi.o(.text) refers to net_addr.o(i.netIP_aton) for netIP_aton
    http_server_cgi.o(.text) refers to net_sys.o(i.netIF_SetOption) for netIF_SetOption
    http_server_cgi.o(.text) refers to strcmp.o(.text) for strcmp
    http_server_cgi.o(.text) refers to strncmp.o(.text) for strncmp
    http_server_cgi.o(.text) refers to net_http_server.o(i.netHTTPs_LoginActive) for netHTTPs_LoginActive
    http_server_cgi.o(.text) refers to strcpy.o(.text) for strcpy
    http_server_cgi.o(.text) refers to net_http_server.o(i.netHTTPs_SetPassword) for netHTTPs_SetPassword
    http_server_cgi.o(.text) refers to rtx_thread.o(.text) for osThreadFlagsSet
    http_server_cgi.o(.text) refers to leds.o(.text) for LED_Toggle
    http_server_cgi.o(.text) refers to net_sys.o(i.netIF_GetOption) for netIF_GetOption
    http_server_cgi.o(.text) refers to net_addr.o(i.netIP_ntoa) for netIP_ntoa
    http_server_cgi.o(.text) refers to printfa.o(i.__0sprintf) for __2sprintf
    http_server_cgi.o(.text) refers to net_tcp.o(i.netTCP_GetState) for netTCP_GetState
    http_server_cgi.o(.text) refers to net_tcp.o(i.netTCP_GetPeer) for netTCP_GetPeer
    http_server_cgi.o(.text) refers to net_tcp.o(i.netTCP_GetTimer) for netTCP_GetTimer
    http_server_cgi.o(.text) refers to net_tcp.o(i.netTCP_GetLocalPort) for netTCP_GetLocalPort
    http_server_cgi.o(.text) refers to http_server_cgi.o(.bss) for .bss
    http_server_cgi.o(.text) refers to http_server_cgi.o(.data) for .data
    http_server_cgi.o(.text) refers to http_server.o(.data) for LEDrun
    http_server_cgi.o(.text) refers to http_server_cgi.o(.conststring) for .conststring
    http_server_cgi.o(.text) refers to net_http_server.o(i.netHTTPs_GetPassword) for netHTTPs_GetPassword
    http_server_cgi.o(.text) refers to net_http_server.o(i.netHTTPs_GetLanguage) for netHTTPs_GetLanguage
    http_server_cgi.o(.text) refers to http_server.o(.text) for AD_in
[...]
    netCGI_GetEnvVar                         0x08013ff1   Thumb Code   104  net_http_server.o(i.netCGI_GetEnvVar)
    netCGI_Redirect                          0x0801405d   Thumb Code     4  net_http_server.o(i.netCGI_Redirect)
    netCGX_ContentType                       0x08014061   Thumb Code     4  net_http_server.o(i.netCGX_ContentType)
    netCore_Thread                           0x08014065   Thumb Code    90  net_sys.o(i.netCore_Thread)
    netETH_Notify                            0x080140c9   Thumb Code     2  net_eth.o(i.netETH_Notify)
    netETH_ReceiveRaw                        0x080140cb   Thumb Code     2  net_eth.o(i.netETH_ReceiveRaw)
    netETH_Thread                            0x080140cd   Thumb Code   114  net_eth.o(i.netETH_Thread)
    netHTTPs_AcceptClient                    0x0801413f   Thumb Code     4  net_http_server.o(i.netHTTPs_AcceptClient)
    netHTTPs_CheckAccount                    0x08014143   Thumb Code     4  net_http_server_auth.o(i.netHTTPs_CheckAccount)
    netHTTPs_FileAccess                      0x08014147   Thumb Code     4  net_http_server.o(i.netHTTPs_FileAccess)
    netHTTPs_GetLanguage                     0x0801414d   Thumb Code    24  net_http_server.o(i.netHTTPs_GetLanguage)
    netHTTPs_GetPassword                     0x0801416d   Thumb Code     6  net_http_server.o(i.netHTTPs_GetPassword)
    netHTTPs_LoginActive                     0x08014179   Thumb Code     6  net_http_server.o(i.netHTTPs_LoginActive)
    netHTTPs_SetPassword                     0x08014185   Thumb Code    78  net_http_server.o(i.netHTTPs_SetPassword)
    netIF_GetOption                          0x080141dd   Thumb Code   128  net_sys.o(i.netIF_GetOption)
    netIF_SetOption                          0x08014265   Thumb Code   124  net_sys.o(i.netIF_SetOption)
    netIP_aton                               0x080142e9   Thumb Code    26  net_addr.o(i.netIP_aton)
    netIP_ntoa                               0x08014303   Thumb Code    50  net_addr.o(i.netIP_ntoa)
    netInitialize                            0x08014335   Thumb Code   156  net_sys.o(i.netInitialize)
    netMAC_aton                              0x080143e1   Thumb Code   140  net_addr.o(i.netMAC_aton)
    netSNTPc_GetTime                         0x0801446d   Thumb Code    28  net_sntp_client_core.o(i.netSNTPc_GetTime)
    netTCP_GetLocalPort                      0x08014489   Thumb Code     4  net_tcp.o(i.netTCP_GetLocalPort)
    netTCP_GetPeer                           0x0801448d   Thumb Code    32  net_tcp.o(i.netTCP_GetPeer)
    netTCP_GetState                          0x080144ad   Thumb Code     4  net_tcp.o(i.netTCP_GetState)
    netTCP_GetTimer                          0x080144b1   Thumb Code     4  net_tcp.o(i.netTCP_GetTimer)
    net_addr4_aton                           0x080144b5   Thumb Code   124  net_addr.o(i.net_addr4_aton)
    net_addr4_to_mac                         0x08014531   Thumb Code    30  net_addr.o(i.net_addr4_to_mac)
    net_addr6_aton                           0x08014551   Thumb Code   230  net_addr.o(i.net_addr6_aton)
    net_addr6_comp                           0x08014637   Thumb Code    40  net_addr.o(i.net_addr6_comp)
    net_addr6_copy                           0x0801465f   Thumb Code    18  net_addr.o(i.net_addr6_copy)
    net_addr6_create                         0x08014671   Thumb Code    70  net_addr.o(i.net_addr6_create)
    net_addr6_get_solicited                  0x080146bd   Thumb Code    34  net_addr.o(i.net_addr6_get_solicited)
    net_addr6_is_linklocal                   0x080146e5   Thumb Code    24  net_addr.o(i.net_addr6_is_linklocal)
    net_addr6_is_onlink                      0x080146fd   Thumb Code   110  net_addr.o(i.net_addr6_is_onlink)
    net_addr6_is_solicited                   0x0801476b   Thumb Code    72  net_addr.o(i.net_addr6_is_solicited)
    net_addr6_is_unspec                      0x080147b3   Thumb Code    24  net_addr.o(i.net_addr6_is_unspec)
    net_addr6_to_mac                         0x080147cb   Thumb Code    14  net_addr.o(i.net_addr6_to_mac)
    net_addr_comp                            0x080147d9   Thumb Code    44  net_addr.o(i.net_addr_comp)
    net_addr_copy                            0x08014805   Thumb Code    38  net_addr.o(i.net_addr_copy)
    net_addr_find_route                      0x0801482b   Thumb Code    26  net_addr.o(i.net_addr_find_route)
    net_addr_get_local                       0x08014845   Thumb Code    26  net_addr.o(i.net_addr_get_local)
    net_addr_is_unspec                       0x08014865   Thumb Code    34  net_addr.o(i.net_addr_is_unspec)
    net_arp_cache_add                        0x08014889   Thumb Code   276  net_arp.o(i.net_arp_cache_add)
    net_arp_cache_early                      0x080149a5   Thumb Code   180  net_arp.o(i.net_arp_cache_early)
    net_arp_cache_find                       0x08014a61   Thumb Code   224  net_arp.o(i.net_arp_cache_find)
    net_arp_cache_init                       0x08014b4d   Thumb Code    64  net_arp.o(i.net_arp_cache_init)
    net_arp_cache_run                        0x08014b95   Thumb Code    22  net_arp.o(i.net_arp_cache_run)
    net_arp_enqueue                          0x08014bb1   Thumb Code   114  net_arp.o(i.net_arp_enqueue)
    net_arp_notify                           0x08014c29   Thumb Code    32  net_arp.o(i.net_arp_notify)
    net_arp_probe                            0x08014c49   Thumb Code    18  net_arp.o(i.net_arp_probe)
    net_arp_process                          0x08014c5d   Thumb Code   536  net_arp.o(i.net_arp_process)
    net_atoi                                 0x08014e81   Thumb Code    66  net_common.o(i.net_atoi)
    net_base64_decode                        0x08014ec5   Thumb Code   114  net_base64.o(i.net_base64_decode)
    net_chksum_buf                           0x08014f3d   Thumb Code    48  net_common.o(i.net_chksum_buf)
    net_crc_buf                              0x08014f6d   Thumb Code    30  net_common.o(i.net_crc_buf)
    net_dhcp_client_init                     0x08014f8d   Thumb Code   126  net_dhcp_client.o(i.net_dhcp_client_init)
    net_dhcp_client_run                      0x08015021   Thumb Code    22  net_dhcp_client.o(i.net_dhcp_client_run)
    net_eth_callback                         0x0801503d   Thumb Code    14  net_eth.o(i.net_eth_callback)
    net_eth_config_mcast                     0x0801504b   Thumb Code   104  net_eth.o(i.net_eth_config_mcast)
    net_eth_get_option                       0x080150b3   Thumb Code   234  net_eth.o(i.net_eth_get_option)
    net_eth_iface_init                       0x0801519d   Thumb Code    22  net_eth.o(i.net_eth_iface_init)
    net_eth_iface_run                        0x080151b9   Thumb Code    22  net_eth.o(i.net_eth_iface_run)
    net_eth_output                           0x080151d5   Thumb Code   164  net_eth.o(i.net_eth_output)
    net_eth_send_frame                       0x0801527d   Thumb Code   462  net_eth.o(i.net_eth_send_frame)
    net_eth_set_option                       0x0801545d   Thumb Code   610  net_eth.o(i.net_eth_set_option)
    net_http_server_init                     0x080156cd   Thumb Code   212  net_http_server.o(i.net_http_server_init)
    net_http_server_run                      0x080157b5   Thumb Code    30  net_http_server.o(i.net_http_server_run)
    net_icmp6_init                           0x080157dd   Thumb Code    20  net_icmp6.o(i.net_icmp6_init)
    net_icmp6_process                        0x080157f5   Thumb Code   542  net_icmp6.o(i.net_icmp6_process)
    net_icmp6_send                           0x08015a2d   Thumb Code   122  net_icmp6.o(i.net_icmp6_send)
    net_icmp6_send_echo                      0x08015ab1   Thumb Code    78  net_icmp6.o(i.net_icmp6_send_echo)
    net_icmp_init                            0x08015b09   Thumb Code    20  net_icmp.o(i.net_icmp_init)
    net_icmp_process                         0x08015b21   Thumb Code   430  net_icmp.o(i.net_icmp_process)
    net_icmp_send_echo                       0x08015ce9   Thumb Code   142  net_icmp.o(i.net_icmp_send_echo)
    net_if_map_all                           0x08015d89   Thumb Code     6  net_sys.o(i.net_if_map_all)
    net_ip4_chk_frame                        0x08015d95   Thumb Code   372  net_ip4.o(i.net_ip4_chk_frame)
    net_ip4_chksum                           0x08015f21   Thumb Code    44  net_ip4.o(i.net_ip4_chksum)
    net_ip4_chksum_buf                       0x08015f4d   Thumb Code     6  net_ip4.o(i.net_ip4_chksum_buf)
    net_ip4_find_route                       0x08015f55   Thumb Code   104  net_ip4.o(i.net_ip4_find_route)
    net_ip4_get_local                        0x08015fd5   Thumb Code    40  net_ip4.o(i.net_ip4_get_local)
    net_ip4_init                             0x08016001   Thumb Code    22  net_ip4.o(i.net_ip4_init)
    net_ip4_is_onlink                        0x08016025   Thumb Code    32  net_ip4.o(i.net_ip4_is_onlink)
    net_ip4_is_subcast                       0x08016045   Thumb Code    38  net_ip4.o(i.net_ip4_is_subcast)
    net_ip4_reass_frame                      0x0801606b   Thumb Code    14  net_ip4.o(i.net_ip4_reass_frame)
    net_ip4_send_frame                       0x08016079   Thumb Code   340  net_ip4.o(i.net_ip4_send_frame)
    net_ip4_tx_offl_hl                       0x080161dd   Thumb Code    42  net_ip4.o(i.net_ip4_tx_offl_hl)
    net_ip6_chk_frame                        0x08016209   Thumb Code   236  net_ip6.o(i.net_ip6_chk_frame)
    net_ip6_chksum                           0x08016309   Thumb Code    50  net_ip6.o(i.net_ip6_chksum)
    net_ip6_collect_mcast                    0x0801633d   Thumb Code   118  net_ip6.o(i.net_ip6_collect_mcast)
    net_ip6_find_route                       0x080163b9   Thumb Code    56  net_ip6.o(i.net_ip6_find_route)
    net_ip6_get_local                        0x08016401   Thumb Code    74  net_ip6.o(i.net_ip6_get_local)
    net_ip6_init                             0x08016455   Thumb Code    20  net_ip6.o(i.net_ip6_init)
    net_ip6_send_frame                       0x08016471   Thumb Code   192  net_ip6.o(i.net_ip6_send_frame)
    net_ip6_tx_offl_hl                       0x0801653d   Thumb Code    30  net_ip6.o(i.net_ip6_tx_offl_hl)
    net_itoa                                 0x0801655b   Thumb Code     8  net_common.o(i.net_itoa)
    net_itoa_n0                              0x08016563   Thumb Code     6  net_common.o(i.net_itoa_n0)
    net_loop_iface_init                      0x08016569   Thumb Code    40  net_loopback.o(i.net_loop_iface_init)
    net_loop_iface_run                       0x08016599   Thumb Code   176  net_loopback.o(i.net_loop_iface_run)
    net_loop_send_frame                      0x08016655   Thumb Code   104  net_loopback.o(i.net_loop_send_frame)
    net_mem_alloc                            0x080166c5   Thumb Code   178  net_mem.o(i.net_mem_alloc)
    net_mem_avail                            0x08016785   Thumb Code    22  net_mem.o(i.net_mem_avail)
    net_mem_free                             0x080167a1   Thumb Code   152  net_mem.o(i.net_mem_free)
    net_mem_init                             0x08016845   Thumb Code    98  net_mem.o(i.net_mem_init)
    net_mem_shrink                           0x080168b5   Thumb Code    62  net_mem.o(i.net_mem_shrink)
    net_nbns_client_init                     0x080168fd   Thumb Code    82  net_nbns_client.o(i.net_nbns_client_init)
    net_ndp_cache_find                       0x08016961   Thumb Code   438  net_ndp.o(i.net_ndp_cache_find)
    net_ndp_cache_refresh                    0x08016b25   Thumb Code   112  net_ndp.o(i.net_ndp_cache_refresh)
    net_ndp_enqueue                          0x08016b9d   Thumb Code   108  net_ndp.o(i.net_ndp_enqueue)
    net_ndp_process                          0x08016c0d   Thumb Code   872  net_ndp.o(i.net_ndp_process)
    net_path                                 0x08016f81   Thumb Code    52  net_sys.o(i.net_path)
    net_ping_client_init                     0x08016fb9   Thumb Code    22  net_ping_core.o(i.net_ping_client_init)
    net_ping_client_run                      0x08016fd9   Thumb Code   110  net_ping_core.o(i.net_ping_client_run)
    net_rand32                               0x08017059   Thumb Code    18  net_sys.o(i.net_rand32)
    net_sntp_client_init                     0x08017075   Thumb Code    80  net_sntp_client_core.o(i.net_sntp_client_init)
    net_sntp_client_run                      0x080170d1   Thumb Code    76  net_sntp_client_core.o(i.net_sntp_client_run)
    net_sntp_client_start                    0x08017129   Thumb Code   312  net_sntp_client_core.o(i.net_sntp_client_start)
    net_strcasecmp                           0x08017271   Thumb Code    46  net_common.o(i.net_strcasecmp)
    net_strchr                               0x0801729f   Thumb Code    22  net_common.o(i.net_strchr)
    net_strcmp                               0x080172b5   Thumb Code    26  net_common.o(i.net_strcmp)
    net_strcpy                               0x080172cf   Thumb Code    18  net_common.o(i.net_strcpy)
    net_strnchr                              0x080172e1   Thumb Code    28  net_common.o(i.net_strnchr)
    net_strncpy                              0x080172fd   Thumb Code    26  net_common.o(i.net_strncpy)
    net_strtoupper                           0x08017317   Thumb Code    32  net_common.o(i.net_strtoupper)
    net_sys_lock                             0x08017339   Thumb Code     8  net_sys.o(i.net_sys_lock)
    net_sys_resume                           0x08017345   Thumb Code    22  net_sys.o(i.net_sys_resume)
    net_sys_tick                             0x0801735d   Thumb Code    16  net_sys.o(i.net_sys_tick)
    net_sys_unlock                           0x08017371   Thumb Code     8  net_sys.o(i.net_sys_unlock)
    net_sys_wakeup                           0x0801737d   Thumb Code    26  net_sys.o(i.net_sys_wakeup)
    net_tcp_abort                            0x0801739d   Thumb Code   122  net_tcp.o(i.net_tcp_abort)
    net_tcp_close                            0x08017421   Thumb Code   218  net_tcp.o(i.net_tcp_close)
    net_tcp_get_buf                          0x08017505   Thumb Code    46  net_tcp.o(i.net_tcp_get_buf)
    net_tcp_get_local_port                   0x08017535   Thumb Code    48  net_tcp.o(i.net_tcp_get_local_port)
    net_tcp_get_mss                          0x08017569   Thumb Code    34  net_tcp.o(i.net_tcp_get_mss)
    net_tcp_get_peer                         0x08017591   Thumb Code    80  net_tcp.o(i.net_tcp_get_peer)
    net_tcp_get_socket                       0x080175e5   Thumb Code   104  net_tcp.o(i.net_tcp_get_socket)
    net_tcp_get_state                        0x08017655   Thumb Code    40  net_tcp.o(i.net_tcp_get_state)
    net_tcp_get_timer                        0x08017681   Thumb Code    48  net_tcp.o(i.net_tcp_get_timer)
    net_tcp_listen                           0x080176b5   Thumb Code   168  net_tcp.o(i.net_tcp_listen)
    net_tcp_process                          0x08017765   Thumb Code  1956  net_tcp.o(i.net_tcp_process)
    net_tcp_send                             0x08017f0d   Thumb Code   336  net_tcp.o(i.net_tcp_send)
    net_tcp_set_option                       0x08018069   Thumb Code   288  net_tcp.o(i.net_tcp_set_option)
    net_tcp_socket_init                      0x08018195   Thumb Code    30  net_tcp.o(i.net_tcp_socket_init)
    net_tcp_socket_run                       0x080181bd   Thumb Code   938  net_tcp.o(i.net_tcp_socket_run)
    net_udp_close                            0x0801857d   Thumb Code    62  net_udp.o(i.net_udp_close)
    net_udp_enable_lla                       0x080185c5   Thumb Code    34  net_udp.o(i.net_udp_enable_lla)
    net_udp_get_buf                          0x080185ed   Thumb Code    46  net_udp.o(i.net_udp_get_buf)
    net_udp_get_socket                       0x0801861d   Thumb Code   102  net_udp.o(i.net_udp_get_socket)
    net_udp_open                             0x0801868d   Thumb Code   160  net_udp.o(i.net_udp_open)
    net_udp_process                          0x08018739   Thumb Code   322  net_udp.o(i.net_udp_process)
    net_udp_send                             0x08018891   Thumb Code    18  net_udp.o(i.net_udp_send)
    net_udp_send_if                          0x080188a5   Thumb Code   540  net_udp.o(i.net_udp_send_if)
    net_udp_socket_init                      0x08018ad1   Thumb Code    30  net_udp.o(i.net_udp_socket_init)
    net_ultoa                                0x08018af5   Thumb Code     8  net_common.o(i.net_ultoa)
    net_ultox                                0x08018afd   Thumb Code    44  net_common.o(i.net_ultox)
    net_xtoul                                0x08018b2d   Thumb Code    76  net_common.o(i.net_xtoul)
    app_main_attr                            0x08019a94   Data          36  http_server.o(.constdata)
    imageLastModified                        0x08019ac8   Data           4  web.o(.constdata)
    Arial12x12                               0x08020b28   Data        3875  lcd.o(.constdata)
    osRtxUserSVC                             0x08021aac   Data           4  rtx_lib.o(.constdata)
    Driver_ETH_PHY0                          0x08021ab4   Data          32  phy_lan8742a.o(.constdata)
    Driver_ETH_MAC0                          0x08021b24   Data          68  emac_stm32f4xx.o(.constdata)
    Driver_SPI1                              0x08021bbc   Data          44  spi_stm32f4xx.o(.constdata)
    EventRecorderInfo                        0x08021be8   Data          24  eventrecorder.o(.constdata)
    AHBPrescTable                            0x08021c08   Data          16  system_stm32f4xx.o(.constdata)
    APBPrescTable                            0x08021c18   Data           8  system_stm32f4xx.o(.constdata)
    net_sys_config                           0x08021cc8   Data          28  net_config.o(.constdata)
    net_eth0_if_config                       0x08021d3c   Data          44  net_config.o(.constdata)
    net_eth_list                             0x08021d68   Data           8  net_config.o(.constdata)
    net_if_list_lan                          0x08021d70   Data           8  net_config.o(.constdata)
    net_if_list_all                          0x08021d78   Data           8  net_config.o(.constdata)
    net_if_inet_def                          0x08021d80   Data           8  net_config.o(.constdata)
    net_if_link_def                          0x08021d88   Data           8  net_config.o(.constdata)
    net_arp_list                             0x08021d90   Data           8  net_config.o(.constdata)
    net_icmp_list                            0x08021d98   Data           8  net_config.o(.constdata)
    net_dhcp_list                            0x08021da0   Data           8  net_config.o(.constdata)
    net_icmp6_list                           0x08021da8   Data           4  net_config.o(.constdata)
    net_udp_config                           0x08021dac   Data          12  net_config.o(.constdata)
    net_tcp_config                           0x08021db8   Data          24  net_config.o(.constdata)
    net_http_config                          0x08021dd0   Data          52  net_config.o(.constdata)
    net_sntp_config                          0x08021e04   Data           8  net_config.o(.constdata)
    netif_getopt_func                        0x08021e5c   Data          16  net_config.o(.constdata)
    netif_setopt_func                        0x08021e6c   Data          16  net_config.o(.constdata)
    net_loop_if_config                       0x08021e7c   Data          44  net_loopback.o(.constdata)
    net_http_auth_basic_func                 0x08021fb8   Data          24  net_http_server_auth.o(.constdata)
    net_ping_payload                         0x08021fd0   Data          18  net_ping_core.o(.constdata)
    net_addr_unspec                          0x08021fe2   Data          16  net_addr.o(.constdata)
    net_addr_bcast                           0x08021ff2   Data           6  net_addr.o(.constdata)
    net_addr4_loopback                       0x08021ff8   Data           4  net_ip4.o(.constdata)
    net_addr6_all_nodes                      0x08021ffc   Data          16  net_ip6.o(.constdata)
    net_addr6_loopback                       0x0802200c   Data          16  net_ip6.o(.constdata)
    net_http_error                           0x0802201c   Data          24  net_http_server_err.o(.constdata)
    net_lib_version                          0x080220d4   Data           4  net_version.o(.constdata)
    network_ip4ip6_debug_v7.15.0             0x080220d4   Data           4  net_version.o(.constdata)
    osRtxConfig                              0x080224b0   Data         112  rtx_lib.o(.rodata)
    os_cb_sections                           0x08022520   Data          56  rtx_lib.o(.rodata)
    Region$$Table$$Base                      0x08022558   Number         0  anon$$obj.o(Region$$Table)
    Region$$Table$$Limit                     0x08022588   Number         0  anon$$obj.o(Region$$Table)
    .bss.os.msgqueue.cb$$Base                0x20008044   Number         0  rtx_lib.o(.bss.os.msgqueue.cb)
    .bss.os.msgqueue.cb$$Limit               0x20008078   Number         0  rtx_lib.o(.bss.os.msgqueue.cb)
    .bss.os.mutex.cb$$Base                   0x200080c8   Number         0  net_config.o(.bss.os.mutex.cb)
    .bss.os.mutex.cb$$Limit                  0x20008100   Number         0  net_config.o(.bss.os.mutex.cb)
    .bss.os.semaphore.cb$$Base               0x20008100   Number         0  net_config.o(.bss.os.semaphore.cb)
    .bss.os.semaphore.cb$$Limit              0x20008110   Number         0  net_config.o(.bss.os.semaphore.cb)
    .bss.os.thread.cb$$Base                  0x20008110   Number         0  rtx_lib.o(.bss.os.thread.cb)
    .bss.os.thread.cb$$Limit                 0x20008220   Number         0  net_config.o(.bss.os.thread.cb)
    .bss.os.timer.cb$$Base                   0x20008620   Number         0  net_config.o(.bss.os.timer.cb)
    .bss.os.timer.cb$$Limit                  0x20008640   Number         0  net_config.o(.bss.os.timer.cb)
    LEDrun                                   0x20008644   Data           1  http_server.o(.data)
    alarm_h                                  0x20008645   Data           2  http_server.o(.data)
    alarm_m                                  0x20008647   Data           2  http_server.o(.data)
    alarm_s                                  0x20008649   Data           2  http_server.o(.data)
    sntp_sel                                 0x20008650   Data           4  http_server.o(.data)
    TID_Display                              0x20008654   Data           4  http_server.o(.data)
    TID_Led                                  0x20008658   Data           4  http_server.o(.data)
    TID_Th_RTC                               0x2000865c   Data           4  http_server.o(.data)
    TID_Th_SNTP                              0x20008660   Data           4  http_server.o(.data)
    lcd_text                                 0x20008664   Data          42  http_server.o(.data)
    SPIdrv                                   0x20008694   Data           4  lcd.o(.data)
    buffer                                   0x20008698   Data         512  lcd.o(.data)
    uwTickFreq                               0x200088a8   Data           1  stm32f4xx_hal.o(.data)
    uwTickPrio                               0x200088ac   Data           4  stm32f4xx_hal.o(.data)
    uwTick                                   0x200088b0   Data           4  stm32f4xx_hal.o(.data)
    SystemCoreClock                          0x200088b4   Data           4  system_stm32f4xx.o(.data)
    net_eth0_icmp_control                    0x200088cc   Data           1  net_icmp.o(.data)
    osRtxInfo                                0x200088f0   Data         164  rtx_kernel.o(.data.os)
    adchandle                                0x200089f8   Data          72  http_server.o(.bss)
    time_now                                 0x20008a40   Data          44  http_server.o(.bss)
    sAlarm                                   0x20008a6c   Data          40  http_server.o(.bss)
    app_main_stk                             0x20008a98   Data        1024  http_server.o(.bss)
    GPIO_InitStruct                          0x20008eac   Data          20  lcd.o(.bss)
    hrtc                                     0x20008f60   Data          32  rtc.o(.bss)
    showtime                                 0x20008f80   Data          25  rtc.o(.bss)
    showdate                                 0x20008f99   Data          25  rtc.o(.bss)
    net_eth0_if_control                      0x2000f040   Data         160  net_eth.o(.bss)
    net_eth0_arp_control                     0x2000f0e0   Data          24  net_arp.o(.bss)
    net_eth0_dhcp_control                    0x2000f114   Data          40  net_dhcp_client.o(.bss)
    net_http_control                         0x2000f1c0   Data          20  net_http_server.o(.bss)
    net_sntp_control                         0x2000f1d4   Data          44  net_sntp_client_core.o(.bss)
    net_ping_control                         0x2000f200   Data          44  net_ping_core.o(.bss)
    net_sys_control                          0x2000f23c   Data          28  net_sys.o(.bss)
    net_dbg_buf                              0x2000f264   Data          36  net_sys.o(.bss)
    __initial_sp                             0x2000f728   Data           0  startup_stm32f429xx.o(STACK)



==============================================================================

Memory Map of the image

  Image Entry point : 0x080001ad

  Load Region LR_IROM1 (Base: 0x08000000, Size: 0x0002af1c, Max: 0x00200000, ABSOLUTE, COMPRESSED[0x000226cc])

    Execution Region ER_IROM1 (Exec base: 0x08000000, Load base: 0x08000000, Size: 0x00022588, Max: 0x00200000, ABSOLUTE)

    Exec Addr    Load Addr    Size         Type   Attr      Idx    E Section Name        Object

    0x08000000   0x08000000   0x000001ac   Data   RO         1538    RESET               startup_stm32f429xx.o
    0x080001ac   0x080001ac   0x00000000   Code   RO         2701  * .ARM.Collect$$$$00000000  mc_w.l(entry.o)
    0x080001ac   0x080001ac   0x00000004   Code   RO         2997    .ARM.Collect$$$$00000001  mc_w.l(entry2.o)
    0x080001b0   0x080001b0   0x00000004   Code   RO         3000    .ARM.Collect$$$$00000004  mc_w.l(entry5.o)
    0x080001b4   0x080001b4   0x00000000   Code   RO         3002    .ARM.Collect$$$$00000008  mc_w.l(entry7b.o)
    0x080001b4   0x080001b4   0x00000000   Code   RO         3004    .ARM.Collect$$$$0000000A  mc_w.l(entry8b.o)
    0x080001b4   0x080001b4   0x00000008   Code   RO         3005    .ARM.Collect$$$$0000000B  mc_w.l(entry9a.o)
    0x080001bc   0x080001bc   0x00000004   Code   RO         3012    .ARM.Collect$$$$0000000E  mc_w.l(entry12b.o)
    0x080001c0   0x080001c0   0x00000000   Code   RO         3007    .ARM.Collect$$$$0000000F  mc_w.l(entry10a.o)
    0x080001c0   0x080001c0   0x00000000   Code   RO         3009    .ARM.Collect$$$$00000011  mc_w.l(entry11a.o)
    0x080001c0   0x080001c0   0x00000004   Code   RO         2998    .ARM.Collect$$$$00002712  mc_w.l(entry2.o)
    0x080001c4   0x080001c4   0x00000148   Code   RO          679    .emb_text           rtx_mempool.o
    0x0800030c   0x0800030c   0x00000148   Code   RO          710    .emb_text           rtx_msgqueue.o
    0x08000454   0x08000454   0x00000148   Code   RO          775    .emb_text           rtx_semaphore.o
    0x0800059c   0x0800059c   0x00000148   Code   RO          806    .emb_text           rtx_system.o
    0x080006e4   0x080006e4   0x00000148   Code   RO          840    .emb_text           rtx_thread.o
    0x0800082c   0x0800082c   0x00000074   Code   RO         1061    .emb_text           eventrecorder.o
    0x080008a0   0x080008a0   0x00000110   Code   RO            4    .text               main.o
    0x080009b0   0x080009b0   0x000003dc   Code   RO          162    .text               http_server.o
    0x08000d8c   0x08000d8c   0x00000078   Code   RO          223    .text               web.o
    0x08000e04   0x08000e04   0x000000c8   Code   RO          243    .text               leds.o
    0x08000ecc   0x08000ecc   0x00000360   Code   RO          269    .text               lcd.o
    0x0800122c   0x0800122c   0x00000808   Code   RO          315    .text               http_server_cgi.o
    0x08001a34   0x08001a34   0x00000120   Code   RO          349    .text               adc.o
    0x08001b54   0x08001b54   0x00000214   Code   RO          373    .text               rtc.o
    0x08001d68   0x08001d68   0x00000046   Code   RO          402    .text               stm32f4xx_it.o
    0x08001dae   0x08001dae   0x00000002   PAD
    0x08001db0   0x08001db0   0x00000094   Code   RO          427    .text               irq_armv7m.o
    0x08001e44   0x08001e44   0x00000104   Code   RO          435    .text               rtx_delay.o
    0x08001f48   0x08001f48   0x00000964   Code   RO          533    .text               rtx_evr.o
    0x080028ac   0x080028ac   0x000006d8   Code   RO          558    .text               rtx_kernel.o
    0x08002f84   0x08002f84   0x00000124   Code   RO          649    .text               rtx_memory.o
    0x080030a8   0x080030a8   0x00000678   Code   RO          680    .text               rtx_mempool.o
    0x08003720   0x08003720   0x000009bc   Code   RO          711    .text               rtx_msgqueue.o
    0x080040dc   0x080040dc   0x00000558   Code   RO          745    .text               rtx_mutex.o
    0x08004634   0x08004634   0x00000450   Code   RO          776    .text               rtx_semaphore.o
    0x08004a84   0x08004a84   0x00000154   Code   RO          807    .text               rtx_system.o
    0x08004bd8   0x08004bd8   0x00001194   Code   RO          841    .text               rtx_thread.o
    0x08005d6c   0x08005d6c   0x00000480   Code   RO          875    .text               rtx_timer.o
    0x080061ec   0x080061ec   0x000000c4   Code   RO          905    .text               os_systick.o
    0x080062b0   0x080062b0   0x00000004   Code   RO          931    .text               rtx_config.o
    0x080062b4   0x080062b4   0x000001ac   Code   RO          952    .text               phy_lan8742a.o
    0x08006460   0x08006460   0x000009e8   Code   RO          980    .text               emac_stm32f4xx.o
    0x08006e48   0x08006e48   0x00000c5c   Code   RO         1022    .text               spi_stm32f4xx.o
    0x08007aa4   0x08007aa4   0x00000538   Code   RO         1062    .text               eventrecorder.o
    0x08007fdc   0x08007fdc   0x000001c8   Code   RO         1096    .text               stm32f4xx_hal.o
    0x080081a4   0x080081a4   0x00000ab8   Code   RO         1126    .text               stm32f4xx_hal_adc.o
    0x08008c5c   0x08008c5c   0x00000724   Code   RO         1150    .text               stm32f4xx_hal_adc_ex.o
    0x08009380   0x08009380   0x00000298   Code   RO         1174    .text               stm32f4xx_hal_cortex.o
    0x08009618   0x08009618   0x00000718   Code   RO         1202    .text               stm32f4xx_hal_dma.o
    0x08009d30   0x08009d30   0x00000364   Code   RO         1251    .text               stm32f4xx_hal_gpio.o
    0x0800a094   0x0800a094   0x00000178   Code   RO         1275    .text               stm32f4xx_hal_pwr.o
    0x0800a20c   0x0800a20c   0x00000760   Code   RO         1323    .text               stm32f4xx_hal_rcc.o
    0x0800a96c   0x0800a96c   0x000005e4   Code   RO         1347    .text               stm32f4xx_hal_rcc_ex.o
    0x0800af50   0x0800af50   0x00000970   Code   RO         1371    .text               stm32f4xx_hal_rtc.o
    0x0800b8c0   0x0800b8c0   0x00000b0c   Code   RO         1395    .text               stm32f4xx_hal_rtc_ex.o
    0x0800c3cc   0x0800c3cc   0x000023d2   Code   RO         1467    .text               stm32f4xx_hal_tim.o
    0x0800e79e   0x0800e79e   0x00000002   PAD
    0x0800e7a0   0x0800e7a0   0x00000bb0   Code   RO         1491    .text               stm32f4xx_hal_tim_ex.o
    0x0800f350   0x0800f350   0x00000024   Code   RO         1539    .text               startup_stm32f429xx.o
    0x0800f374   0x0800f374   0x00000094   Code   RO         1546    .text               system_stm32f4xx.o
    0x0800f408   0x0800f408   0x0000016c   Code   RO         1575    .text               net_config.o
    0x0800f574   0x0800f574   0x00000152   Code   RO         1671    .text               net_debug.o
    0x0800f6c6   0x0800f6c6   0x00000062   Code   RO         2704    .text               mc_w.l(uldiv.o)
    0x0800f728   0x0800f728   0x00000094   Code   RO         2706    .text               mc_w.l(localtime.o)
    0x0800f7bc   0x0800f7bc   0x00000024   Code   RO         2710    .text               mc_w.l(memcpya.o)
    0x0800f7e0   0x0800f7e0   0x00000024   Code   RO         2712    .text               mc_w.l(memseta.o)
    0x0800f804   0x0800f804   0x0000000e   Code   RO         2714    .text               mc_w.l(strlen.o)
    0x0800f812   0x0800f812   0x0000001c   Code   RO         2716    .text               mc_w.l(strcmp.o)
    0x0800f82e   0x0800f82e   0x0000001a   Code   RO         2718    .text               mc_w.l(memcmp.o)
    0x0800f848   0x0800f848   0x00000012   Code   RO         2720    .text               mc_w.l(strcpy.o)
    0x0800f85a   0x0800f85a   0x0000001e   Code   RO         2722    .text               mc_w.l(strncmp.o)
    0x0800f878   0x0800f878   0x00000064   Code   RO         2987    .text               mf_w.l(fmul.o)
    0x0800f8dc   0x0800f8dc   0x00000018   Code   RO         2989    .text               mf_w.l(fscalb.o)
    0x0800f8f4   0x0800f8f4   0x0000002e   Code   RO         2991    .text               mf_w.l(dscalb.o)
    0x0800f922   0x0800f922   0x0000000a   Code   RO         2993    .text               mf_w.l(ffltui.o)
    0x0800f92c   0x0800f92c   0x00000026   Code   RO         2995    .text               mf_w.l(f2d.o)
    0x0800f952   0x0800f952   0x0000002c   Code   RO         3016    .text               mc_w.l(uidiv.o)
    0x0800f97e   0x0800f97e   0x0000001e   Code   RO         3018    .text               mc_w.l(llshl.o)
    0x0800f99c   0x0800f99c   0x00000020   Code   RO         3020    .text               mc_w.l(llushr.o)
    0x0800f9bc   0x0800f9bc   0x00000000   Code   RO         3022    .text               mc_w.l(iusefp.o)
    0x0800f9bc   0x0800f9bc   0x0000006e   Code   RO         3023    .text               mf_w.l(fepilogue.o)
    0x0800fa2a   0x0800fa2a   0x0000014e   Code   RO         3025    .text               mf_w.l(dadd.o)
    0x0800fb78   0x0800fb78   0x000000e4   Code   RO         3027    .text               mf_w.l(dmul.o)
    0x0800fc5c   0x0800fc5c   0x000000de   Code   RO         3029    .text               mf_w.l(ddiv.o)
    0x0800fd3a   0x0800fd3a   0x00000030   Code   RO         3031    .text               mf_w.l(dfixul.o)
    0x0800fd6a   0x0800fd6a   0x00000002   PAD
    0x0800fd6c   0x0800fd6c   0x00000030   Code   RO         3033    .text               mf_w.l(cdrcmple.o)
    0x0800fd9c   0x0800fd9c   0x00000024   Code   RO         3035    .text               mc_w.l(init.o)
    0x0800fdc0   0x0800fdc0   0x00000024   Code   RO         3038    .text               mc_w.l(llsshr.o)
    0x0800fde4   0x0800fde4   0x000000ba   Code   RO         3041    .text               mf_w.l(depilogue.o)
    0x0800fe9e   0x0800fe9e   0x00000056   Code   RO         3050    .text               mc_w.l(__dczerorl2.o)
    0x0800fef4   0x0800fef4   0x00000028   Code   RO         2961    i.__0sprintf        mc_w.l(printfa.o)
    0x0800ff1c   0x0800ff1c   0x0000000e   Code   RO         3044    i.__scatterload_copy  mc_w.l(handlers.o)
    0x0800ff2a   0x0800ff2a   0x00000002   Code   RO         3045    i.__scatterload_null  mc_w.l(handlers.o)
    0x0800ff2c   0x0800ff2c   0x0000000e   Code   RO         3046    i.__scatterload_zeroinit  mc_w.l(handlers.o)
    0x0800ff3a   0x0800ff3a   0x00000002   PAD
    0x0800ff3c   0x0800ff3c   0x00000184   Code   RO         2966    i._fp_digits        mc_w.l(printfa.o)
    0x080100c0   0x080100c0   0x000006b4   Code   RO         2967    i._printf_core      mc_w.l(printfa.o)
    0x08010774   0x08010774   0x00000024   Code   RO         2968    i._printf_post_padding  mc_w.l(printfa.o)
    0x08010798   0x08010798   0x0000002e   Code   RO         2969    i._printf_pre_padding  mc_w.l(printfa.o)
    0x080107c6   0x080107c6   0x0000000a   Code   RO         2971    i._sputc            mc_w.l(printfa.o)
    0x080107d0   0x080107d0   0x00000054   Code   RO         2100    i.add_server_id     Net_Dbg_CM3_L.lib(net_http_server.o)
    0x08010824   0x08010824   0x0000005c   Code   RO         1757    i.arp_cache_alloc   Net_Dbg_CM3_L.lib(net_arp.o)
    0x08010880   0x08010880   0x00000170   Code   RO         1758    i.arp_cache_run     Net_Dbg_CM3_L.lib(net_arp.o)
    0x080109f0   0x080109f0   0x00000038   Code   RO         1759    i.arp_is_cacheable  Net_Dbg_CM3_L.lib(net_arp.o)
    0x08010a28   0x08010a28   0x00000088   Code   RO         1760    i.arp_probe_run     Net_Dbg_CM3_L.lib(net_arp.o)
    0x08010ab0   0x08010ab0   0x000000d8   Code   RO         1762    i.arp_proc_response  Net_Dbg_CM3_L.lib(net_arp.o)
    0x08010b88   0x08010b88   0x0000001a   Code   RO         1763    i.arp_que_free      Net_Dbg_CM3_L.lib(net_arp.o)
    0x08010ba2   0x08010ba2   0x00000002   PAD
    0x08010ba4   0x08010ba4   0x000000a0   Code   RO         1764    i.arp_send_reply    Net_Dbg_CM3_L.lib(net_arp.o)
    0x08010c44   0x08010c44   0x000000d0   Code   RO         1765    i.arp_send_request  Net_Dbg_CM3_L.lib(net_arp.o)
    0x08010d14   0x08010d14   0x00000068   Code   RO         1766    i.arp_sender_valid  Net_Dbg_CM3_L.lib(net_arp.o)
    0x08010d7c   0x08010d7c   0x0000018c   Code   RO         2101    i.chk_post_req      Net_Dbg_CM3_L.lib(net_http_server.o)
    0x08010f08   0x08010f08   0x00000028   Code   RO         2615    i.crc32_8bit        Net_Dbg_CM3_L.lib(net_common.o)
    0x08010f30   0x08010f30   0x000003c0   Code   RO         2042    i.dhcp_client_run   Net_Dbg_CM3_L.lib(net_dhcp_client.o)
    0x080112f0   0x080112f0   0x00000058   Code   RO         2043    i.dhcp_client_start  Net_Dbg_CM3_L.lib(net_dhcp_client.o)
    0x08011348   0x08011348   0x0000048c   Code   RO         2045    i.dhcp_listener     Net_Dbg_CM3_L.lib(net_dhcp_client.o)
    0x080117d4   0x080117d4   0x00000268   Code   RO         2046    i.dhcp_send_message  Net_Dbg_CM3_L.lib(net_dhcp_client.o)
    0x08011a3c   0x08011a3c   0x0000009a   Code   RO         1701    i.eth_check_link    Net_Dbg_CM3_L.lib(net_eth.o)
    0x08011ad6   0x08011ad6   0x00000002   PAD
    0x08011ad8   0x08011ad8   0x00000020   Code   RO         1702    i.eth_if_map        Net_Dbg_CM3_L.lib(net_eth.o)
    0x08011af8   0x08011af8   0x00000304   Code   RO         1703    i.eth_iface_init    Net_Dbg_CM3_L.lib(net_eth.o)
    0x08011dfc   0x08011dfc   0x00000290   Code   RO         1704    i.eth_iface_run     Net_Dbg_CM3_L.lib(net_eth.o)
    0x0801208c   0x0801208c   0x00000008   Code   RO         1706    i.eth_lock          Net_Dbg_CM3_L.lib(net_eth.o)
    0x08012094   0x08012094   0x0000001c   Code   RO         1707    i.eth_mtu_limit     Net_Dbg_CM3_L.lib(net_eth.o)
    0x080120b0   0x080120b0   0x00000048   Code   RO         1708    i.eth_opt_len       Net_Dbg_CM3_L.lib(net_eth.o)
    0x080120f8   0x080120f8   0x00000088   Code   RO         1709    i.eth_receive       Net_Dbg_CM3_L.lib(net_eth.o)
    0x08012180   0x08012180   0x00000008   Code   RO         1710    i.eth_unlock        Net_Dbg_CM3_L.lib(net_eth.o)
    0x08012188   0x08012188   0x00000028   Code   RO         2102    i.get_next_field    Net_Dbg_CM3_L.lib(net_http_server.o)
    0x080121b0   0x080121b0   0x00000032   Code   RO         2103    i.get_next_par      Net_Dbg_CM3_L.lib(net_http_server.o)
    0x080121e2   0x080121e2   0x00000022   Code   RO         2104    i.hex2byte          Net_Dbg_CM3_L.lib(net_http_server.o)
    0x08012204   0x08012204   0x0000036c   Code   RO         2105    i.http_add_header   Net_Dbg_CM3_L.lib(net_http_server.o)
    0x08012570   0x08012570   0x00000050   Code   RO         2225    i.http_auth_basic_add  Net_Dbg_CM3_L.lib(net_http_server_auth.o)
    0x080125c0   0x080125c0   0x00000090   Code   RO         2226    i.http_auth_basic_parse  Net_Dbg_CM3_L.lib(net_http_server_auth.o)
    0x08012650   0x08012650   0x00000002   Code   RO         2232    i.http_auth_dummy   Net_Dbg_CM3_L.lib(net_http_server_auth.o)
    0x08012652   0x08012652   0x00000002   PAD
    0x08012654   0x08012654   0x00000024   Code   RO         2233    i.http_auth_init    Net_Dbg_CM3_L.lib(net_http_server_auth.o)
    0x08012678   0x08012678   0x000001cc   Code   RO         2106    i.http_error_msg    Net_Dbg_CM3_L.lib(net_http_server.o)
    0x08012844   0x08012844   0x00000078   Code   RO         2107    i.http_get_ftype    Net_Dbg_CM3_L.lib(net_http_server.o)
    0x080128bc   0x080128bc   0x0000005e   Code   RO         2108    i.http_kill_session  Net_Dbg_CM3_L.lib(net_http_server.o)
    0x0801291a   0x0801291a   0x00000002   PAD
    0x0801291c   0x0801291c   0x000002a8   Code   RO         2109    i.http_listener     Net_Dbg_CM3_L.lib(net_http_server.o)
    0x08012bc4   0x08012bc4   0x00000184   Code   RO         2110    i.http_open_file    Net_Dbg_CM3_L.lib(net_http_server.o)
    0x08012d48   0x08012d48   0x0000011c   Code   RO         2111    i.http_parse_header  Net_Dbg_CM3_L.lib(net_http_server.o)
    0x08012e64   0x08012e64   0x000001a8   Code   RO         2112    i.http_proc_multipart  Net_Dbg_CM3_L.lib(net_http_server.o)
    0x0801300c   0x0801300c   0x00000138   Code   RO         2113    i.http_proc_post    Net_Dbg_CM3_L.lib(net_http_server.o)
    0x08013144   0x08013144   0x00000468   Code   RO         2114    i.http_server_run   Net_Dbg_CM3_L.lib(net_http_server.o)
    0x080135ac   0x080135ac   0x00000060   Code   RO         2115    i.http_server_start  Net_Dbg_CM3_L.lib(net_http_server.o)
    0x0801360c   0x0801360c   0x00000020   Code   RO         2117    i.http_strcpy       Net_Dbg_CM3_L.lib(net_http_server.o)
    0x0801362c   0x0801362c   0x000000ac   Code   RO         2118    i.http_to_utc       Net_Dbg_CM3_L.lib(net_http_server.o)
    0x080136d8   0x080136d8   0x0000001a   Code   RO         2616    i.i2str             Net_Dbg_CM3_L.lib(net_common.o)
    0x080136f2   0x080136f2   0x0000000c   Code   RO         2493    i.ip4_get_chksum    Net_Dbg_CM3_L.lib(net_ip4.o)
    0x080136fe   0x080136fe   0x00000028   Code   RO         2494    i.ip4_get_mtu       Net_Dbg_CM3_L.lib(net_ip4.o)
    0x08013726   0x08013726   0x00000040   Code   RO         2356    i.ip4_ntoa          Net_Dbg_CM3_L.lib(net_addr.o)
    0x08013766   0x08013766   0x00000002   PAD
    0x08013768   0x08013768   0x000000ca   Code   RO         2357    i.ip6_ntoa          Net_Dbg_CM3_L.lib(net_addr.o)
    0x08013832   0x08013832   0x0000001e   Code   RO         2047    i.is_selected       Net_Dbg_CM3_L.lib(net_dhcp_client.o)
    0x08013850   0x08013850   0x0000000c   Code   RO         2592    i.mem_lock          Net_Dbg_CM3_L.lib(net_mem.o)
    0x0801385c   0x0801385c   0x0000000c   Code   RO         2593    i.mem_unlock        Net_Dbg_CM3_L.lib(net_mem.o)
    0x08013868   0x08013868   0x000001a4   Code   RO         2086    i.nbns_listener     Net_Dbg_CM3_L.lib(net_nbns_client.o)
    0x08013a0c   0x08013a0c   0x00000120   Code   RO         2423    i.ndp_cache_add     Net_Dbg_CM3_L.lib(net_ndp.o)
    0x08013b2c   0x08013b2c   0x00000072   Code   RO         2424    i.ndp_cache_alloc   Net_Dbg_CM3_L.lib(net_ndp.o)
    0x08013b9e   0x08013b9e   0x00000002   PAD
    0x08013ba0   0x08013ba0   0x00000078   Code   RO         2425    i.ndp_cache_delete  Net_Dbg_CM3_L.lib(net_ndp.o)
    0x08013c18   0x08013c18   0x0000002c   Code   RO         2427    i.ndp_check_frame   Net_Dbg_CM3_L.lib(net_ndp.o)
    0x08013c44   0x08013c44   0x00000012   Code   RO         2428    i.ndp_next_opt      Net_Dbg_CM3_L.lib(net_ndp.o)
    0x08013c56   0x08013c56   0x00000002   PAD
    0x08013c58   0x08013c58   0x000000e4   Code   RO         2429    i.ndp_prefix_add    Net_Dbg_CM3_L.lib(net_ndp.o)
    0x08013d3c   0x08013d3c   0x000000fc   Code   RO         2432    i.ndp_proc_response  Net_Dbg_CM3_L.lib(net_ndp.o)
    0x08013e38   0x08013e38   0x0000001a   Code   RO         2433    i.ndp_que_free      Net_Dbg_CM3_L.lib(net_ndp.o)
    0x08013e52   0x08013e52   0x00000002   PAD
    0x08013e54   0x08013e54   0x00000038   Code   RO         2434    i.ndp_router_remove  Net_Dbg_CM3_L.lib(net_ndp.o)
    0x08013e8c   0x08013e8c   0x0000009c   Code   RO         2435    i.ndp_send_reply    Net_Dbg_CM3_L.lib(net_ndp.o)
    0x08013f28   0x08013f28   0x000000bc   Code   RO         2436    i.ndp_send_request  Net_Dbg_CM3_L.lib(net_ndp.o)
    0x08013fe4   0x08013fe4   0x00000004   Code   RO         2119    i.netCGI_Charset    Net_Dbg_CM3_L.lib(net_http_server.o)
    0x08013fe8   0x08013fe8   0x00000004   Code   RO         2120    i.netCGI_ContentType  Net_Dbg_CM3_L.lib(net_http_server.o)
    0x08013fec   0x08013fec   0x00000004   Code   RO         2121    i.netCGI_CustomHeader  Net_Dbg_CM3_L.lib(net_http_server.o)
    0x08013ff0   0x08013ff0   0x0000006c   Code   RO         2122    i.netCGI_GetEnvVar  Net_Dbg_CM3_L.lib(net_http_server.o)
    0x0801405c   0x0801405c   0x00000004   Code   RO         2125    i.netCGI_Redirect   Net_Dbg_CM3_L.lib(net_http_server.o)
    0x08014060   0x08014060   0x00000004   Code   RO         2127    i.netCGX_ContentType  Net_Dbg_CM3_L.lib(net_http_server.o)
    0x08014064   0x08014064   0x00000064   Code   RO         2306    i.netCore_Thread    Net_Dbg_CM3_L.lib(net_sys.o)
    0x080140c8   0x080140c8   0x00000002   Code   RO         1711    i.netETH_Notify     Net_Dbg_CM3_L.lib(net_eth.o)
    0x080140ca   0x080140ca   0x00000002   Code   RO         1712    i.netETH_ReceiveRaw  Net_Dbg_CM3_L.lib(net_eth.o)
    0x080140cc   0x080140cc   0x00000072   Code   RO         1714    i.netETH_Thread     Net_Dbg_CM3_L.lib(net_eth.o)
    0x0801413e   0x0801413e   0x00000004   Code   RO         2128    i.netHTTPs_AcceptClient  Net_Dbg_CM3_L.lib(net_http_server.o)
    0x08014142   0x08014142   0x00000004   Code   RO         2234    i.netHTTPs_CheckAccount  Net_Dbg_CM3_L.lib(net_http_server_auth.o)
    0x08014146   0x08014146   0x00000004   Code   RO         2130    i.netHTTPs_FileAccess  Net_Dbg_CM3_L.lib(net_http_server.o)
    0x0801414a   0x0801414a   0x00000002   PAD
    0x0801414c   0x0801414c   0x00000020   Code   RO         2133    i.netHTTPs_GetLanguage  Net_Dbg_CM3_L.lib(net_http_server.o)
    0x0801416c   0x0801416c   0x0000000c   Code   RO         2134    i.netHTTPs_GetPassword  Net_Dbg_CM3_L.lib(net_http_server.o)
    0x08014178   0x08014178   0x0000000c   Code   RO         2140    i.netHTTPs_LoginActive  Net_Dbg_CM3_L.lib(net_http_server.o)
    0x08014184   0x08014184   0x00000058   Code   RO         2143    i.netHTTPs_SetPassword  Net_Dbg_CM3_L.lib(net_http_server.o)
    0x080141dc   0x080141dc   0x00000088   Code   RO         2307    i.netIF_GetOption   Net_Dbg_CM3_L.lib(net_sys.o)
    0x08014264   0x08014264   0x00000084   Code   RO         2309    i.netIF_SetOption   Net_Dbg_CM3_L.lib(net_sys.o)
    0x080142e8   0x080142e8   0x0000001a   Code   RO         2359    i.netIP_aton        Net_Dbg_CM3_L.lib(net_addr.o)
    0x08014302   0x08014302   0x00000032   Code   RO         2360    i.netIP_ntoa        Net_Dbg_CM3_L.lib(net_addr.o)
    0x08014334   0x08014334   0x000000ac   Code   RO         2310    i.netInitialize     Net_Dbg_CM3_L.lib(net_sys.o)
    0x080143e0   0x080143e0   0x0000008c   Code   RO         2361    i.netMAC_aton       Net_Dbg_CM3_L.lib(net_addr.o)
    0x0801446c   0x0801446c   0x0000001c   Code   RO         2259    i.netSNTPc_GetTime  Net_Dbg_CM3_L.lib(net_sntp_client_core.o)
    0x08014488   0x08014488   0x00000004   Code   RO         1923    i.netTCP_GetLocalPort  Net_Dbg_CM3_L.lib(net_tcp.o)
    0x0801448c   0x0801448c   0x00000020   Code   RO         1925    i.netTCP_GetPeer    Net_Dbg_CM3_L.lib(net_tcp.o)
    0x080144ac   0x080144ac   0x00000004   Code   RO         1927    i.netTCP_GetState   Net_Dbg_CM3_L.lib(net_tcp.o)
    0x080144b0   0x080144b0   0x00000004   Code   RO         1928    i.netTCP_GetTimer   Net_Dbg_CM3_L.lib(net_tcp.o)
    0x080144b4   0x080144b4   0x0000007c   Code   RO         2363    i.net_addr4_aton    Net_Dbg_CM3_L.lib(net_addr.o)
    0x08014530   0x08014530   0x0000001e   Code   RO         2365    i.net_addr4_to_mac  Net_Dbg_CM3_L.lib(net_addr.o)
    0x0801454e   0x0801454e   0x00000002   PAD
    0x08014550   0x08014550   0x000000e6   Code   RO         2366    i.net_addr6_aton    Net_Dbg_CM3_L.lib(net_addr.o)
    0x08014636   0x08014636   0x00000028   Code   RO         2367    i.net_addr6_comp    Net_Dbg_CM3_L.lib(net_addr.o)
    0x0801465e   0x0801465e   0x00000012   Code   RO         2368    i.net_addr6_copy    Net_Dbg_CM3_L.lib(net_addr.o)
    0x08014670   0x08014670   0x0000004c   Code   RO         2369    i.net_addr6_create  Net_Dbg_CM3_L.lib(net_addr.o)
    0x080146bc   0x080146bc   0x00000028   Code   RO         2370    i.net_addr6_get_solicited  Net_Dbg_CM3_L.lib(net_addr.o)
    0x080146e4   0x080146e4   0x00000018   Code   RO         2371    i.net_addr6_is_linklocal  Net_Dbg_CM3_L.lib(net_addr.o)
    0x080146fc   0x080146fc   0x0000006e   Code   RO         2372    i.net_addr6_is_onlink  Net_Dbg_CM3_L.lib(net_addr.o)
    0x0801476a   0x0801476a   0x00000048   Code   RO         2373    i.net_addr6_is_solicited  Net_Dbg_CM3_L.lib(net_addr.o)
    0x080147b2   0x080147b2   0x00000018   Code   RO         2374    i.net_addr6_is_unspec  Net_Dbg_CM3_L.lib(net_addr.o)
    0x080147ca   0x080147ca   0x0000000e   Code   RO         2376    i.net_addr6_to_mac  Net_Dbg_CM3_L.lib(net_addr.o)
    0x080147d8   0x080147d8   0x0000002c   Code   RO         2377    i.net_addr_comp     Net_Dbg_CM3_L.lib(net_addr.o)
    0x08014804   0x08014804   0x00000026   Code   RO         2378    i.net_addr_copy     Net_Dbg_CM3_L.lib(net_addr.o)
    0x0801482a   0x0801482a   0x0000001a   Code   RO         2379    i.net_addr_find_route  Net_Dbg_CM3_L.lib(net_addr.o)
    0x08014844   0x08014844   0x00000020   Code   RO         2381    i.net_addr_get_local  Net_Dbg_CM3_L.lib(net_addr.o)
    0x08014864   0x08014864   0x00000022   Code   RO         2382    i.net_addr_is_unspec  Net_Dbg_CM3_L.lib(net_addr.o)
    0x08014886   0x08014886   0x00000002   PAD
    0x08014888   0x08014888   0x0000011c   Code   RO         1774    i.net_arp_cache_add  Net_Dbg_CM3_L.lib(net_arp.o)
    0x080149a4   0x080149a4   0x000000bc   Code   RO         1775    i.net_arp_cache_early  Net_Dbg_CM3_L.lib(net_arp.o)
    0x08014a60   0x08014a60   0x000000ec   Code   RO         1776    i.net_arp_cache_find  Net_Dbg_CM3_L.lib(net_arp.o)
    0x08014b4c   0x08014b4c   0x00000048   Code   RO         1777    i.net_arp_cache_init  Net_Dbg_CM3_L.lib(net_arp.o)
    0x08014b94   0x08014b94   0x0000001c   Code   RO         1778    i.net_arp_cache_run  Net_Dbg_CM3_L.lib(net_arp.o)
    0x08014bb0   0x08014bb0   0x00000078   Code   RO         1780    i.net_arp_enqueue   Net_Dbg_CM3_L.lib(net_arp.o)
    0x08014c28   0x08014c28   0x00000020   Code   RO         1782    i.net_arp_notify    Net_Dbg_CM3_L.lib(net_arp.o)
    0x08014c48   0x08014c48   0x00000012   Code   RO         1783    i.net_arp_probe     Net_Dbg_CM3_L.lib(net_arp.o)
    0x08014c5a   0x08014c5a   0x00000002   PAD
    0x08014c5c   0x08014c5c   0x00000224   Code   RO         1784    i.net_arp_process   Net_Dbg_CM3_L.lib(net_arp.o)
    0x08014e80   0x08014e80   0x00000042   Code   RO         2617    i.net_atoi          Net_Dbg_CM3_L.lib(net_common.o)
    0x08014ec2   0x08014ec2   0x00000002   PAD
    0x08014ec4   0x08014ec4   0x00000078   Code   RO         2683    i.net_base64_decode  Net_Dbg_CM3_L.lib(net_base64.o)
    0x08014f3c   0x08014f3c   0x00000030   Code   RO         2619    i.net_chksum_buf    Net_Dbg_CM3_L.lib(net_common.o)
    0x08014f6c   0x08014f6c   0x0000001e   Code   RO         2620    i.net_crc_buf       Net_Dbg_CM3_L.lib(net_common.o)
    0x08014f8a   0x08014f8a   0x00000002   PAD
    0x08014f8c   0x08014f8c   0x00000094   Code   RO         2052    i.net_dhcp_client_init  Net_Dbg_CM3_L.lib(net_dhcp_client.o)
    0x08015020   0x08015020   0x0000001c   Code   RO         2053    i.net_dhcp_client_run  Net_Dbg_CM3_L.lib(net_dhcp_client.o)
    0x0801503c   0x0801503c   0x0000000e   Code   RO         1715    i.net_eth_callback  Net_Dbg_CM3_L.lib(net_eth.o)
    0x0801504a   0x0801504a   0x00000068   Code   RO         1716    i.net_eth_config_mcast  Net_Dbg_CM3_L.lib(net_eth.o)
    0x080150b2   0x080150b2   0x000000ea   Code   RO         1718    i.net_eth_get_option  Net_Dbg_CM3_L.lib(net_eth.o)
    0x0801519c   0x0801519c   0x0000001c   Code   RO         1719    i.net_eth_iface_init  Net_Dbg_CM3_L.lib(net_eth.o)
    0x080151b8   0x080151b8   0x0000001c   Code   RO         1720    i.net_eth_iface_run  Net_Dbg_CM3_L.lib(net_eth.o)
    0x080151d4   0x080151d4   0x000000a8   Code   RO         1722    i.net_eth_output    Net_Dbg_CM3_L.lib(net_eth.o)
    0x0801527c   0x0801527c   0x000001e0   Code   RO         1723    i.net_eth_send_frame  Net_Dbg_CM3_L.lib(net_eth.o)
    0x0801545c   0x0801545c   0x00000270   Code   RO         1724    i.net_eth_set_option  Net_Dbg_CM3_L.lib(net_eth.o)
    0x080156cc   0x080156cc   0x000000e8   Code   RO         2149    i.net_http_server_init  Net_Dbg_CM3_L.lib(net_http_server.o)
    0x080157b4   0x080157b4   0x00000028   Code   RO         2150    i.net_http_server_run  Net_Dbg_CM3_L.lib(net_http_server.o)
    0x080157dc   0x080157dc   0x00000018   Code   RO         2565    i.net_icmp6_init    Net_Dbg_CM3_L.lib(net_icmp6.o)
    0x080157f4   0x080157f4   0x00000238   Code   RO         2566    i.net_icmp6_process  Net_Dbg_CM3_L.lib(net_icmp6.o)
    0x08015a2c   0x08015a2c   0x00000084   Code   RO         2567    i.net_icmp6_send    Net_Dbg_CM3_L.lib(net_icmp6.o)
    0x08015ab0   0x08015ab0   0x00000058   Code   RO         2568    i.net_icmp6_send_echo  Net_Dbg_CM3_L.lib(net_icmp6.o)
    0x08015b08   0x08015b08   0x00000018   Code   RO         1842    i.net_icmp_init     Net_Dbg_CM3_L.lib(net_icmp.o)
    0x08015b20   0x08015b20   0x000001c8   Code   RO         1843    i.net_icmp_process  Net_Dbg_CM3_L.lib(net_icmp.o)
    0x08015ce8   0x08015ce8   0x000000a0   Code   RO         1844    i.net_icmp_send_echo  Net_Dbg_CM3_L.lib(net_icmp.o)
    0x08015d88   0x08015d88   0x0000000c   Code   RO         2314    i.net_if_map_all    Net_Dbg_CM3_L.lib(net_sys.o)
    0x08015d94   0x08015d94   0x0000018c   Code   RO         2495    i.net_ip4_chk_frame  Net_Dbg_CM3_L.lib(net_ip4.o)
    0x08015f20   0x08015f20   0x0000002c   Code   RO         2496    i.net_ip4_chksum    Net_Dbg_CM3_L.lib(net_ip4.o)
    0x08015f4c   0x08015f4c   0x00000006   Code   RO         2497    i.net_ip4_chksum_buf  Net_Dbg_CM3_L.lib(net_ip4.o)
    0x08015f52   0x08015f52   0x00000002   PAD
    0x08015f54   0x08015f54   0x00000080   Code   RO         2499    i.net_ip4_find_route  Net_Dbg_CM3_L.lib(net_ip4.o)
    0x08015fd4   0x08015fd4   0x0000002c   Code   RO         2500    i.net_ip4_get_local  Net_Dbg_CM3_L.lib(net_ip4.o)
    0x08016000   0x08016000   0x00000024   Code   RO         2501    i.net_ip4_init      Net_Dbg_CM3_L.lib(net_ip4.o)
    0x08016024   0x08016024   0x00000020   Code   RO         2502    i.net_ip4_is_onlink  Net_Dbg_CM3_L.lib(net_ip4.o)
    0x08016044   0x08016044   0x00000026   Code   RO         2503    i.net_ip4_is_subcast  Net_Dbg_CM3_L.lib(net_ip4.o)
    0x0801606a   0x0801606a   0x0000000e   Code   RO         2504    i.net_ip4_reass_frame  Net_Dbg_CM3_L.lib(net_ip4.o)
    0x08016078   0x08016078   0x00000164   Code   RO         2505    i.net_ip4_send_frame  Net_Dbg_CM3_L.lib(net_ip4.o)
    0x080161dc   0x080161dc   0x0000002a   Code   RO         2507    i.net_ip4_tx_offl_hl  Net_Dbg_CM3_L.lib(net_ip4.o)
    0x08016206   0x08016206   0x00000002   PAD
    0x08016208   0x08016208   0x00000100   Code   RO         2533    i.net_ip6_chk_frame  Net_Dbg_CM3_L.lib(net_ip6.o)
    0x08016308   0x08016308   0x00000032   Code   RO         2534    i.net_ip6_chksum    Net_Dbg_CM3_L.lib(net_ip6.o)
    0x0801633a   0x0801633a   0x00000002   PAD
    0x0801633c   0x0801633c   0x0000007c   Code   RO         2535    i.net_ip6_collect_mcast  Net_Dbg_CM3_L.lib(net_ip6.o)
    0x080163b8   0x080163b8   0x00000048   Code   RO         2537    i.net_ip6_find_route  Net_Dbg_CM3_L.lib(net_ip6.o)
    0x08016400   0x08016400   0x00000054   Code   RO         2538    i.net_ip6_get_local  Net_Dbg_CM3_L.lib(net_ip6.o)
    0x08016454   0x08016454   0x0000001c   Code   RO         2539    i.net_ip6_init      Net_Dbg_CM3_L.lib(net_ip6.o)
    0x08016470   0x08016470   0x000000cc   Code   RO         2540    i.net_ip6_send_frame  Net_Dbg_CM3_L.lib(net_ip6.o)
    0x0801653c   0x0801653c   0x0000001e   Code   RO         2542    i.net_ip6_tx_offl_hl  Net_Dbg_CM3_L.lib(net_ip6.o)
    0x0801655a   0x0801655a   0x00000008   Code   RO         2621    i.net_itoa          Net_Dbg_CM3_L.lib(net_common.o)
    0x08016562   0x08016562   0x00000006   Code   RO         2623    i.net_itoa_n0       Net_Dbg_CM3_L.lib(net_common.o)
    0x08016568   0x08016568   0x00000030   Code   RO         1824    i.net_loop_iface_init  Net_Dbg_CM3_L.lib(net_loopback.o)
    0x08016598   0x08016598   0x000000bc   Code   RO         1825    i.net_loop_iface_run  Net_Dbg_CM3_L.lib(net_loopback.o)
    0x08016654   0x08016654   0x00000070   Code   RO         1827    i.net_loop_send_frame  Net_Dbg_CM3_L.lib(net_loopback.o)
    0x080166c4   0x080166c4   0x000000c0   Code   RO         2594    i.net_mem_alloc     Net_Dbg_CM3_L.lib(net_mem.o)
    0x08016784   0x08016784   0x0000001c   Code   RO         2595    i.net_mem_avail     Net_Dbg_CM3_L.lib(net_mem.o)
    0x080167a0   0x080167a0   0x000000a4   Code   RO         2596    i.net_mem_free      Net_Dbg_CM3_L.lib(net_mem.o)
    0x08016844   0x08016844   0x00000070   Code   RO         2597    i.net_mem_init      Net_Dbg_CM3_L.lib(net_mem.o)
    0x080168b4   0x080168b4   0x00000048   Code   RO         2598    i.net_mem_shrink    Net_Dbg_CM3_L.lib(net_mem.o)
    0x080168fc   0x080168fc   0x00000064   Code   RO         2087    i.net_nbns_client_init  Net_Dbg_CM3_L.lib(net_nbns_client.o)
    0x08016960   0x08016960   0x000001c4   Code   RO         2444    i.net_ndp_cache_find  Net_Dbg_CM3_L.lib(net_ndp.o)
    0x08016b24   0x08016b24   0x00000078   Code   RO         2447    i.net_ndp_cache_refresh  Net_Dbg_CM3_L.lib(net_ndp.o)
    0x08016b9c   0x08016b9c   0x00000070   Code   RO         2450    i.net_ndp_enqueue   Net_Dbg_CM3_L.lib(net_ndp.o)
    0x08016c0c   0x08016c0c   0x00000374   Code   RO         2452    i.net_ndp_process   Net_Dbg_CM3_L.lib(net_ndp.o)
    0x08016f80   0x08016f80   0x00000038   Code   RO         2316    i.net_path          Net_Dbg_CM3_L.lib(net_sys.o)
    0x08016fb8   0x08016fb8   0x00000020   Code   RO         2287    i.net_ping_client_init  Net_Dbg_CM3_L.lib(net_ping_core.o)
    0x08016fd8   0x08016fd8   0x00000080   Code   RO         2288    i.net_ping_client_run  Net_Dbg_CM3_L.lib(net_ping_core.o)
    0x08017058   0x08017058   0x0000001c   Code   RO         2317    i.net_rand32        Net_Dbg_CM3_L.lib(net_sys.o)
    0x08017074   0x08017074   0x0000005c   Code   RO         2261    i.net_sntp_client_init  Net_Dbg_CM3_L.lib(net_sntp_client_core.o)
    0x080170d0   0x080170d0   0x00000058   Code   RO         2262    i.net_sntp_client_run  Net_Dbg_CM3_L.lib(net_sntp_client_core.o)
    0x08017128   0x08017128   0x00000148   Code   RO         2263    i.net_sntp_client_start  Net_Dbg_CM3_L.lib(net_sntp_client_core.o)
    0x08017270   0x08017270   0x0000002e   Code   RO         2624    i.net_strcasecmp    Net_Dbg_CM3_L.lib(net_common.o)
    0x0801729e   0x0801729e   0x00000016   Code   RO         2625    i.net_strchr        Net_Dbg_CM3_L.lib(net_common.o)
    0x080172b4   0x080172b4   0x0000001a   Code   RO         2626    i.net_strcmp        Net_Dbg_CM3_L.lib(net_common.o)
    0x080172ce   0x080172ce   0x00000012   Code   RO         2627    i.net_strcpy        Net_Dbg_CM3_L.lib(net_common.o)
    0x080172e0   0x080172e0   0x0000001c   Code   RO         2629    i.net_strnchr       Net_Dbg_CM3_L.lib(net_common.o)
    0x080172fc   0x080172fc   0x0000001a   Code   RO         2630    i.net_strncpy       Net_Dbg_CM3_L.lib(net_common.o)
    0x08017316   0x08017316   0x00000020   Code   RO         2631    i.net_strtoupper    Net_Dbg_CM3_L.lib(net_common.o)
    0x08017336   0x08017336   0x00000002   PAD
    0x08017338   0x08017338   0x0000000c   Code   RO         2318    i.net_sys_lock      Net_Dbg_CM3_L.lib(net_sys.o)
    0x08017344   0x08017344   0x00000016   Code   RO         2319    i.net_sys_resume    Net_Dbg_CM3_L.lib(net_sys.o)
    0x0801735a   0x0801735a   0x00000002   PAD
    0x0801735c   0x0801735c   0x00000014   Code   RO         2321    i.net_sys_tick      Net_Dbg_CM3_L.lib(net_sys.o)
    0x08017370   0x08017370   0x0000000c   Code   RO         2322    i.net_sys_unlock    Net_Dbg_CM3_L.lib(net_sys.o)
    0x0801737c   0x0801737c   0x00000020   Code   RO         2324    i.net_sys_wakeup    Net_Dbg_CM3_L.lib(net_sys.o)
    0x0801739c   0x0801739c   0x00000084   Code   RO         1935    i.net_tcp_abort     Net_Dbg_CM3_L.lib(net_tcp.o)
    0x08017420   0x08017420   0x000000e4   Code   RO         1938    i.net_tcp_close     Net_Dbg_CM3_L.lib(net_tcp.o)
    0x08017504   0x08017504   0x0000002e   Code   RO         1941    i.net_tcp_get_buf   Net_Dbg_CM3_L.lib(net_tcp.o)
    0x08017532   0x08017532   0x00000002   PAD
    0x08017534   0x08017534   0x00000034   Code   RO         1943    i.net_tcp_get_local_port  Net_Dbg_CM3_L.lib(net_tcp.o)
    0x08017568   0x08017568   0x00000028   Code   RO         1944    i.net_tcp_get_mss   Net_Dbg_CM3_L.lib(net_tcp.o)
    0x08017590   0x08017590   0x00000054   Code   RO         1946    i.net_tcp_get_peer  Net_Dbg_CM3_L.lib(net_tcp.o)
    0x080175e4   0x080175e4   0x00000070   Code   RO         1948    i.net_tcp_get_socket  Net_Dbg_CM3_L.lib(net_tcp.o)
    0x08017654   0x08017654   0x0000002c   Code   RO         1949    i.net_tcp_get_state  Net_Dbg_CM3_L.lib(net_tcp.o)
    0x08017680   0x08017680   0x00000034   Code   RO         1950    i.net_tcp_get_timer  Net_Dbg_CM3_L.lib(net_tcp.o)
    0x080176b4   0x080176b4   0x000000b0   Code   RO         1951    i.net_tcp_listen    Net_Dbg_CM3_L.lib(net_tcp.o)
    0x08017764   0x08017764   0x000007a8   Code   RO         1953    i.net_tcp_process   Net_Dbg_CM3_L.lib(net_tcp.o)
    0x08017f0c   0x08017f0c   0x0000015c   Code   RO         1957    i.net_tcp_send      Net_Dbg_CM3_L.lib(net_tcp.o)
    0x08018068   0x08018068   0x0000012c   Code   RO         1959    i.net_tcp_set_option  Net_Dbg_CM3_L.lib(net_tcp.o)
    0x08018194   0x08018194   0x00000028   Code   RO         1960    i.net_tcp_socket_init  Net_Dbg_CM3_L.lib(net_tcp.o)
    0x080181bc   0x080181bc   0x000003c0   Code   RO         1961    i.net_tcp_socket_run  Net_Dbg_CM3_L.lib(net_tcp.o)
    0x0801857c   0x0801857c   0x00000048   Code   RO         1869    i.net_udp_close     Net_Dbg_CM3_L.lib(net_udp.o)
    0x080185c4   0x080185c4   0x00000028   Code   RO         1870    i.net_udp_enable_lla  Net_Dbg_CM3_L.lib(net_udp.o)
    0x080185ec   0x080185ec   0x0000002e   Code   RO         1872    i.net_udp_get_buf   Net_Dbg_CM3_L.lib(net_udp.o)
    0x0801861a   0x0801861a   0x00000002   PAD
    0x0801861c   0x0801861c   0x00000070   Code   RO         1875    i.net_udp_get_socket  Net_Dbg_CM3_L.lib(net_udp.o)
    0x0801868c   0x0801868c   0x000000ac   Code   RO         1877    i.net_udp_open      Net_Dbg_CM3_L.lib(net_udp.o)
    0x08018738   0x08018738   0x00000158   Code   RO         1878    i.net_udp_process   Net_Dbg_CM3_L.lib(net_udp.o)
    0x08018890   0x08018890   0x00000012   Code   RO         1880    i.net_udp_send      Net_Dbg_CM3_L.lib(net_udp.o)
    0x080188a2   0x080188a2   0x00000002   PAD
    0x080188a4   0x080188a4   0x0000022c   Code   RO         1881    i.net_udp_send_if   Net_Dbg_CM3_L.lib(net_udp.o)
    0x08018ad0   0x08018ad0   0x00000024   Code   RO         1883    i.net_udp_socket_init  Net_Dbg_CM3_L.lib(net_udp.o)
    0x08018af4   0x08018af4   0x00000008   Code   RO         2632    i.net_ultoa         Net_Dbg_CM3_L.lib(net_common.o)
    0x08018afc   0x08018afc   0x00000030   Code   RO         2635    i.net_ultox         Net_Dbg_CM3_L.lib(net_common.o)
    0x08018b2c   0x08018b2c   0x0000004c   Code   RO         2636    i.net_xtoul         Net_Dbg_CM3_L.lib(net_common.o)
    0x08018b78   0x08018b78   0x0000001c   Code   RO         2291    i.ping_send_req     Net_Dbg_CM3_L.lib(net_ping_core.o)
    0x08018b94   0x08018b94   0x000000f0   Code   RO         2055    i.proc_opt_renew    Net_Dbg_CM3_L.lib(net_dhcp_client.o)
    0x08018c84   0x08018c84   0x000001a4   Code   RO         2056    i.proc_opt_req      Net_Dbg_CM3_L.lib(net_dhcp_client.o)
    0x08018e28   0x08018e28   0x00000048   Code   RO         2057    i.proc_opt_sel      Net_Dbg_CM3_L.lib(net_dhcp_client.o)
    0x08018e70   0x08018e70   0x00000058   Code   RO         2153    i.proc_req_line     Net_Dbg_CM3_L.lib(net_http_server.o)
    0x08018ec8   0x08018ec8   0x000000a0   Code   RO         2154    i.read_script_line  Net_Dbg_CM3_L.lib(net_http_server.o)
    0x08018f68   0x08018f68   0x00000048   Code   RO         2155    i.search_delim      Net_Dbg_CM3_L.lib(net_http_server.o)
    0x08018fb0   0x08018fb0   0x000000fc   Code   RO         2265    i.sntp_listener     Net_Dbg_CM3_L.lib(net_sntp_client_core.o)
    0x080190ac   0x080190ac   0x0000003c   Code   RO         2266    i.sntp_send_message  Net_Dbg_CM3_L.lib(net_sntp_client_core.o)
    0x080190e8   0x080190e8   0x00000018   Code   RO         2268    i.sntp_stop         Net_Dbg_CM3_L.lib(net_sntp_client_core.o)
    0x08019100   0x08019100   0x00000018   Code   RO         2325    i.sys_map_if        Net_Dbg_CM3_L.lib(net_sys.o)
    0x08019118   0x08019118   0x0000004c   Code   RO         2326    i.sys_proc_tick     Net_Dbg_CM3_L.lib(net_sys.o)
    0x08019164   0x08019164   0x00000110   Code   RO         1963    i.tcp_map_socket    Net_Dbg_CM3_L.lib(net_tcp.o)
    0x08019274   0x08019274   0x00000084   Code   RO         1964    i.tcp_parse_opt     Net_Dbg_CM3_L.lib(net_tcp.o)
    0x080192f8   0x080192f8   0x0000011c   Code   RO         1965    i.tcp_proc_acknr    Net_Dbg_CM3_L.lib(net_tcp.o)
    0x08019414   0x08019414   0x000000ac   Code   RO         1966    i.tcp_proc_dupack   Net_Dbg_CM3_L.lib(net_tcp.o)
    0x080194c0   0x080194c0   0x0000001a   Code   RO         1967    i.tcp_que_free      Net_Dbg_CM3_L.lib(net_tcp.o)
    0x080194da   0x080194da   0x0000001a   Code   RO         1968    i.tcp_que_init      Net_Dbg_CM3_L.lib(net_tcp.o)
    0x080194f4   0x080194f4   0x000000ac   Code   RO         1969    i.tcp_que_resend    Net_Dbg_CM3_L.lib(net_tcp.o)
    0x080195a0   0x080195a0   0x00000090   Code   RO         1970    i.tcp_send_ctrl     Net_Dbg_CM3_L.lib(net_tcp.o)
    0x08019630   0x08019630   0x0000007c   Code   RO         1971    i.tcp_send_data     Net_Dbg_CM3_L.lib(net_tcp.o)
    0x080196ac   0x080196ac   0x00000090   Code   RO         1972    i.tcp_send_reset    Net_Dbg_CM3_L.lib(net_tcp.o)
    0x0801973c   0x0801973c   0x00000044   Code   RO         1973    i.tcp_set_cwnd      Net_Dbg_CM3_L.lib(net_tcp.o)
    0x08019780   0x08019780   0x00000074   Code   RO         1974    i.tcp_transit       Net_Dbg_CM3_L.lib(net_tcp.o)
    0x080197f4   0x080197f4   0x0000010c   Code   RO         1975    i.tcp_write         Net_Dbg_CM3_L.lib(net_tcp.o)
    0x08019900   0x08019900   0x0000002c   Code   RO         1885    i.udp_port_in_use   Net_Dbg_CM3_L.lib(net_udp.o)
    0x0801992c   0x0801992c   0x00000044   Code   RO         2637    i.ul2str            Net_Dbg_CM3_L.lib(net_common.o)
    0x08019970   0x08019970   0x00000124   Code   RO         2156    i.utc_to_http       Net_Dbg_CM3_L.lib(net_http_server.o)
    0x08019a94   0x08019a94   0x00000024   Data   RO          165    .constdata          http_server.o
    0x08019ab8   0x08019ab8   0x00000010   Data   RO          166    .constdata          http_server.o
    0x08019ac8   0x08019ac8   0x00000004   Data   RO          224    .constdata          web.o
    0x08019acc   0x08019acc   0x00006fa3   Data   RO          225    .constdata          web.o
    0x08020a6f   0x08020a6f   0x00000001   PAD
    0x08020a70   0x08020a70   0x000000b8   Data   RO          226    .constdata          web.o
    0x08020b28   0x08020b28   0x00000f23   Data   RO          271    .constdata          lcd.o
    0x08021a4b   0x08021a4b   0x00000001   PAD
    0x08021a4c   0x08021a4c   0x00000024   Data   RO          614    .constdata          rtx_lib.o
    0x08021a70   0x08021a70   0x00000024   Data   RO          615    .constdata          rtx_lib.o
    0x08021a94   0x08021a94   0x00000018   Data   RO          616    .constdata          rtx_lib.o
    0x08021aac   0x08021aac   0x00000004   Data   RO          618    .constdata          rtx_lib.o
    0x08021ab0   0x08021ab0   0x00000004   Data   RO          954    .constdata          phy_lan8742a.o
    0x08021ab4   0x08021ab4   0x00000020   Data   RO          955    .constdata          phy_lan8742a.o
    0x08021ad4   0x08021ad4   0x00000050   Data   RO          982    .constdata          emac_stm32f4xx.o
    0x08021b24   0x08021b24   0x00000044   Data   RO          983    .constdata          emac_stm32f4xx.o
    0x08021b68   0x08021b68   0x00000034   Data   RO         1025    .constdata          spi_stm32f4xx.o
    0x08021b9c   0x08021b9c   0x00000010   Data   RO         1026    .constdata          spi_stm32f4xx.o
    0x08021bac   0x08021bac   0x00000010   Data   RO         1027    .constdata          spi_stm32f4xx.o
    0x08021bbc   0x08021bbc   0x0000002c   Data   RO         1028    .constdata          spi_stm32f4xx.o
    0x08021be8   0x08021be8   0x00000018   Data   RO         1064    .constdata          eventrecorder.o
    0x08021c00   0x08021c00   0x00000008   Data   RO         1203    .constdata          stm32f4xx_hal_dma.o
    0x08021c08   0x08021c08   0x00000010   Data   RO         1547    .constdata          system_stm32f4xx.o
    0x08021c18   0x08021c18   0x00000008   Data   RO         1548    .constdata          system_stm32f4xx.o
    0x08021c20   0x08021c20   0x000000a8   Data   RO         1590    .constdata          net_config.o
    0x08021cc8   0x08021cc8   0x0000001c   Data   RO         1591    .constdata          net_config.o
    0x08021ce4   0x08021ce4   0x00000014   Data   RO         1592    .constdata          net_config.o
    0x08021cf8   0x08021cf8   0x0000000c   Data   RO         1593    .constdata          net_config.o
    0x08021d04   0x08021d04   0x00000010   Data   RO         1594    .constdata          net_config.o
    0x08021d14   0x08021d14   0x00000028   Data   RO         1595    .constdata          net_config.o
    0x08021d3c   0x08021d3c   0x0000002c   Data   RO         1596    .constdata          net_config.o
    0x08021d68   0x08021d68   0x00000008   Data   RO         1597    .constdata          net_config.o
    0x08021d70   0x08021d70   0x00000008   Data   RO         1598    .constdata          net_config.o
    0x08021d78   0x08021d78   0x00000008   Data   RO         1599    .constdata          net_config.o
    0x08021d80   0x08021d80   0x00000008   Data   RO         1600    .constdata          net_config.o
    0x08021d88   0x08021d88   0x00000008   Data   RO         1601    .constdata          net_config.o
    0x08021d90   0x08021d90   0x00000008   Data   RO         1602    .constdata          net_config.o
    0x08021d98   0x08021d98   0x00000008   Data   RO         1603    .constdata          net_config.o
    0x08021da0   0x08021da0   0x00000008   Data   RO         1604    .constdata          net_config.o
    0x08021da8   0x08021da8   0x00000004   Data   RO         1606    .constdata          net_config.o
    0x08021dac   0x08021dac   0x0000000c   Data   RO         1607    .constdata          net_config.o
    0x08021db8   0x08021db8   0x00000018   Data   RO         1608    .constdata          net_config.o
    0x08021dd0   0x08021dd0   0x00000034   Data   RO         1609    .constdata          net_config.o
    0x08021e04   0x08021e04   0x00000008   Data   RO         1610    .constdata          net_config.o
    0x08021e0c   0x08021e0c   0x0000002c   Data   RO         1611    .constdata          net_config.o
    0x08021e38   0x08021e38   0x00000024   Data   RO         1612    .constdata          net_config.o
    0x08021e5c   0x08021e5c   0x00000010   Data   RO         1614    .constdata          net_config.o
    0x08021e6c   0x08021e6c   0x00000010   Data   RO         1615    .constdata          net_config.o
    0x08021e7c   0x08021e7c   0x0000002c   Data   RO         1828    .constdata          Net_Dbg_CM3_L.lib(net_loopback.o)
    0x08021ea8   0x08021ea8   0x0000000c   Data   RO         1829    .constdata          Net_Dbg_CM3_L.lib(net_loopback.o)
    0x08021eb4   0x08021eb4   0x00000008   Data   RO         2089    .constdata          Net_Dbg_CM3_L.lib(net_nbns_client.o)
    0x08021ebc   0x08021ebc   0x000000fa   Data   RO         2158    .constdata          Net_Dbg_CM3_L.lib(net_http_server.o)
    0x08021fb6   0x08021fb6   0x00000002   PAD
    0x08021fb8   0x08021fb8   0x00000018   Data   RO         2237    .constdata          Net_Dbg_CM3_L.lib(net_http_server_auth.o)
    0x08021fd0   0x08021fd0   0x00000012   Data   RO         2293    .constdata          Net_Dbg_CM3_L.lib(net_ping_core.o)
    0x08021fe2   0x08021fe2   0x00000010   Data   RO         2386    .constdata          Net_Dbg_CM3_L.lib(net_addr.o)
    0x08021ff2   0x08021ff2   0x00000006   Data   RO         2387    .constdata          Net_Dbg_CM3_L.lib(net_addr.o)
    0x08021ff8   0x08021ff8   0x00000004   Data   RO         2509    .constdata          Net_Dbg_CM3_L.lib(net_ip4.o)
    0x08021ffc   0x08021ffc   0x00000020   Data   RO         2544    .constdata          Net_Dbg_CM3_L.lib(net_ip6.o)
    0x0802201c   0x0802201c   0x00000018   Data   RO         2584    .constdata          Net_Dbg_CM3_L.lib(net_http_server_err.o)
    0x08022034   0x08022034   0x00000010   Data   RO         2638    .constdata          Net_Dbg_CM3_L.lib(net_common.o)
    0x08022044   0x08022044   0x00000090   Data   RO         2685    .constdata          Net_Dbg_CM3_L.lib(net_base64.o)
    0x080220d4   0x080220d4   0x00000004   Data   RO         2694    .constdata          Net_Dbg_CM3_L.lib(net_version.o)
    0x080220d8   0x080220d8   0x0000000c   Data   RO         2708    .constdata          mc_w.l(localtime.o)
    0x080220e4   0x080220e4   0x000000da   Data   RO          317    .conststring        http_server_cgi.o
    0x080221be   0x080221be   0x00000002   PAD
    0x080221c0   0x080221c0   0x00000078   Data   RO         1616    .conststring        net_config.o
    0x08022238   0x08022238   0x0000000d   Data   RO         1617    .conststring        net_config.o
    0x08022245   0x08022245   0x00000003   PAD
    0x08022248   0x08022248   0x00000001   Data   RO         1618    .conststring        net_config.o
    0x08022249   0x08022249   0x00000003   PAD
    0x0802224c   0x0802224c   0x00000038   Data   RO         1619    .conststring        net_config.o
    0x08022284   0x08022284   0x0000001c   Data   RO         1620    .conststring        net_config.o
    0x080222a0   0x080222a0   0x00000203   Data   RO         2585    .conststring        Net_Dbg_CM3_L.lib(net_http_server_err.o)
    0x080224a3   0x080224a3   0x00000001   PAD
    0x080224a4   0x080224a4   0x0000000b   Data   RO          559    .conststrlit        rtx_kernel.o
    0x080224af   0x080224af   0x00000001   PAD
    0x080224b0   0x080224b0   0x000000a8   Data   RO          619    .rodata             rtx_lib.o
    0x08022558   0x08022558   0x00000030   Data   RO         3043    Region$$Table       anon$$obj.o


    Execution Region RW_IRAM2 (Exec base: 0x10000000, Load base: 0x080226cc, Size: 0x000004a4, Max: 0x00010000, ABSOLUTE)

    Exec Addr    Load Addr    Size         Type   Attr      Idx    E Section Name        Object

    0x10000000        -       0x000004a4   Zero   RW         1063    .bss.noinit         eventrecorder.o


    Execution Region RW_IRAM1 (Exec base: 0x20000000, Load base: 0x08022588, Size: 0x0000f728, Max: 0x00030000, ABSOLUTE, COMPRESSED[0x00000144])

    Exec Addr    Load Addr    Size         Type   Attr      Idx    E Section Name        Object

    0x20000000   COMPRESSED   0x00008000   Data   RW          606    .bss.os             rtx_lib.o
    0x20008000   COMPRESSED   0x00000040   Data   RW          607    .bss.os             rtx_lib.o
    0x20008040   COMPRESSED   0x00000001   Data   RW          906    .bss.os             os_systick.o
    0x20008041   COMPRESSED   0x00000003   PAD
    0x20008044   COMPRESSED   0x00000034   Data   RW          608    .bss.os.msgqueue.cb  rtx_lib.o
    0x20008078   COMPRESSED   0x00000050   Data   RW          609    .bss.os.msgqueue.mem  rtx_lib.o
    0x200080c8   COMPRESSED   0x0000001c   Data   RW         1584    .bss.os.mutex.cb    net_config.o
    0x200080e4   COMPRESSED   0x0000001c   Data   RW         1585    .bss.os.mutex.cb    net_config.o
    0x20008100   COMPRESSED   0x00000010   Data   RW         1586    .bss.os.semaphore.cb  net_config.o
    0x20008110   COMPRESSED   0x00000044   Data   RW          610    .bss.os.thread.cb   rtx_lib.o
    0x20008154   COMPRESSED   0x00000044   Data   RW          611    .bss.os.thread.cb   rtx_lib.o
    0x20008198   COMPRESSED   0x00000044   Data   RW         1587    .bss.os.thread.cb   net_config.o
    0x200081dc   COMPRESSED   0x00000044   Data   RW         1588    .bss.os.thread.cb   net_config.o
    0x20008220   COMPRESSED   0x00000200   Data   RW          612    .bss.os.thread.idle.stack  rtx_lib.o
    0x20008420   COMPRESSED   0x00000200   Data   RW          613    .bss.os.thread.timer.stack  rtx_lib.o
    0x20008620   COMPRESSED   0x00000020   Data   RW         1589    .bss.os.timer.cb    net_config.o
    0x20008640   COMPRESSED   0x00000004   Data   RW            5    .data               main.o
    0x20008644   COMPRESSED   0x0000004a   Data   RW          167    .data               http_server.o
    0x2000868e   COMPRESSED   0x00000002   PAD
    0x20008690   COMPRESSED   0x00000208   Data   RW          272    .data               lcd.o
    0x20008898   COMPRESSED   0x00000008   Data   RW          318    .data               http_server_cgi.o
    0x200088a0   COMPRESSED   0x00000008   Data   RW          376    .data               rtc.o
    0x200088a8   COMPRESSED   0x0000000c   Data   RW         1097    .data               stm32f4xx_hal.o
    0x200088b4   COMPRESSED   0x00000004   Data   RW         1549    .data               system_stm32f4xx.o
    0x200088b8   COMPRESSED   0x00000004   Data   RW         1622    .data               net_config.o
    0x200088bc   COMPRESSED   0x00000006   Data   RW         1623    .data               net_config.o
    0x200088c2   COMPRESSED   0x00000004   Data   RW         1624    .data               net_config.o
    0x200088c6   COMPRESSED   0x00000002   PAD
    0x200088c8   COMPRESSED   0x00000004   Data   RW         1830    .data               Net_Dbg_CM3_L.lib(net_loopback.o)
    0x200088cc   COMPRESSED   0x00000001   Data   RW         1845    .data               Net_Dbg_CM3_L.lib(net_icmp.o)
    0x200088cd   COMPRESSED   0x00000001   PAD
    0x200088ce   COMPRESSED   0x00000002   Data   RW         1887    .data               Net_Dbg_CM3_L.lib(net_udp.o)
    0x200088d0   COMPRESSED   0x00000004   Data   RW         1978    .data               Net_Dbg_CM3_L.lib(net_tcp.o)
    0x200088d4   COMPRESSED   0x00000002   Data   RW         2063    .data               Net_Dbg_CM3_L.lib(net_dhcp_client.o)
    0x200088d6   COMPRESSED   0x00000001   Data   RW         2090    .data               Net_Dbg_CM3_L.lib(net_nbns_client.o)
    0x200088d7   COMPRESSED   0x00000001   PAD
    0x200088d8   COMPRESSED   0x0000000c   Data   RW         2159    .data               Net_Dbg_CM3_L.lib(net_http_server.o)
    0x200088e4   COMPRESSED   0x00000008   Data   RW         2510    .data               Net_Dbg_CM3_L.lib(net_ip4.o)
    0x200088ec   COMPRESSED   0x00000004   Data   RW         2546    .data               Net_Dbg_CM3_L.lib(net_ip6.o)
    0x200088f0   COMPRESSED   0x000000a4   Data   RW          560    .data.os            rtx_kernel.o
    0x20008994        -       0x00000100   Zero   RW          163    .bss                http_server.o
    0x20008a94   COMPRESSED   0x00000004   PAD
    0x20008a98        -       0x00000400   Zero   RW          164    .bss                http_server.o
    0x20008e98        -       0x00000014   Zero   RW          244    .bss                leds.o
    0x20008eac        -       0x00000054   Zero   RW          270    .bss                lcd.o
    0x20008f00        -       0x00000038   Zero   RW          316    .bss                http_server_cgi.o
    0x20008f38        -       0x0000007a   Zero   RW          374    .bss                rtc.o
    0x20008fb2   COMPRESSED   0x00000002   PAD
    0x20008fb4        -       0x0000000c   Zero   RW          953    .bss                phy_lan8742a.o
    0x20008fc0        -       0x000024cc   Zero   RW          981    .bss                emac_stm32f4xx.o
    0x2000b48c        -       0x00000010   Zero   RW         1023    .bss                spi_stm32f4xx.o
    0x2000b49c        -       0x0000001c   Zero   RW         1024    .bss                spi_stm32f4xx.o
    0x2000b4b8        -       0x00000400   Zero   RW         1576    .bss                net_config.o
    0x2000b8b8        -       0x00000400   Zero   RW         1577    .bss                net_config.o
    0x2000bcb8        -       0x00002ee0   Zero   RW         1578    .bss                net_config.o
    0x2000eb98        -       0x000000c8   Zero   RW         1579    .bss                net_config.o
    0x2000ec60        -       0x00000018   Zero   RW         1580    .bss                net_config.o
    0x2000ec78        -       0x00000050   Zero   RW         1581    .bss                net_config.o
    0x2000ecc8        -       0x00000228   Zero   RW         1582    .bss                net_config.o
    0x2000eef0        -       0x00000150   Zero   RW         1583    .bss                net_config.o
    0x2000f040        -       0x000000a0   Zero   RW         1725    .bss                Net_Dbg_CM3_L.lib(net_eth.o)
    0x2000f0e0        -       0x00000018   Zero   RW         1785    .bss                Net_Dbg_CM3_L.lib(net_arp.o)
    0x2000f0f8        -       0x0000001c   Zero   RW         1886    .bss                Net_Dbg_CM3_L.lib(net_udp.o)
    0x2000f114        -       0x00000028   Zero   RW         2059    .bss                Net_Dbg_CM3_L.lib(net_dhcp_client.o)
    0x2000f13c        -       0x00000098   Zero   RW         2157    .bss                Net_Dbg_CM3_L.lib(net_http_server.o)
    0x2000f1d4        -       0x0000002c   Zero   RW         2269    .bss                Net_Dbg_CM3_L.lib(net_sntp_client_core.o)
    0x2000f200        -       0x0000002c   Zero   RW         2292    .bss                Net_Dbg_CM3_L.lib(net_ping_core.o)
    0x2000f22c        -       0x00000038   Zero   RW         2327    .bss                Net_Dbg_CM3_L.lib(net_sys.o)
    0x2000f264        -       0x00000024   Zero   RW         2328    .bss                Net_Dbg_CM3_L.lib(net_sys.o)
    0x2000f288        -       0x0000005c   Zero   RW         2385    .bss                Net_Dbg_CM3_L.lib(net_addr.o)
    0x2000f2e4        -       0x00000014   Zero   RW         2600    .bss                Net_Dbg_CM3_L.lib(net_mem.o)
    0x2000f2f8        -       0x0000002c   Zero   RW         2707    .bss                mc_w.l(localtime.o)
    0x2000f324   COMPRESSED   0x00000004   PAD
    0x2000f328        -       0x00000400   Zero   RW         1536    STACK               startup_stm32f429xx.o


==============================================================================

Image component sizes


      Code (inc. data)   RO Data    RW Data    ZI Data      Debug   Object Name

       288         20          0          0          0       2189   adc.o
      2536        156        148          0       9420      47726   emac_stm32f4xx.o
      1452         40         24          0       1188      17504   eventrecorder.o
       988        110         52         74       1280      14061   http_server.o
      2056        374        218          8         56       4719   http_server_cgi.o
       148          8          0          0          0        648   irq_armv7m.o
       864         36       3875        520         84       8997   lcd.o
       200         14          0          0         20       1808   leds.o
       272         28          0          4          0     799331   main.o
       364         24        822        254      15240      36216   net_config.o
       338          0          0          0          0        854   net_debug.o
       196         12          0          1          0       1996   os_systick.o
       428         10         36          0         12       7002   phy_lan8742a.o
       532         60          0          8        122       3324   rtc.o
         4          0          0          0          0        599   rtx_config.o
       260         14          0          0          0      17978   rtx_delay.o
      2404         88          0          0          0      45386   rtx_evr.o
      1752         98         11        164          0      28156   rtx_kernel.o
         0          0        268      34124          0       9294   rtx_lib.o
       292          0          0          0          0       3863   rtx_memory.o
      1984         48          0          0          0      15268   rtx_mempool.o
      2820         58          0          0          0      23800   rtx_msgqueue.o
      1368         30          0          0          0      10206   rtx_mutex.o
      1432         34          0          0          0      12004   rtx_semaphore.o
       668         18          0          0          0       8585   rtx_system.o
      4828        124          0          0          0      33343   rtx_thread.o
      1152         34          0          0          0      10309   rtx_timer.o
      3164         98        128          0         44      44991   spi_stm32f4xx.o
        36          8        428          0       1024        836   startup_stm32f429xx.o
       456         38          0         12          0      11495   stm32f4xx_hal.o
      2744         92          0          0          0       8875   stm32f4xx_hal_adc.o
      1828         42          0          0          0       6582   stm32f4xx_hal_adc_ex.o
       664         10          0          0          0      36186   stm32f4xx_hal_cortex.o
      1816         28          8          0          0       7689   stm32f4xx_hal_dma.o
       868         54          0          0          0       4039   stm32f4xx_hal_gpio.o
       376         20          0          0          0       3667   stm32f4xx_hal_pwr.o
      1888         66          0          0          0       6191   stm32f4xx_hal_rcc.o
      1508         80          0          0          0       4745   stm32f4xx_hal_rcc_ex.o
      2416         24          0          0          0       8757   stm32f4xx_hal_rtc.o
      2828         22          0          0          0      13741   stm32f4xx_hal_rtc_ex.o
      9170        166          0          0          0      37684   stm32f4xx_hal_tim.o
      2992         62          0          0          0      13712   stm32f4xx_hal_tim_ex.o
        70          0          0          0          0       1315   stm32f4xx_it.o
       148         20         24          4          0       1801   system_stm32f4xx.o
       120         10      28767          0          0       1732   web.o

    ----------------------------------------------------------------------
     62722       2278      34868      35180      28496    1379204   Object Totals
         0          0         48          0          0          0   (incl. Generated)
         4          0         11          7          6          0   (incl. Padding)

    ----------------------------------------------------------------------

      Code (inc. data)   RO Data    RW Data    ZI Data      Debug   Library Member Name

      1458         18         22          0         92       1624   net_addr.o
      2892        144          0          0         24       1616   net_arp.o
       120          6        144          0          0         84   net_base64.o
       622         10         16          0          0       1340   net_common.o
      3766        164          0          2         40        888   net_dhcp_client.o
      3664        138          0          0        160       1600   net_eth.o
      6834       1268        250         12        152       2852   net_http_server.o
       266         66         24          0          0        368   net_http_server_auth.o
         0          0        539          0          0          0   net_http_server_err.o
       640         48          0          1          0        236   net_icmp.o
       812         60          0          0          0        332   net_icmp6.o
      1188         82          4          8          0        956   net_ip4.o
       848         72         32          4          0        644   net_ip6.o
       348         28         56          4          0        256   net_loopback.o
       592         64          0          0         20        564   net_mem.o
       520         44          8          1          0        188   net_nbns_client.o
      3058        106          0          0          0       1404   net_ndp.o
       188         32         18          0         44        220   net_ping_core.o
       872         70          0          0         44        584   net_sntp_client_core.o
       834         84          0          0         92       1012   net_sys.o
      6566        282          0          4          0       2728   net_tcp.o
      1440         86          0          2         28        840   net_udp.o
         0          0          4          0          0          0   net_version.o
        86          0          0          0          0          0   __dczerorl2.o
         0          0          0          0          0          0   entry.o
         0          0          0          0          0          0   entry10a.o
         0          0          0          0          0          0   entry11a.o
         4          0          0          0          0          0   entry12b.o
         8          4          0          0          0          0   entry2.o
         4          0          0          0          0          0   entry5.o
         0          0          0          0          0          0   entry7b.o
         0          0          0          0          0          0   entry8b.o
         8          4          0          0          0          0   entry9a.o
        30          0          0          0          0          0   handlers.o
        36          8          0          0          0         68   init.o
         0          0          0          0          0          0   iusefp.o
        30          0          0          0          0         68   llshl.o
        36          0          0          0          0         68   llsshr.o
        32          0          0          0          0         68   llushr.o
       148         10         12          0         44         76   localtime.o
        26          0          0          0          0         80   memcmp.o
        36          0          0          0          0         68   memcpya.o
        36          0          0          0          0        108   memseta.o
      2236         86          0          0          0        532   printfa.o
        28          0          0          0          0         76   strcmp.o
        18          0          0          0          0         68   strcpy.o
        14          0          0          0          0         68   strlen.o
        30          0          0          0          0         80   strncmp.o
        44          0          0          0          0         80   uidiv.o
        98          0          0          0          0         92   uldiv.o
        48          0          0          0          0         68   cdrcmple.o
       334          0          0          0          0        148   dadd.o
       222          0          0          0          0        100   ddiv.o
       186          0          0          0          0        176   depilogue.o
        48          0          0          0          0         68   dfixul.o
       228          0          0          0          0         96   dmul.o
        46          0          0          0          0         80   dscalb.o
        38          0          0          0          0         68   f2d.o
       110          0          0          0          0        168   fepilogue.o
        10          0          0          0          0         68   ffltui.o
       100          0          0          0          0         76   fmul.o
        24          0          0          0          0         68   fscalb.o

    ----------------------------------------------------------------------
     41958       2984       1132         40        744      23120   Library Totals
        48          0          3          2          4          0   (incl. Padding)

    ----------------------------------------------------------------------

      Code (inc. data)   RO Data    RW Data    ZI Data      Debug   Library Name

     37528       2872       1117         38        696      20336   Net_Dbg_CM3_L.lib
      2988        112         12          0         44       1600   mc_w.l
      1394          0          0          0          0       1184   mf_w.l

    ----------------------------------------------------------------------
     41958       2984       1132         40        744      23120   Library Totals

    ----------------------------------------------------------------------

==============================================================================


      Code (inc. data)   RO Data    RW Data    ZI Data      Debug   

    104680       5262      36000      35220      29240    1383888   Grand Totals
    104680       5262      36000        324      29240    1383888   ELF Image Totals (compressed)
    104680       5262      36000        324          0          0   ROM Totals

==============================================================================

    Total RO  Size (Code + RO Data)               140680 ( 137.38kB)
    Total RW  Size (RW Data + ZI Data)             64460 (  62.95kB)
    Total ROM Size (Code + RO Data + RW Data)     141004 ( 137.70kB)

==============================================================================

