Component: ARM Compiler 5.06 update 7 (build 960) Tool: armlink [4d3601]

==============================================================================

Section Cross References

    system_stm32f4xx.o(i.SystemCoreClockUpdate) refers to system_stm32f4xx.o(.data) for .data
    system_stm32f4xx.o(i.SystemCoreClockUpdate) refers to system_stm32f4xx.o(.constdata) for .constdata
    stm32f4xx_hal_rtc_ex.o(i.HAL_RTCEx_DeactivateCoarseCalib) refers to stm32f4xx_hal_rtc.o(i.RTC_EnterInitMode) for RTC_EnterInitMode
    stm32f4xx_hal_rtc_ex.o(i.HAL_RTCEx_DeactivateCoarseCalib) refers to stm32f4xx_hal_rtc.o(i.RTC_ExitInitMode) for RTC_ExitInitMode
    stm32f4xx_hal_rtc_ex.o(i.HAL_RTCEx_DeactivateRefClock) refers to stm32f4xx_hal_rtc.o(i.RTC_EnterInitMode) for RTC_EnterInitMode
    stm32f4xx_hal_rtc_ex.o(i.HAL_RTCEx_DeactivateRefClock) refers to stm32f4xx_hal_rtc.o(i.RTC_ExitInitMode) for RTC_ExitInitMode
    stm32f4xx_hal_rtc_ex.o(i.HAL_RTCEx_DeactivateWakeUpTimer) refers to stm32f4xx_hal.o(i.HAL_GetTick) for HAL_GetTick
    stm32f4xx_hal_rtc_ex.o(i.HAL_RTCEx_GetTimeStamp) refers to stm32f4xx_hal_rtc.o(i.RTC_Bcd2ToByte) for RTC_Bcd2ToByte
    stm32f4xx_hal_rtc_ex.o(i.HAL_RTCEx_PollForAlarmBEvent) refers to stm32f4xx_hal.o(i.HAL_GetTick) for HAL_GetTick
    stm32f4xx_hal_rtc_ex.o(i.HAL_RTCEx_PollForTamper1Event) refers to stm32f4xx_hal.o(i.HAL_GetTick) for HAL_GetTick
    stm32f4xx_hal_rtc_ex.o(i.HAL_RTCEx_PollForTamper2Event) refers to stm32f4xx_hal.o(i.HAL_GetTick) for HAL_GetTick
    stm32f4xx_hal_rtc_ex.o(i.HAL_RTCEx_PollForTimeStampEvent) refers to stm32f4xx_hal.o(i.HAL_GetTick) for HAL_GetTick
    stm32f4xx_hal_rtc_ex.o(i.HAL_RTCEx_PollForWakeUpTimerEvent) refers to stm32f4xx_hal.o(i.HAL_GetTick) for HAL_GetTick
    stm32f4xx_hal_rtc_ex.o(i.HAL_RTCEx_SetCoarseCalib) refers to stm32f4xx_hal_rtc.o(i.RTC_EnterInitMode) for RTC_EnterInitMode
    stm32f4xx_hal_rtc_ex.o(i.HAL_RTCEx_SetCoarseCalib) refers to stm32f4xx_hal_rtc.o(i.RTC_ExitInitMode) for RTC_ExitInitMode
    stm32f4xx_hal_rtc_ex.o(i.HAL_RTCEx_SetRefClock) refers to stm32f4xx_hal_rtc.o(i.RTC_EnterInitMode) for RTC_EnterInitMode
    stm32f4xx_hal_rtc_ex.o(i.HAL_RTCEx_SetRefClock) refers to stm32f4xx_hal_rtc.o(i.RTC_ExitInitMode) for RTC_ExitInitMode
    stm32f4xx_hal_rtc_ex.o(i.HAL_RTCEx_SetSmoothCalib) refers to stm32f4xx_hal.o(i.HAL_GetTick) for HAL_GetTick
    stm32f4xx_hal_rtc_ex.o(i.HAL_RTCEx_SetSynchroShift) refers to stm32f4xx_hal.o(i.HAL_GetTick) for HAL_GetTick
    stm32f4xx_hal_rtc_ex.o(i.HAL_RTCEx_SetSynchroShift) refers to stm32f4xx_hal_rtc.o(i.HAL_RTC_WaitForSynchro) for HAL_RTC_WaitForSynchro
    stm32f4xx_hal_rtc_ex.o(i.HAL_RTCEx_SetWakeUpTimer) refers to stm32f4xx_hal.o(i.HAL_GetTick) for HAL_GetTick
    stm32f4xx_hal_rtc_ex.o(i.HAL_RTCEx_SetWakeUpTimer_IT) refers to system_stm32f4xx.o(.data) for SystemCoreClock
    stm32f4xx_hal_rtc_ex.o(i.HAL_RTCEx_TamperTimeStampIRQHandler) refers to stm32f4xx_hal_rtc_ex.o(i.HAL_RTCEx_TimeStampEventCallback) for HAL_RTCEx_TimeStampEventCallback
    stm32f4xx_hal_rtc_ex.o(i.HAL_RTCEx_TamperTimeStampIRQHandler) refers to stm32f4xx_hal_rtc_ex.o(i.HAL_RTCEx_Tamper1EventCallback) for HAL_RTCEx_Tamper1EventCallback
    stm32f4xx_hal_rtc_ex.o(i.HAL_RTCEx_TamperTimeStampIRQHandler) refers to stm32f4xx_hal_rtc_ex.o(i.HAL_RTCEx_Tamper2EventCallback) for HAL_RTCEx_Tamper2EventCallback
    stm32f4xx_hal_rtc_ex.o(i.HAL_RTCEx_WakeUpTimerIRQHandler) refers to main.o(i.HAL_RTCEx_WakeUpTimerEventCallback) for HAL_RTCEx_WakeUpTimerEventCallback
    stm32f4xx_hal_eth.o(i.ETH_Delay) refers to system_stm32f4xx.o(.data) for SystemCoreClock
    stm32f4xx_hal_eth.o(i.ETH_FlushTransmitFIFO) refers to stm32f4xx_hal_eth.o(i.ETH_Delay) for ETH_Delay
    stm32f4xx_hal_eth.o(i.ETH_MACDMAConfig) refers to stm32f4xx_hal.o(i.HAL_Delay) for HAL_Delay
    stm32f4xx_hal_eth.o(i.HAL_ETH_ConfigDMA) refers to stm32f4xx_hal.o(i.HAL_Delay) for HAL_Delay
    stm32f4xx_hal_eth.o(i.HAL_ETH_ConfigMAC) refers to stm32f4xx_hal.o(i.HAL_Delay) for HAL_Delay
    stm32f4xx_hal_eth.o(i.HAL_ETH_DeInit) refers to stm32f4xx_hal_eth.o(i.HAL_ETH_MspDeInit) for HAL_ETH_MspDeInit
    stm32f4xx_hal_eth.o(i.HAL_ETH_IRQHandler) refers to stm32f4xx_hal_eth.o(i.HAL_ETH_RxCpltCallback) for HAL_ETH_RxCpltCallback
    stm32f4xx_hal_eth.o(i.HAL_ETH_IRQHandler) refers to stm32f4xx_hal_eth.o(i.HAL_ETH_TxCpltCallback) for HAL_ETH_TxCpltCallback
    stm32f4xx_hal_eth.o(i.HAL_ETH_IRQHandler) refers to stm32f4xx_hal_eth.o(i.HAL_ETH_ErrorCallback) for HAL_ETH_ErrorCallback
    stm32f4xx_hal_eth.o(i.HAL_ETH_Init) refers to stm32f4xx_hal_eth.o(i.HAL_ETH_MspInit) for HAL_ETH_MspInit
    stm32f4xx_hal_eth.o(i.HAL_ETH_Init) refers to stm32f4xx_hal.o(i.HAL_GetTick) for HAL_GetTick
    stm32f4xx_hal_eth.o(i.HAL_ETH_Init) refers to stm32f4xx_hal_rcc.o(i.HAL_RCC_GetHCLKFreq) for HAL_RCC_GetHCLKFreq
    stm32f4xx_hal_eth.o(i.HAL_ETH_Init) refers to stm32f4xx_hal_eth.o(i.HAL_ETH_WritePHYRegister) for HAL_ETH_WritePHYRegister
[...]
    stm32f4xx_hal_rtc.o(i.HAL_RTC_PollForAlarmAEvent) refers to stm32f4xx_hal.o(i.HAL_GetTick) for HAL_GetTick
    stm32f4xx_hal_rtc.o(i.HAL_RTC_SetAlarm) refers to stm32f4xx_hal.o(i.HAL_GetTick) for HAL_GetTick
    stm32f4xx_hal_rtc.o(i.HAL_RTC_SetAlarm) refers to stm32f4xx_hal_rtc.o(i.RTC_ByteToBcd2) for RTC_ByteToBcd2
    stm32f4xx_hal_rtc.o(i.HAL_RTC_SetAlarm_IT) refers to stm32f4xx_hal_rtc.o(i.RTC_ByteToBcd2) for RTC_ByteToBcd2
    stm32f4xx_hal_rtc.o(i.HAL_RTC_SetAlarm_IT) refers to system_stm32f4xx.o(.data) for SystemCoreClock
    stm32f4xx_hal_rtc.o(i.HAL_RTC_SetDate) refers to stm32f4xx_hal_rtc.o(i.RTC_EnterInitMode) for RTC_EnterInitMode
    stm32f4xx_hal_rtc.o(i.HAL_RTC_SetDate) refers to stm32f4xx_hal_rtc.o(i.RTC_ByteToBcd2) for RTC_ByteToBcd2
    stm32f4xx_hal_rtc.o(i.HAL_RTC_SetDate) refers to stm32f4xx_hal_rtc.o(i.RTC_ExitInitMode) for RTC_ExitInitMode
    stm32f4xx_hal_rtc.o(i.HAL_RTC_SetTime) refers to stm32f4xx_hal_rtc.o(i.RTC_EnterInitMode) for RTC_EnterInitMode
    stm32f4xx_hal_rtc.o(i.HAL_RTC_SetTime) refers to stm32f4xx_hal_rtc.o(i.RTC_ByteToBcd2) for RTC_ByteToBcd2
    stm32f4xx_hal_rtc.o(i.HAL_RTC_SetTime) refers to stm32f4xx_hal_rtc.o(i.RTC_ExitInitMode) for RTC_ExitInitMode
    stm32f4xx_hal_rtc.o(i.HAL_RTC_WaitForSynchro) refers to stm32f4xx_hal.o(i.HAL_GetTick) for HAL_GetTick
    stm32f4xx_hal_rtc.o(i.RTC_EnterInitMode) refers to stm32f4xx_hal.o(i.HAL_GetTick) for HAL_GetTick
    stm32f4xx_hal_rtc.o(i.RTC_ExitInitMode) refers to stm32f4xx_hal_rtc.o(i.HAL_RTC_WaitForSynchro) for HAL_RTC_WaitForSynchro
    stm32f4xx_hal_gpio.o(i.HAL_GPIO_EXTI_IRQHandler) refers to main.o(i.HAL_GPIO_EXTI_Callback) for HAL_GPIO_EXTI_Callback
    stm32f4xx_hal_pwr_ex.o(i.HAL_PWREx_ControlVoltageScaling) refers to stm32f4xx_hal.o(i.HAL_GetTick) for HAL_GetTick
    stm32f4xx_hal_pwr_ex.o(i.HAL_PWREx_DisableBkUpReg) refers to stm32f4xx_hal.o(i.HAL_GetTick) for HAL_GetTick
    stm32f4xx_hal_pwr_ex.o(i.HAL_PWREx_DisableOverDrive) refers to stm32f4xx_hal.o(i.HAL_GetTick) for HAL_GetTick
    stm32f4xx_hal_pwr_ex.o(i.HAL_PWREx_EnableBkUpReg) refers to stm32f4xx_hal.o(i.HAL_GetTick) for HAL_GetTick
    stm32f4xx_hal_pwr_ex.o(i.HAL_PWREx_EnableOverDrive) refers to stm32f4xx_hal.o(i.HAL_GetTick) for HAL_GetTick
    stm32f4xx_hal_flash.o(i.FLASH_SetErrorCode) refers to stm32f4xx_hal_flash.o(.bss) for .bss
    stm32f4xx_hal_flash.o(i.FLASH_WaitForLastOperation) refers to stm32f4xx_hal.o(i.HAL_GetTick) for HAL_GetTick
    stm32f4xx_hal_flash.o(i.FLASH_WaitForLastOperation) refers to stm32f4xx_hal_flash.o(i.FLASH_SetErrorCode) for FLASH_SetErrorCode
    stm32f4xx_hal_flash.o(i.FLASH_WaitForLastOperation) refers to stm32f4xx_hal_flash.o(.bss) for .bss
    stm32f4xx_hal_flash.o(i.HAL_FLASH_GetError) refers to stm32f4xx_hal_flash.o(.bss) for .bss
    stm32f4xx_hal_flash.o(i.HAL_FLASH_IRQHandler) refers to stm32f4xx_hal_flash.o(i.FLASH_SetErrorCode) for FLASH_SetErrorCode
    stm32f4xx_hal_flash.o(i.HAL_FLASH_IRQHandler) refers to stm32f4xx_hal_flash.o(i.HAL_FLASH_OperationErrorCallback) for HAL_FLASH_OperationErrorCallback
    stm32f4xx_hal_flash.o(i.HAL_FLASH_IRQHandler) refers to stm32f4xx_hal_flash.o(i.HAL_FLASH_EndOfOperationCallback) for HAL_FLASH_EndOfOperationCallback
    stm32f4xx_hal_flash.o(i.HAL_FLASH_IRQHandler) refers to stm32f4xx_hal_flash_ex.o(i.FLASH_Erase_Sector) for FLASH_Erase_Sector
    stm32f4xx_hal_flash.o(i.HAL_FLASH_IRQHandler) refers to stm32f4xx_hal_flash_ex.o(i.FLASH_FlushCaches) for FLASH_FlushCaches
    stm32f4xx_hal_flash.o(i.HAL_FLASH_IRQHandler) refers to stm32f4xx_hal_flash.o(.bss) for .bss
    stm32f4xx_hal_flash.o(i.HAL_FLASH_OB_Launch) refers to stm32f4xx_hal_flash.o(i.FLASH_WaitForLastOperation) for FLASH_WaitForLastOperation
    stm32f4xx_hal_flash.o(i.HAL_FLASH_Program) refers to stm32f4xx_hal_flash.o(i.FLASH_WaitForLastOperation) for FLASH_WaitForLastOperation
    stm32f4xx_hal_flash.o(i.HAL_FLASH_Program) refers to stm32f4xx_hal_flash.o(i.FLASH_Program_DoubleWord) for FLASH_Program_DoubleWord
    stm32f4xx_hal_flash.o(i.HAL_FLASH_Program) refers to stm32f4xx_hal_flash.o(i.FLASH_Program_Byte) for FLASH_Program_Byte
    stm32f4xx_hal_flash.o(i.HAL_FLASH_Program) refers to stm32f4xx_hal_flash.o(i.FLASH_Program_HalfWord) for FLASH_Program_HalfWord
    stm32f4xx_hal_flash.o(i.HAL_FLASH_Program) refers to stm32f4xx_hal_flash.o(i.FLASH_Program_Word) for FLASH_Program_Word
    stm32f4xx_hal_flash.o(i.HAL_FLASH_Program) refers to stm32f4xx_hal_flash.o(.bss) for .bss
    stm32f4xx_hal_flash.o(i.HAL_FLASH_Program_IT) refers to stm32f4xx_hal_flash.o(i.FLASH_Program_DoubleWord) for FLASH_Program_DoubleWord
    stm32f4xx_hal_flash.o(i.HAL_FLASH_Program_IT) refers to stm32f4xx_hal_flash.o(i.FLASH_Program_Byte) for FLASH_Program_Byte
    stm32f4xx_hal_flash.o(i.HAL_FLASH_Program_IT) refers to stm32f4xx_hal_flash.o(i.FLASH_Program_HalfWord) for FLASH_Program_HalfWord
    stm32f4xx_hal_flash.o(i.HAL_FLASH_Program_IT) refers to stm32f4xx_hal_flash.o(i.FLASH_Program_Word) for FLASH_Program_Word
    stm32f4xx_hal_flash.o(i.HAL_FLASH_Program_IT) refers to stm32f4xx_hal_flash.o(.bss) for .bss
    stm32f4xx_hal_rcc.o(i.HAL_RCC_ClockConfig) refers to stm32f4xx_hal.o(i.HAL_GetTick) for HAL_GetTick
    stm32f4xx_hal_rcc.o(i.HAL_RCC_ClockConfig) refers to stm32f4xx_hal_rcc.o(i.HAL_RCC_GetSysClockFreq) for HAL_RCC_GetSysClockFreq
    stm32f4xx_hal_rcc.o(i.HAL_RCC_ClockConfig) refers to stm32f4xx_hal.o(i.HAL_InitTick) for HAL_InitTick
    stm32f4xx_hal_rcc.o(i.HAL_RCC_ClockConfig) refers to system_stm32f4xx.o(.constdata) for AHBPrescTable
    stm32f4xx_hal_rcc.o(i.HAL_RCC_ClockConfig) refers to system_stm32f4xx.o(.data) for SystemCoreClock
    stm32f4xx_hal_rcc.o(i.HAL_RCC_ClockConfig) refers to stm32f4xx_hal.o(.data) for uwTickPrio
    stm32f4xx_hal_rcc.o(i.HAL_RCC_GetHCLKFreq) refers to system_stm32f4xx.o(.data) for SystemCoreClock
    stm32f4xx_hal_rcc.o(i.HAL_RCC_GetPCLK1Freq) refers to system_stm32f4xx.o(.data) for SystemCoreClock
    stm32f4xx_hal_rcc.o(i.HAL_RCC_GetPCLK1Freq) refers to system_stm32f4xx.o(.constdata) for APBPrescTable
    stm32f4xx_hal_rcc.o(i.HAL_RCC_GetPCLK2Freq) refers to system_stm32f4xx.o(.data) for SystemCoreClock
    stm32f4xx_hal_rcc.o(i.HAL_RCC_GetPCLK2Freq) refers to system_stm32f4xx.o(.constdata) for APBPrescTable
    stm32f4xx_hal_rcc.o(i.HAL_RCC_GetSysClockFreq) refers to uldiv.o(.text) for __aeabi_uldivmod
    stm32f4xx_hal_rcc.o(i.HAL_RCC_MCOConfig) refers to stm32f4xx_hal_gpio.o(i.HAL_GPIO_Init) for HAL_GPIO_Init
    stm32f4xx_hal_rcc.o(i.HAL_RCC_NMI_IRQHandler) refers to stm32f4xx_hal_rcc.o(i.HAL_RCC_CSSCallback) for HAL_RCC_CSSCallback
    stm32f4xx_hal_rcc.o(i.HAL_RCC_OscConfig) refers to stm32f4xx_hal.o(i.HAL_GetTick) for HAL_GetTick
    stm32f4xx_hal_msp.o(i.HAL_RTC_MspInit) refers to stm32f4xx_hal_rcc.o(i.HAL_RCC_OscConfig) for HAL_RCC_OscConfig
    stm32f4xx_hal_msp.o(i.HAL_RTC_MspInit) refers to main.o(i.Error_Handler) for Error_Handler
    stm32f4xx_hal_msp.o(i.HAL_RTC_MspInit) refers to stm32f4xx_hal_rcc_ex.o(i.HAL_RCCEx_PeriphCLKConfig) for HAL_RCCEx_PeriphCLKConfig
    stm32f4xx_hal_msp.o(i.HAL_RTC_MspInit) refers to stm32f4xx_hal_cortex.o(i.HAL_NVIC_SetPriority) for HAL_NVIC_SetPriority
    stm32f4xx_hal_msp.o(i.HAL_RTC_MspInit) refers to stm32f4xx_hal_cortex.o(i.HAL_NVIC_EnableIRQ) for HAL_NVIC_EnableIRQ
    stm32f4xx_it.o(i.EXTI15_10_IRQHandler) refers to stm32f4xx_hal_gpio.o(i.HAL_GPIO_EXTI_IRQHandler) for HAL_GPIO_EXTI_IRQHandler
    stm32f4xx_it.o(i.RTC_WKUP_IRQHandler) refers to stm32f4xx_hal_rtc_ex.o(i.HAL_RTCEx_WakeUpTimerIRQHandler) for HAL_RTCEx_WakeUpTimerIRQHandler
    stm32f4xx_it.o(i.RTC_WKUP_IRQHandler) refers to stm32f4xx_lp_modes.o(.bss) for RTCHandle
    stm32f4xx_it.o(i.SysTick_Handler) refers to stm32f4xx_hal_cortex.o(i.HAL_SYSTICK_IRQHandler) for HAL_SYSTICK_IRQHandler
    stm32f4xx_lp_modes.o(i.ETH_PhyEnterPowerDownMode) refers to stm32f4xx_hal_gpio.o(i.HAL_GPIO_Init) for HAL_GPIO_Init
    stm32f4xx_lp_modes.o(i.ETH_PhyEnterPowerDownMode) refers to stm32f4xx_hal_eth.o(i.HAL_ETH_ReadPHYRegister) for HAL_ETH_ReadPHYRegister
    stm32f4xx_lp_modes.o(i.ETH_PhyEnterPowerDownMode) refers to stm32f4xx_hal_eth.o(i.HAL_ETH_WritePHYRegister) for HAL_ETH_WritePHYRegister
    stm32f4xx_lp_modes.o(i.ETH_PhyExitFromPowerDownMode) refers to stm32f4xx_hal_gpio.o(i.HAL_GPIO_Init) for HAL_GPIO_Init
    stm32f4xx_lp_modes.o(i.ETH_PhyExitFromPowerDownMode) refers to stm32f4xx_hal_eth.o(i.HAL_ETH_ReadPHYRegister) for HAL_ETH_ReadPHYRegister
    stm32f4xx_lp_modes.o(i.ETH_PhyExitFromPowerDownMode) refers to stm32f4xx_hal_eth.o(i.HAL_ETH_WritePHYRegister) for HAL_ETH_WritePHYRegister
    stm32f4xx_lp_modes.o(i.SYSCLKConfig_STOP) refers to stm32f4xx_hal_rcc.o(i.HAL_RCC_GetOscConfig) for HAL_RCC_GetOscConfig
    stm32f4xx_lp_modes.o(i.SYSCLKConfig_STOP) refers to stm32f4xx_hal_rcc.o(i.HAL_RCC_OscConfig) for HAL_RCC_OscConfig
    stm32f4xx_lp_modes.o(i.SYSCLKConfig_STOP) refers to main.o(i.Error_Handler) for Error_Handler
    stm32f4xx_lp_modes.o(i.SYSCLKConfig_STOP) refers to stm32f4xx_hal_rcc.o(i.HAL_RCC_GetClockConfig) for HAL_RCC_GetClockConfig
    stm32f4xx_lp_modes.o(i.SYSCLKConfig_STOP) refers to stm32f4xx_hal_rcc.o(i.HAL_RCC_ClockConfig) for HAL_RCC_ClockConfig
    stm32f4xx_lp_modes.o(i.SleepMode_Measure) refers to stm32f4xx_hal_gpio.o(i.HAL_GPIO_Init) for HAL_GPIO_Init
    stm32f4xx_lp_modes.o(i.SleepMode_Measure) refers to stm32f4xx_nucleo_144.o(i.BSP_PB_Init) for BSP_PB_Init
    stm32f4xx_lp_modes.o(i.SleepMode_Measure) refers to stm32f4xx_hal.o(i.HAL_SuspendTick) for HAL_SuspendTick
    stm32f4xx_lp_modes.o(i.SleepMode_Measure) refers to stm32f4xx_hal_pwr.o(i.HAL_PWR_EnterSLEEPMode) for HAL_PWR_EnterSLEEPMode
    stm32f4xx_lp_modes.o(i.SleepMode_Measure) refers to stm32f4xx_hal.o(i.HAL_ResumeTick) for HAL_ResumeTick
    stm32f4xx_lp_modes.o(i.SleepMode_Measure) refers to stm32f4xx_lp_modes.o(i.ETH_PhyExitFromPowerDownMode) for ETH_PhyExitFromPowerDownMode
    stm32f4xx_lp_modes.o(i.StandbyMode_Measure) refers to stm32f4xx_hal_pwr.o(i.HAL_PWR_EnableBkUpAccess) for HAL_PWR_EnableBkUpAccess
    stm32f4xx_lp_modes.o(i.StandbyMode_Measure) refers to stm32f4xx_hal_pwr.o(i.HAL_PWR_DisableWakeUpPin) for HAL_PWR_DisableWakeUpPin
    stm32f4xx_lp_modes.o(i.StandbyMode_Measure) refers to stm32f4xx_hal_pwr.o(i.HAL_PWR_EnableWakeUpPin) for HAL_PWR_EnableWakeUpPin
    stm32f4xx_lp_modes.o(i.StandbyMode_Measure) refers to stm32f4xx_hal_pwr.o(i.HAL_PWR_EnterSTANDBYMode) for HAL_PWR_EnterSTANDBYMode
    stm32f4xx_lp_modes.o(i.StandbyRTCBKPSRAMMode_Measure) refers to stm32f4xx_hal_rtc.o(i.HAL_RTC_Init) for HAL_RTC_Init
    stm32f4xx_lp_modes.o(i.StandbyRTCBKPSRAMMode_Measure) refers to main.o(i.Error_Handler) for Error_Handler
    stm32f4xx_lp_modes.o(i.StandbyRTCBKPSRAMMode_Measure) refers to stm32f4xx_hal_rtc_ex.o(i.HAL_RTCEx_DeactivateWakeUpTimer) for HAL_RTCEx_DeactivateWakeUpTimer
    stm32f4xx_lp_modes.o(i.StandbyRTCBKPSRAMMode_Measure) refers to stm32f4xx_hal_rtc_ex.o(i.HAL_RTCEx_SetWakeUpTimer_IT) for HAL_RTCEx_SetWakeUpTimer_IT
    stm32f4xx_lp_modes.o(i.StandbyRTCBKPSRAMMode_Measure) refers to stm32f4xx_hal_pwr_ex.o(i.HAL_PWREx_EnableBkUpReg) for HAL_PWREx_EnableBkUpReg
    stm32f4xx_lp_modes.o(i.StandbyRTCBKPSRAMMode_Measure) refers to stm32f4xx_hal_pwr.o(i.HAL_PWR_EnterSTANDBYMode) for HAL_PWR_EnterSTANDBYMode
    stm32f4xx_lp_modes.o(i.StandbyRTCBKPSRAMMode_Measure) refers to stm32f4xx_lp_modes.o(.bss) for .bss
    stm32f4xx_lp_modes.o(i.StandbyRTCMode_Measure) refers to stm32f4xx_hal_rtc.o(i.HAL_RTC_Init) for HAL_RTC_Init
    stm32f4xx_lp_modes.o(i.StandbyRTCMode_Measure) refers to main.o(i.Error_Handler) for Error_Handler
    stm32f4xx_lp_modes.o(i.StandbyRTCMode_Measure) refers to stm32f4xx_hal_rtc_ex.o(i.HAL_RTCEx_DeactivateWakeUpTimer) for HAL_RTCEx_DeactivateWakeUpTimer
    stm32f4xx_lp_modes.o(i.StandbyRTCMode_Measure) refers to stm32f4xx_hal_rtc_ex.o(i.HAL_RTCEx_SetWakeUpTimer_IT) for HAL_RTCEx_SetWakeUpTimer_IT
    stm32f4xx_lp_modes.o(i.StandbyRTCMode_Measure) refers to stm32f4xx_hal_pwr.o(i.HAL_PWR_EnterSTANDBYMode) for HAL_PWR_EnterSTANDBYMode
    stm32f4xx_lp_modes.o(i.StandbyRTCMode_Measure) refers to stm32f4xx_lp_modes.o(.bss) for .bss
    stm32f4xx_lp_modes.o(i.StopMode_Measure) refers to stm32f4xx_hal_gpio.o(i.HAL_GPIO_Init) for HAL_GPIO_Init
    stm32f4xx_lp_modes.o(i.StopMode_Measure) refers to stm32f4xx_hal_rtc.o(i.HAL_RTC_Init) for HAL_RTC_Init
    stm32f4xx_lp_modes.o(i.StopMode_Measure) refers to main.o(i.Error_Handler) for Error_Handler
    stm32f4xx_lp_modes.o(i.StopMode_Measure) refers to stm32f4xx_hal_rtc_ex.o(i.HAL_RTCEx_DeactivateWakeUpTimer) for HAL_RTCEx_DeactivateWakeUpTimer
    stm32f4xx_lp_modes.o(i.StopMode_Measure) refers to stm32f4xx_hal_rtc_ex.o(i.HAL_RTCEx_SetWakeUpTimer_IT) for HAL_RTCEx_SetWakeUpTimer_IT
    stm32f4xx_lp_modes.o(i.StopMode_Measure) refers to stm32f4xx_hal_pwr_ex.o(i.HAL_PWREx_EnableFlashPowerDown) for HAL_PWREx_EnableFlashPowerDown
    stm32f4xx_lp_modes.o(i.StopMode_Measure) refers to stm32f4xx_hal_pwr.o(i.HAL_PWR_EnterSTOPMode) for HAL_PWR_EnterSTOPMode
    stm32f4xx_lp_modes.o(i.StopMode_Measure) refers to stm32f4xx_lp_modes.o(i.SYSCLKConfig_STOP) for SYSCLKConfig_STOP
    stm32f4xx_lp_modes.o(i.StopMode_Measure) refers to stm32f4xx_lp_modes.o(i.ETH_PhyExitFromPowerDownMode) for ETH_PhyExitFromPowerDownMode
    stm32f4xx_lp_modes.o(i.StopMode_Measure) refers to stm32f4xx_lp_modes.o(.bss) for .bss
    stm32f4xx_lp_modes.o(i.StopUnderDriveMode_Measure) refers to stm32f4xx_hal_gpio.o(i.HAL_GPIO_Init) for HAL_GPIO_Init
    stm32f4xx_lp_modes.o(i.StopUnderDriveMode_Measure) refers to stm32f4xx_hal_rtc.o(i.HAL_RTC_Init) for HAL_RTC_Init
    stm32f4xx_lp_modes.o(i.StopUnderDriveMode_Measure) refers to main.o(i.Error_Handler) for Error_Handler
    stm32f4xx_lp_modes.o(i.StopUnderDriveMode_Measure) refers to stm32f4xx_hal_rtc_ex.o(i.HAL_RTCEx_DeactivateWakeUpTimer) for HAL_RTCEx_DeactivateWakeUpTimer
    stm32f4xx_lp_modes.o(i.StopUnderDriveMode_Measure) refers to stm32f4xx_hal_rtc_ex.o(i.HAL_RTCEx_SetWakeUpTimer_IT) for HAL_RTCEx_SetWakeUpTimer_IT
    stm32f4xx_lp_modes.o(i.StopUnderDriveMode_Measure) refers to stm32f4xx_hal_pwr_ex.o(i.HAL_PWREx_EnableFlashPowerDown) for HAL_PWREx_EnableFlashPowerDown
    stm32f4xx_lp_modes.o(i.StopUnderDriveMode_Measure) refers to stm32f4xx_hal_pwr_ex.o(i.HAL_PWREx_EnterUnderDriveSTOPMode) for HAL_PWREx_EnterUnderDriveSTOPMode
    stm32f4xx_lp_modes.o(i.StopUnderDriveMode_Measure) refers to stm32f4xx_lp_modes.o(i.SYSCLKConfig_STOP) for SYSCLKConfig_STOP
    stm32f4xx_lp_modes.o(i.StopUnderDriveMode_Measure) refers to stm32f4xx_lp_modes.o(i.ETH_PhyExitFromPowerDownMode) for ETH_PhyExitFromPowerDownMode
    stm32f4xx_lp_modes.o(i.StopUnderDriveMode_Measure) refers to stm32f4xx_lp_modes.o(.bss) for .bss
    main.o(i.Error_Handler) refers to stm32f4xx_nucleo_144.o(i.BSP_LED_On) for BSP_LED_On
    main.o(i.HAL_GPIO_EXTI_Callback) refers to stm32f4xx_nucleo_144.o(i.BSP_LED_Init) for BSP_LED_Init
    main.o(i.HAL_GPIO_EXTI_Callback) refers to main.o(.data) for .data
    main.o(i.HAL_RTCEx_WakeUpTimerEventCallback) refers to main.o(.data) for .data
    main.o(i.HAL_SYSTICK_Callback) refers to stm32f4xx_hal.o(i.HAL_IncTick) for HAL_IncTick
    main.o(i.SystemClock_Config) refers to stm32f4xx_hal_rcc.o(i.HAL_RCC_OscConfig) for HAL_RCC_OscConfig
    main.o(i.SystemClock_Config) refers to stm32f4xx_hal_pwr_ex.o(i.HAL_PWREx_EnableOverDrive) for HAL_PWREx_EnableOverDrive
    main.o(i.SystemClock_Config) refers to stm32f4xx_hal_rcc.o(i.HAL_RCC_ClockConfig) for HAL_RCC_ClockConfig
    main.o(i.SystemClock_Config) refers to main.o(i.Error_Handler) for Error_Handler
    main.o(i.main) refers to stm32f4xx_hal.o(i.HAL_Init) for HAL_Init
    main.o(i.main) refers to main.o(i.SystemClock_Config) for SystemClock_Config
    main.o(i.main) refers to stm32f4xx_nucleo_144.o(i.BSP_LED_Init) for BSP_LED_Init
    main.o(i.main) refers to stm32f4xx_lp_modes.o(i.ETH_PhyExitFromPowerDownMode) for ETH_PhyExitFromPowerDownMode
    main.o(i.main) refers to stm32f4xx_nucleo_144.o(i.BSP_LED_Toggle) for BSP_LED_Toggle
    main.o(i.main) refers to stm32f4xx_hal.o(i.HAL_Delay) for HAL_Delay
    main.o(i.main) refers to stm32f4xx_nucleo_144.o(i.BSP_PB_Init) for BSP_PB_Init
    main.o(i.main) refers to stm32f4xx_nucleo_144.o(i.BSP_PB_GetState) for BSP_PB_GetState
    main.o(i.main) refers to stm32f4xx_lp_modes.o(i.ETH_PhyEnterPowerDownMode) for ETH_PhyEnterPowerDownMode
    main.o(i.main) refers to stm32f4xx_lp_modes.o(i.SleepMode_Measure) for SleepMode_Measure
    main.o(i.main) refers to main.o(.data) for .data
    startup_stm32f429xx.o(RESET) refers to startup_stm32f429xx.o(STACK) for __initial_sp
    startup_stm32f429xx.o(RESET) refers to startup_stm32f429xx.o(.text) for Reset_Handler
    startup_stm32f429xx.o(RESET) refers to stm32f4xx_it.o(i.NMI_Handler) for NMI_Handler
    startup_stm32f429xx.o(RESET) refers to stm32f4xx_it.o(i.HardFault_Handler) for HardFault_Handler
    startup_stm32f429xx.o(RESET) refers to stm32f4xx_it.o(i.MemManage_Handler) for MemManage_Handler
    startup_stm32f429xx.o(RESET) refers to stm32f4xx_it.o(i.BusFault_Handler) for BusFault_Handler
    startup_stm32f429xx.o(RESET) refers to stm32f4xx_it.o(i.UsageFault_Handler) for UsageFault_Handler
    startup_stm32f429xx.o(RESET) refers to stm32f4xx_it.o(i.SVC_Handler) for SVC_Handler
    startup_stm32f429xx.o(RESET) refers to stm32f4xx_it.o(i.DebugMon_Handler) for DebugMon_Handler
    startup_stm32f429xx.o(RESET) refers to stm32f4xx_it.o(i.PendSV_Handler) for PendSV_Handler
    startup_stm32f429xx.o(RESET) refers to stm32f4xx_it.o(i.SysTick_Handler) for SysTick_Handler
    startup_stm32f429xx.o(RESET) refers to stm32f4xx_it.o(i.RTC_WKUP_IRQHandler) for RTC_WKUP_IRQHandler
    startup_stm32f429xx.o(RESET) refers to stm32f4xx_it.o(i.EXTI15_10_IRQHandler) for EXTI15_10_IRQHandler
    startup_stm32f429xx.o(.text) refers to system_stm32f4xx.o(i.SystemInit) for SystemInit
    startup_stm32f429xx.o(.text) refers to entry.o(.ARM.Collect$$$$00000000) for __main
    stm32f4xx_nucleo_144.o(i.BSP_LED_DeInit) refers to stm32f4xx_hal_gpio.o(i.HAL_GPIO_WritePin) for HAL_GPIO_WritePin
    stm32f4xx_nucleo_144.o(i.BSP_LED_DeInit) refers to stm32f4xx_hal_gpio.o(i.HAL_GPIO_DeInit) for HAL_GPIO_DeInit
    stm32f4xx_nucleo_144.o(i.BSP_LED_DeInit) refers to stm32f4xx_nucleo_144.o(.constdata) for .constdata
    stm32f4xx_nucleo_144.o(i.BSP_LED_DeInit) refers to stm32f4xx_nucleo_144.o(.data) for .data
    stm32f4xx_nucleo_144.o(i.BSP_LED_Init) refers to stm32f4xx_hal_gpio.o(i.HAL_GPIO_Init) for HAL_GPIO_Init
    stm32f4xx_nucleo_144.o(i.BSP_LED_Init) refers to stm32f4xx_hal_gpio.o(i.HAL_GPIO_WritePin) for HAL_GPIO_WritePin
    stm32f4xx_nucleo_144.o(i.BSP_LED_Init) refers to stm32f4xx_nucleo_144.o(.constdata) for .constdata
    stm32f4xx_nucleo_144.o(i.BSP_LED_Init) refers to stm32f4xx_nucleo_144.o(.data) for .data
    stm32f4xx_nucleo_144.o(i.BSP_LED_Off) refers to stm32f4xx_hal_gpio.o(i.HAL_GPIO_WritePin) for HAL_GPIO_WritePin
    stm32f4xx_nucleo_144.o(i.BSP_LED_Off) refers to stm32f4xx_nucleo_144.o(.constdata) for .constdata
    stm32f4xx_nucleo_144.o(i.BSP_LED_Off) refers to stm32f4xx_nucleo_144.o(.data) for .data
    stm32f4xx_nucleo_144.o(i.BSP_LED_On) refers to stm32f4xx_hal_gpio.o(i.HAL_GPIO_WritePin) for HAL_GPIO_WritePin
    stm32f4xx_nucleo_144.o(i.BSP_LED_On) refers to stm32f4xx_nucleo_144.o(.constdata) for .constdata
    stm32f4xx_nucleo_144.o(i.BSP_LED_On) refers to stm32f4xx_nucleo_144.o(.data) for .data
    stm32f4xx_nucleo_144.o(i.BSP_LED_Toggle) refers to stm32f4xx_hal_gpio.o(i.HAL_GPIO_TogglePin) for HAL_GPIO_TogglePin
    stm32f4xx_nucleo_144.o(i.BSP_LED_Toggle) refers to stm32f4xx_nucleo_144.o(.constdata) for .constdata
    stm32f4xx_nucleo_144.o(i.BSP_LED_Toggle) refers to stm32f4xx_nucleo_144.o(.data) for .data
    stm32f4xx_nucleo_144.o(i.BSP_PB_DeInit) refers to stm32f4xx_hal_cortex.o(i.HAL_NVIC_DisableIRQ) for HAL_NVIC_DisableIRQ
    stm32f4xx_nucleo_144.o(i.BSP_PB_DeInit) refers to stm32f4xx_hal_gpio.o(i.HAL_GPIO_DeInit) for HAL_GPIO_DeInit
    stm32f4xx_nucleo_144.o(i.BSP_PB_DeInit) refers to stm32f4xx_nucleo_144.o(.constdata) for .constdata
    stm32f4xx_nucleo_144.o(i.BSP_PB_DeInit) refers to stm32f4xx_nucleo_144.o(.data) for .data
    stm32f4xx_nucleo_144.o(i.BSP_PB_GetState) refers to stm32f4xx_hal_gpio.o(i.HAL_GPIO_ReadPin) for HAL_GPIO_ReadPin
    stm32f4xx_nucleo_144.o(i.BSP_PB_GetState) refers to stm32f4xx_nucleo_144.o(.constdata) for .constdata
    stm32f4xx_nucleo_144.o(i.BSP_PB_GetState) refers to stm32f4xx_nucleo_144.o(.data) for .data
    stm32f4xx_nucleo_144.o(i.BSP_PB_Init) refers to stm32f4xx_hal_gpio.o(i.HAL_GPIO_Init) for HAL_GPIO_Init
    stm32f4xx_nucleo_144.o(i.BSP_PB_Init) refers to stm32f4xx_hal_cortex.o(i.HAL_NVIC_SetPriority) for HAL_NVIC_SetPriority
    stm32f4xx_nucleo_144.o(i.BSP_PB_Init) refers to stm32f4xx_hal_cortex.o(i.HAL_NVIC_EnableIRQ) for HAL_NVIC_EnableIRQ
    stm32f4xx_nucleo_144.o(i.BSP_PB_Init) refers to stm32f4xx_nucleo_144.o(.constdata) for .constdata
    stm32f4xx_nucleo_144.o(i.BSP_PB_Init) refers to stm32f4xx_nucleo_144.o(.data) for .data
    entry.o(.ARM.Collect$$$$00000000) refers (Special) to entry10a.o(.ARM.Collect$$$$0000000F) for __rt_final_cpp
    entry.o(.ARM.Collect$$$$00000000) refers (Special) to entry11a.o(.ARM.Collect$$$$00000011) for __rt_final_exit
    entry.o(.ARM.Collect$$$$00000000) refers (Special) to entry12b.o(.ARM.Collect$$$$0000000E) for __rt_lib_shutdown_fini
    entry.o(.ARM.Collect$$$$00000000) refers (Special) to entry7b.o(.ARM.Collect$$$$00000008) for _main_clock
    entry.o(.ARM.Collect$$$$00000000) refers (Special) to entry8b.o(.ARM.Collect$$$$0000000A) for _main_cpp_init
    entry.o(.ARM.Collect$$$$00000000) refers (Special) to entry9a.o(.ARM.Collect$$$$0000000B) for _main_init
    entry.o(.ARM.Collect$$$$00000000) refers (Special) to entry5.o(.ARM.Collect$$$$00000004) for _main_scatterload
    entry.o(.ARM.Collect$$$$00000000) refers (Special) to entry2.o(.ARM.Collect$$$$00000001) for _main_stk
    uldiv.o(.text) refers to llushr.o(.text) for __aeabi_llsr
    uldiv.o(.text) refers to llshl.o(.text) for __aeabi_llsl
    entry2.o(.ARM.Collect$$$$00000001) refers to entry2.o(.ARM.Collect$$$$00002712) for __lit__00000000
    entry2.o(.ARM.Collect$$$$00002712) refers to startup_stm32f429xx.o(STACK) for __initial_sp
    entry2.o(__vectab_stack_and_reset_area) refers to startup_stm32f429xx.o(STACK) for __initial_sp
    entry2.o(__vectab_stack_and_reset_area) refers to entry.o(.ARM.Collect$$$$00000000) for __main
    entry5.o(.ARM.Collect$$$$00000004) refers to init.o(.text) for __scatterload
    entry9a.o(.ARM.Collect$$$$0000000B) refers to main.o(i.main) for main
    entry9b.o(.ARM.Collect$$$$0000000C) refers to main.o(i.main) for main
    init.o(.text) refers to entry5.o(.ARM.Collect$$$$00000004) for __main_after_scatterload


==============================================================================

Removing Unused input sections from the image.

    Removing system_stm32f4xx.o(.rev16_text), (4 bytes).
    Removing system_stm32f4xx.o(.revsh_text), (4 bytes).
    Removing system_stm32f4xx.o(.rrx_text), (6 bytes).
    Removing system_stm32f4xx.o(i.SystemCoreClockUpdate), (120 bytes).
    Removing system_stm32f4xx.o(.constdata), (8 bytes).
    Removing stm32f4xx_hal_adc_ex.o(.rev16_text), (4 bytes).
    Removing stm32f4xx_hal_adc_ex.o(.revsh_text), (4 bytes).
    Removing stm32f4xx_hal_adc_ex.o(.rrx_text), (6 bytes).
    Removing stm32f4xx_hal_spi.o(.rev16_text), (4 bytes).
    Removing stm32f4xx_hal_spi.o(.revsh_text), (4 bytes).
    Removing stm32f4xx_hal_spi.o(.rrx_text), (6 bytes).
    Removing stm32f4xx_hal_rtc_ex.o(.rev16_text), (4 bytes).
    Removing stm32f4xx_hal_rtc_ex.o(.revsh_text), (4 bytes).
    Removing stm32f4xx_hal_rtc_ex.o(.rrx_text), (6 bytes).
    Removing stm32f4xx_hal_rtc_ex.o(i.HAL_RTCEx_AlarmBEventCallback), (2 bytes).
    Removing stm32f4xx_hal_rtc_ex.o(i.HAL_RTCEx_BKUPRead), (10 bytes).
    Removing stm32f4xx_hal_rtc_ex.o(i.HAL_RTCEx_BKUPWrite), (10 bytes).
    Removing stm32f4xx_hal_rtc_ex.o(i.HAL_RTCEx_DeactivateCalibrationOutPut), (56 bytes).
    Removing stm32f4xx_hal_rtc_ex.o(i.HAL_RTCEx_DeactivateCoarseCalib), (76 bytes).
    Removing stm32f4xx_hal_rtc_ex.o(i.HAL_RTCEx_DeactivateRefClock), (76 bytes).
    Removing stm32f4xx_hal_rtc_ex.o(i.HAL_RTCEx_DeactivateTamper), (38 bytes).
    Removing stm32f4xx_hal_rtc_ex.o(i.HAL_RTCEx_DeactivateTimeStamp), (70 bytes).
    Removing stm32f4xx_hal_rtc_ex.o(i.HAL_RTCEx_DeactivateWakeUpTimer), (122 bytes).
    Removing stm32f4xx_hal_rtc_ex.o(i.HAL_RTCEx_DisableBypassShadow), (56 bytes).
    Removing stm32f4xx_hal_rtc_ex.o(i.HAL_RTCEx_EnableBypassShadow), (56 bytes).
    Removing stm32f4xx_hal_rtc_ex.o(i.HAL_RTCEx_GetTimeStamp), (148 bytes).
    Removing stm32f4xx_hal_rtc_ex.o(i.HAL_RTCEx_GetWakeUpTimer), (8 bytes).
    Removing stm32f4xx_hal_rtc_ex.o(i.HAL_RTCEx_PollForAlarmBEvent), (66 bytes).
    Removing stm32f4xx_hal_rtc_ex.o(i.HAL_RTCEx_PollForTamper1Event), (66 bytes).
    Removing stm32f4xx_hal_rtc_ex.o(i.HAL_RTCEx_PollForTamper2Event), (66 bytes).
    Removing stm32f4xx_hal_rtc_ex.o(i.HAL_RTCEx_PollForTimeStampEvent), (82 bytes).
    Removing stm32f4xx_hal_rtc_ex.o(i.HAL_RTCEx_PollForWakeUpTimerEvent), (66 bytes).
    Removing stm32f4xx_hal_rtc_ex.o(i.HAL_RTCEx_SetCalibrationOutPut), (76 bytes).
    Removing stm32f4xx_hal_rtc_ex.o(i.HAL_RTCEx_SetCoarseCalib), (90 bytes).
    Removing stm32f4xx_hal_rtc_ex.o(i.HAL_RTCEx_SetRefClock), (76 bytes).
    Removing stm32f4xx_hal_rtc_ex.o(i.HAL_RTCEx_SetSmoothCalib), (130 bytes).
    Removing stm32f4xx_hal_rtc_ex.o(i.HAL_RTCEx_SetSynchroShift), (154 bytes).
    Removing stm32f4xx_hal_rtc_ex.o(i.HAL_RTCEx_SetTamper), (92 bytes).
    Removing stm32f4xx_hal_rtc_ex.o(i.HAL_RTCEx_SetTamper_IT), (120 bytes).
    Removing stm32f4xx_hal_rtc_ex.o(i.HAL_RTCEx_SetTimeStamp), (118 bytes).
    Removing stm32f4xx_hal_rtc_ex.o(i.HAL_RTCEx_SetTimeStamp_IT), (156 bytes).
    Removing stm32f4xx_hal_rtc_ex.o(i.HAL_RTCEx_SetWakeUpTimer), (210 bytes).
    Removing stm32f4xx_hal_rtc_ex.o(i.HAL_RTCEx_SetWakeUpTimer_IT), (244 bytes).
    Removing stm32f4xx_hal_rtc_ex.o(i.HAL_RTCEx_Tamper1EventCallback), (2 bytes).
    Removing stm32f4xx_hal_rtc_ex.o(i.HAL_RTCEx_Tamper2EventCallback), (2 bytes).
    Removing stm32f4xx_hal_rtc_ex.o(i.HAL_RTCEx_TamperTimeStampIRQHandler), (124 bytes).
    Removing stm32f4xx_hal_rtc_ex.o(i.HAL_RTCEx_TimeStampEventCallback), (2 bytes).
    Removing stm32f4xx_hal_rtc_ex.o(i.HAL_RTCEx_WakeUpTimerEventCallback), (2 bytes).
    Removing stm32f4xx_hal_eth.o(.rev16_text), (4 bytes).
    Removing stm32f4xx_hal_eth.o(.revsh_text), (4 bytes).
    Removing stm32f4xx_hal_eth.o(.rrx_text), (6 bytes).
    Removing stm32f4xx_hal_eth.o(i.ETH_Delay), (32 bytes).
    Removing stm32f4xx_hal_eth.o(i.ETH_FlushTransmitFIFO), (46 bytes).
    Removing stm32f4xx_hal_eth.o(i.ETH_MACDMAConfig), (300 bytes).
    Removing stm32f4xx_hal_eth.o(i.HAL_ETH_ConfigDMA), (184 bytes).
    Removing stm32f4xx_hal_eth.o(i.HAL_ETH_ConfigMAC), (304 bytes).
    Removing stm32f4xx_hal_eth.o(i.HAL_ETH_DMARxDescListInit), (116 bytes).
    Removing stm32f4xx_hal_eth.o(i.HAL_ETH_DMATxDescListInit), (120 bytes).
    Removing stm32f4xx_hal_eth.o(i.HAL_ETH_DeInit), (26 bytes).
    Removing stm32f4xx_hal_eth.o(i.HAL_ETH_ErrorCallback), (2 bytes).
    Removing stm32f4xx_hal_eth.o(i.HAL_ETH_GetReceivedFrame), (122 bytes).
    Removing stm32f4xx_hal_eth.o(i.HAL_ETH_GetReceivedFrame_IT), (136 bytes).
    Removing stm32f4xx_hal_eth.o(i.HAL_ETH_GetState), (6 bytes).
    Removing stm32f4xx_hal_eth.o(i.HAL_ETH_IRQHandler), (122 bytes).
    Removing stm32f4xx_hal_eth.o(i.HAL_ETH_Init), (492 bytes).
    Removing stm32f4xx_hal_eth.o(i.HAL_ETH_MspDeInit), (2 bytes).
    Removing stm32f4xx_hal_eth.o(i.HAL_ETH_MspInit), (2 bytes).
    Removing stm32f4xx_hal_eth.o(i.HAL_ETH_RxCpltCallback), (2 bytes).
    Removing stm32f4xx_hal_eth.o(i.HAL_ETH_Start), (132 bytes).
    Removing stm32f4xx_hal_eth.o(i.HAL_ETH_Stop), (132 bytes).
    Removing stm32f4xx_hal_eth.o(i.HAL_ETH_TransmitFrame), (264 bytes).
    Removing stm32f4xx_hal_eth.o(i.HAL_ETH_TxCpltCallback), (2 bytes).
    Removing stm32f4xx_hal_dma.o(.rev16_text), (4 bytes).
    Removing stm32f4xx_hal_dma.o(.revsh_text), (4 bytes).
    Removing stm32f4xx_hal_dma.o(.rrx_text), (6 bytes).
    Removing stm32f4xx_hal_dma.o(i.DMA_CalcBaseAndBitshift), (40 bytes).
    Removing stm32f4xx_hal_dma.o(i.DMA_CheckFifoParam), (84 bytes).
    Removing stm32f4xx_hal_dma.o(i.DMA_SetConfig), (40 bytes).
    Removing stm32f4xx_hal_dma.o(i.HAL_DMA_Abort), (146 bytes).
    Removing stm32f4xx_hal_dma.o(i.HAL_DMA_Abort_IT), (36 bytes).
    Removing stm32f4xx_hal_dma.o(i.HAL_DMA_DeInit), (98 bytes).
    Removing stm32f4xx_hal_dma.o(i.HAL_DMA_GetError), (4 bytes).
    Removing stm32f4xx_hal_dma.o(i.HAL_DMA_GetState), (6 bytes).
    Removing stm32f4xx_hal_dma.o(i.HAL_DMA_IRQHandler), (416 bytes).
    Removing stm32f4xx_hal_dma.o(i.HAL_DMA_Init), (212 bytes).
    Removing stm32f4xx_hal_dma.o(i.HAL_DMA_PollForTransfer), (288 bytes).
    Removing stm32f4xx_hal_dma.o(i.HAL_DMA_RegisterCallback), (82 bytes).
    Removing stm32f4xx_hal_dma.o(i.HAL_DMA_Start), (70 bytes).
    Removing stm32f4xx_hal_dma.o(i.HAL_DMA_Start_IT), (110 bytes).
    Removing stm32f4xx_hal_dma.o(i.HAL_DMA_UnRegisterCallback), (96 bytes).
    Removing stm32f4xx_hal_dma.o(.constdata), (8 bytes).
    Removing stm32f4xx_hal_adc.o(.rev16_text), (4 bytes).
    Removing stm32f4xx_hal_adc.o(.revsh_text), (4 bytes).
    Removing stm32f4xx_hal_adc.o(.rrx_text), (6 bytes).
    Removing stm32f4xx_hal_cortex.o(.rev16_text), (4 bytes).
    Removing stm32f4xx_hal_cortex.o(.revsh_text), (4 bytes).
    Removing stm32f4xx_hal_cortex.o(.rrx_text), (6 bytes).
    Removing stm32f4xx_hal_cortex.o(i.HAL_MPU_ConfigRegion), (84 bytes).
    Removing stm32f4xx_hal_cortex.o(i.HAL_MPU_Disable), (28 bytes).
    Removing stm32f4xx_hal_cortex.o(i.HAL_MPU_Enable), (36 bytes).
    Removing stm32f4xx_hal_cortex.o(i.HAL_NVIC_ClearPendingIRQ), (26 bytes).
    Removing stm32f4xx_hal_cortex.o(i.HAL_NVIC_DisableIRQ), (34 bytes).
    Removing stm32f4xx_hal_cortex.o(i.HAL_NVIC_GetActive), (36 bytes).
    Removing stm32f4xx_hal_cortex.o(i.HAL_NVIC_GetPendingIRQ), (36 bytes).
    Removing stm32f4xx_hal_cortex.o(i.HAL_NVIC_GetPriority), (82 bytes).
    Removing stm32f4xx_hal_cortex.o(i.HAL_NVIC_GetPriorityGrouping), (16 bytes).
    Removing stm32f4xx_hal_cortex.o(i.HAL_NVIC_SetPendingIRQ), (26 bytes).
    Removing stm32f4xx_hal_cortex.o(i.HAL_NVIC_SystemReset), (36 bytes).
    Removing stm32f4xx_hal_cortex.o(i.HAL_SYSTICK_CLKSourceConfig), (24 bytes).
    Removing stm32f4xx_hal_cortex.o(i.HAL_SYSTICK_Callback), (2 bytes).
    Removing stm32f4xx_hal_flash_ex.o(.rev16_text), (4 bytes).
    Removing stm32f4xx_hal_flash_ex.o(.revsh_text), (4 bytes).
    Removing stm32f4xx_hal_flash_ex.o(.rrx_text), (6 bytes).
    Removing stm32f4xx_hal_flash_ex.o(i.FLASH_Erase_Sector), (84 bytes).
    Removing stm32f4xx_hal_flash_ex.o(i.FLASH_FlushCaches), (84 bytes).
    Removing stm32f4xx_hal_flash_ex.o(i.FLASH_MassErase), (64 bytes).
    Removing stm32f4xx_hal_flash_ex.o(i.FLASH_OB_DisableWRP), (112 bytes).
    Removing stm32f4xx_hal_flash_ex.o(i.FLASH_OB_EnableWRP), (116 bytes).
    Removing stm32f4xx_hal_flash_ex.o(i.HAL_FLASHEx_AdvOBGetConfig), (28 bytes).
    Removing stm32f4xx_hal_flash_ex.o(i.HAL_FLASHEx_AdvOBProgram), (188 bytes).
    Removing stm32f4xx_hal_flash_ex.o(i.HAL_FLASHEx_Erase), (156 bytes).
    Removing stm32f4xx_hal_flash_ex.o(i.HAL_FLASHEx_Erase_IT), (104 bytes).
    Removing stm32f4xx_hal_flash_ex.o(i.HAL_FLASHEx_OBGetConfig), (64 bytes).
    Removing stm32f4xx_hal_flash_ex.o(i.HAL_FLASHEx_OBProgram), (184 bytes).
    Removing stm32f4xx_hal_flash_ex.o(i.HAL_FLASHEx_OB_DeSelectPCROP), (20 bytes).
    Removing stm32f4xx_hal_flash_ex.o(i.HAL_FLASHEx_OB_GetBank2WRP), (12 bytes).
    Removing stm32f4xx_hal_flash_ex.o(i.HAL_FLASHEx_OB_SelectPCROP), (24 bytes).
    Removing stm32f4xx_hal_pwr.o(.rev16_text), (4 bytes).
    Removing stm32f4xx_hal_pwr.o(.revsh_text), (4 bytes).
    Removing stm32f4xx_hal_pwr.o(.rrx_text), (6 bytes).
    Removing stm32f4xx_hal_pwr.o(i.HAL_PWR_ConfigPVD), (124 bytes).
    Removing stm32f4xx_hal_pwr.o(i.HAL_PWR_DeInit), (24 bytes).
    Removing stm32f4xx_hal_pwr.o(i.HAL_PWR_DisableBkUpAccess), (24 bytes).
    Removing stm32f4xx_hal_pwr.o(i.HAL_PWR_DisablePVD), (12 bytes).
    Removing stm32f4xx_hal_pwr.o(i.HAL_PWR_DisableSEVOnPend), (16 bytes).
    Removing stm32f4xx_hal_pwr.o(i.HAL_PWR_DisableSleepOnExit), (16 bytes).
    Removing stm32f4xx_hal_pwr.o(i.HAL_PWR_DisableWakeUpPin), (16 bytes).
    Removing stm32f4xx_hal_pwr.o(i.HAL_PWR_EnableBkUpAccess), (24 bytes).
    Removing stm32f4xx_hal_pwr.o(i.HAL_PWR_EnablePVD), (12 bytes).
    Removing stm32f4xx_hal_pwr.o(i.HAL_PWR_EnableSEVOnPend), (16 bytes).
    Removing stm32f4xx_hal_pwr.o(i.HAL_PWR_EnableSleepOnExit), (16 bytes).
    Removing stm32f4xx_hal_pwr.o(i.HAL_PWR_EnableWakeUpPin), (16 bytes).
    Removing stm32f4xx_hal_pwr.o(i.HAL_PWR_EnterSTANDBYMode), (32 bytes).
    Removing stm32f4xx_hal_pwr.o(i.HAL_PWR_EnterSTOPMode), (56 bytes).
    Removing stm32f4xx_hal_pwr.o(i.HAL_PWR_PVDCallback), (2 bytes).
    Removing stm32f4xx_hal_pwr.o(i.HAL_PWR_PVD_IRQHandler), (28 bytes).
    Removing stm32f4xx_hal_rcc_ex.o(.rev16_text), (4 bytes).
    Removing stm32f4xx_hal_rcc_ex.o(.revsh_text), (4 bytes).
    Removing stm32f4xx_hal_rcc_ex.o(.rrx_text), (6 bytes).
    Removing stm32f4xx_hal_rcc_ex.o(i.HAL_RCCEx_DisablePLLI2S), (52 bytes).
    Removing stm32f4xx_hal_rcc_ex.o(i.HAL_RCCEx_DisablePLLSAI), (56 bytes).
    Removing stm32f4xx_hal_rcc_ex.o(i.HAL_RCCEx_EnablePLLI2S), (112 bytes).
    Removing stm32f4xx_hal_rcc_ex.o(i.HAL_RCCEx_EnablePLLSAI), (112 bytes).
    Removing stm32f4xx_hal_rcc_ex.o(i.HAL_RCCEx_GetPeriphCLKConfig), (132 bytes).
    Removing stm32f4xx_hal_rcc_ex.o(i.HAL_RCCEx_GetPeriphCLKFreq), (92 bytes).
    Removing stm32f4xx_hal_rcc_ex.o(i.HAL_RCCEx_PeriphCLKConfig), (596 bytes).
    Removing stm32f4xx_hal_rcc_ex.o(i.HAL_RCC_DeInit), (360 bytes).
    Removing stm32f4xx_hal.o(.rev16_text), (4 bytes).
    Removing stm32f4xx_hal.o(.revsh_text), (4 bytes).
    Removing stm32f4xx_hal.o(.rrx_text), (6 bytes).
    Removing stm32f4xx_hal.o(i.HAL_DBGMCU_DisableDBGSleepMode), (16 bytes).
    Removing stm32f4xx_hal.o(i.HAL_DBGMCU_DisableDBGStandbyMode), (16 bytes).
    Removing stm32f4xx_hal.o(i.HAL_DBGMCU_DisableDBGStopMode), (16 bytes).
    Removing stm32f4xx_hal.o(i.HAL_DBGMCU_EnableDBGSleepMode), (16 bytes).
    Removing stm32f4xx_hal.o(i.HAL_DBGMCU_EnableDBGStandbyMode), (16 bytes).
    Removing stm32f4xx_hal.o(i.HAL_DBGMCU_EnableDBGStopMode), (16 bytes).
    Removing stm32f4xx_hal.o(i.HAL_DeInit), (52 bytes).
    Removing stm32f4xx_hal.o(i.HAL_DisableCompensationCell), (12 bytes).
    Removing stm32f4xx_hal.o(i.HAL_DisableMemorySwappingBank), (12 bytes).
    Removing stm32f4xx_hal.o(i.HAL_EnableCompensationCell), (12 bytes).
    Removing stm32f4xx_hal.o(i.HAL_EnableMemorySwappingBank), (12 bytes).
    Removing stm32f4xx_hal.o(i.HAL_GetDEVID), (16 bytes).
    Removing stm32f4xx_hal.o(i.HAL_GetHalVersion), (8 bytes).
    Removing stm32f4xx_hal.o(i.HAL_GetREVID), (12 bytes).
    Removing stm32f4xx_hal.o(i.HAL_GetTickFreq), (12 bytes).
    Removing stm32f4xx_hal.o(i.HAL_GetTickPrio), (12 bytes).
    Removing stm32f4xx_hal.o(i.HAL_GetUIDw0), (12 bytes).
    Removing stm32f4xx_hal.o(i.HAL_GetUIDw1), (12 bytes).
    Removing stm32f4xx_hal.o(i.HAL_GetUIDw2), (12 bytes).
    Removing stm32f4xx_hal.o(i.HAL_MspDeInit), (2 bytes).
    Removing stm32f4xx_hal.o(i.HAL_SetTickFreq), (36 bytes).
    Removing stm32f4xx_hal_dma_ex.o(.rev16_text), (4 bytes).
    Removing stm32f4xx_hal_dma_ex.o(.revsh_text), (4 bytes).
    Removing stm32f4xx_hal_dma_ex.o(.rrx_text), (6 bytes).
    Removing stm32f4xx_hal_dma_ex.o(i.DMA_MultiBufferSetConfig), (30 bytes).
    Removing stm32f4xx_hal_dma_ex.o(i.HAL_DMAEx_ChangeMemory), (14 bytes).
    Removing stm32f4xx_hal_dma_ex.o(i.HAL_DMAEx_MultiBufferStart), (100 bytes).
    Removing stm32f4xx_hal_dma_ex.o(i.HAL_DMAEx_MultiBufferStart_IT), (2432 bytes).
    Removing stm32f4xx_hal_rtc.o(.rev16_text), (4 bytes).
    Removing stm32f4xx_hal_rtc.o(.revsh_text), (4 bytes).
    Removing stm32f4xx_hal_rtc.o(.rrx_text), (6 bytes).
    Removing stm32f4xx_hal_rtc.o(i.HAL_RTC_AlarmAEventCallback), (2 bytes).
    Removing stm32f4xx_hal_rtc.o(i.HAL_RTC_AlarmIRQHandler), (92 bytes).
    Removing stm32f4xx_hal_rtc.o(i.HAL_RTC_DST_Add1Hour), (30 bytes).
    Removing stm32f4xx_hal_rtc.o(i.HAL_RTC_DST_ClearStoreOperation), (30 bytes).
    Removing stm32f4xx_hal_rtc.o(i.HAL_RTC_DST_ReadStoreOperation), (10 bytes).
    Removing stm32f4xx_hal_rtc.o(i.HAL_RTC_DST_SetStoreOperation), (30 bytes).
    Removing stm32f4xx_hal_rtc.o(i.HAL_RTC_DST_Sub1Hour), (30 bytes).
    Removing stm32f4xx_hal_rtc.o(i.HAL_RTC_DeInit), (132 bytes).
    Removing stm32f4xx_hal_rtc.o(i.HAL_RTC_DeactivateAlarm), (178 bytes).
    Removing stm32f4xx_hal_rtc.o(i.HAL_RTC_GetAlarm), (124 bytes).
    Removing stm32f4xx_hal_rtc.o(i.HAL_RTC_GetDate), (68 bytes).
    Removing stm32f4xx_hal_rtc.o(i.HAL_RTC_GetState), (4 bytes).
    Removing stm32f4xx_hal_rtc.o(i.HAL_RTC_GetTime), (84 bytes).
    Removing stm32f4xx_hal_rtc.o(i.HAL_RTC_Init), (140 bytes).
    Removing stm32f4xx_hal_rtc.o(i.HAL_RTC_MspDeInit), (2 bytes).
    Removing stm32f4xx_hal_rtc.o(i.HAL_RTC_MspInit), (2 bytes).
    Removing stm32f4xx_hal_rtc.o(i.HAL_RTC_PollForAlarmAEvent), (66 bytes).
    Removing stm32f4xx_hal_rtc.o(i.HAL_RTC_SetAlarm), (364 bytes).
    Removing stm32f4xx_hal_rtc.o(i.HAL_RTC_SetAlarm_IT), (416 bytes).
    Removing stm32f4xx_hal_rtc.o(i.HAL_RTC_SetDate), (152 bytes).
    Removing stm32f4xx_hal_rtc.o(i.HAL_RTC_SetTime), (192 bytes).
    Removing stm32f4xx_hal_rtc.o(i.HAL_RTC_WaitForSynchro), (54 bytes).
    Removing stm32f4xx_hal_rtc.o(i.RTC_Bcd2ToByte), (18 bytes).
    Removing stm32f4xx_hal_rtc.o(i.RTC_ByteToBcd2), (24 bytes).
    Removing stm32f4xx_hal_rtc.o(i.RTC_EnterInitMode), (72 bytes).
    Removing stm32f4xx_hal_rtc.o(i.RTC_ExitInitMode), (42 bytes).
    Removing stm32f4xx_hal_gpio.o(.rev16_text), (4 bytes).
    Removing stm32f4xx_hal_gpio.o(.revsh_text), (4 bytes).
    Removing stm32f4xx_hal_gpio.o(.rrx_text), (6 bytes).
    Removing stm32f4xx_hal_gpio.o(i.HAL_GPIO_DeInit), (396 bytes).
    Removing stm32f4xx_hal_gpio.o(i.HAL_GPIO_EXTI_Callback), (2 bytes).
    Removing stm32f4xx_hal_gpio.o(i.HAL_GPIO_LockPin), (34 bytes).
    Removing stm32f4xx_hal_pwr_ex.o(.rev16_text), (4 bytes).
    Removing stm32f4xx_hal_pwr_ex.o(.revsh_text), (4 bytes).
    Removing stm32f4xx_hal_pwr_ex.o(.rrx_text), (6 bytes).
    Removing stm32f4xx_hal_pwr_ex.o(i.HAL_PWREx_ControlVoltageScaling), (176 bytes).
    Removing stm32f4xx_hal_pwr_ex.o(i.HAL_PWREx_DisableBkUpReg), (60 bytes).
    Removing stm32f4xx_hal_pwr_ex.o(i.HAL_PWREx_DisableFlashPowerDown), (12 bytes).
    Removing stm32f4xx_hal_pwr_ex.o(i.HAL_PWREx_DisableOverDrive), (112 bytes).
    Removing stm32f4xx_hal_pwr_ex.o(i.HAL_PWREx_EnableBkUpReg), (60 bytes).
    Removing stm32f4xx_hal_pwr_ex.o(i.HAL_PWREx_EnableFlashPowerDown), (12 bytes).
    Removing stm32f4xx_hal_pwr_ex.o(i.HAL_PWREx_EnterUnderDriveSTOPMode), (96 bytes).
    Removing stm32f4xx_hal_pwr_ex.o(i.HAL_PWREx_GetVoltageRange), (16 bytes).
    Removing stm32f4xx_hal_flash.o(.rev16_text), (4 bytes).
    Removing stm32f4xx_hal_flash.o(.revsh_text), (4 bytes).
    Removing stm32f4xx_hal_flash.o(.rrx_text), (6 bytes).
    Removing stm32f4xx_hal_flash.o(i.FLASH_Program_Byte), (32 bytes).
    Removing stm32f4xx_hal_flash.o(i.FLASH_Program_DoubleWord), (44 bytes).
    Removing stm32f4xx_hal_flash.o(i.FLASH_Program_HalfWord), (36 bytes).
    Removing stm32f4xx_hal_flash.o(i.FLASH_Program_Word), (36 bytes).
    Removing stm32f4xx_hal_flash.o(i.FLASH_SetErrorCode), (124 bytes).
    Removing stm32f4xx_hal_flash.o(i.FLASH_WaitForLastOperation), (80 bytes).
    Removing stm32f4xx_hal_flash.o(i.HAL_FLASH_EndOfOperationCallback), (2 bytes).
    Removing stm32f4xx_hal_flash.o(i.HAL_FLASH_GetError), (12 bytes).
    Removing stm32f4xx_hal_flash.o(i.HAL_FLASH_IRQHandler), (204 bytes).
    Removing stm32f4xx_hal_flash.o(i.HAL_FLASH_Lock), (20 bytes).
    Removing stm32f4xx_hal_flash.o(i.HAL_FLASH_OB_Launch), (24 bytes).
    Removing stm32f4xx_hal_flash.o(i.HAL_FLASH_OB_Lock), (20 bytes).
    Removing stm32f4xx_hal_flash.o(i.HAL_FLASH_OB_Unlock), (40 bytes).
    Removing stm32f4xx_hal_flash.o(i.HAL_FLASH_OperationErrorCallback), (2 bytes).
    Removing stm32f4xx_hal_flash.o(i.HAL_FLASH_Program), (124 bytes).
    Removing stm32f4xx_hal_flash.o(i.HAL_FLASH_Program_IT), (108 bytes).
    Removing stm32f4xx_hal_flash.o(i.HAL_FLASH_Unlock), (44 bytes).
    Removing stm32f4xx_hal_flash.o(.bss), (32 bytes).
    Removing stm32f4xx_hal_rcc.o(.rev16_text), (4 bytes).
    Removing stm32f4xx_hal_rcc.o(.revsh_text), (4 bytes).
    Removing stm32f4xx_hal_rcc.o(.rrx_text), (6 bytes).
    Removing stm32f4xx_hal_rcc.o(i.HAL_RCC_CSSCallback), (2 bytes).
    Removing stm32f4xx_hal_rcc.o(i.HAL_RCC_DeInit), (4 bytes).
    Removing stm32f4xx_hal_rcc.o(i.HAL_RCC_DisableCSS), (12 bytes).
    Removing stm32f4xx_hal_rcc.o(i.HAL_RCC_EnableCSS), (12 bytes).
    Removing stm32f4xx_hal_rcc.o(i.HAL_RCC_GetClockConfig), (64 bytes).
    Removing stm32f4xx_hal_rcc.o(i.HAL_RCC_GetHCLKFreq), (12 bytes).
    Removing stm32f4xx_hal_rcc.o(i.HAL_RCC_GetOscConfig), (180 bytes).
    Removing stm32f4xx_hal_rcc.o(i.HAL_RCC_GetPCLK1Freq), (32 bytes).
    Removing stm32f4xx_hal_rcc.o(i.HAL_RCC_GetPCLK2Freq), (32 bytes).
    Removing stm32f4xx_hal_rcc.o(i.HAL_RCC_MCOConfig), (140 bytes).
    Removing stm32f4xx_hal_rcc.o(i.HAL_RCC_NMI_IRQHandler), (28 bytes).
    Removing stm32f4xx_hal_msp.o(.rev16_text), (4 bytes).
    Removing stm32f4xx_hal_msp.o(.revsh_text), (4 bytes).
    Removing stm32f4xx_hal_msp.o(.rrx_text), (6 bytes).
    Removing stm32f4xx_hal_msp.o(i.HAL_RTC_MspDeInit), (12 bytes).
    Removing stm32f4xx_hal_msp.o(i.HAL_RTC_MspInit), (76 bytes).
    Removing stm32f4xx_it.o(.rev16_text), (4 bytes).
    Removing stm32f4xx_it.o(.revsh_text), (4 bytes).
    Removing stm32f4xx_it.o(.rrx_text), (6 bytes).
    Removing stm32f4xx_lp_modes.o(.rev16_text), (4 bytes).
    Removing stm32f4xx_lp_modes.o(.revsh_text), (4 bytes).
    Removing stm32f4xx_lp_modes.o(.rrx_text), (6 bytes).
    Removing stm32f4xx_lp_modes.o(i.SYSCLKConfig_STOP), (72 bytes).
    Removing stm32f4xx_lp_modes.o(i.StandbyMode_Measure), (80 bytes).
    Removing stm32f4xx_lp_modes.o(i.StandbyRTCBKPSRAMMode_Measure), (128 bytes).
    Removing stm32f4xx_lp_modes.o(i.StandbyRTCMode_Measure), (104 bytes).
    Removing stm32f4xx_lp_modes.o(i.StopMode_Measure), (556 bytes).
    Removing stm32f4xx_lp_modes.o(i.StopUnderDriveMode_Measure), (556 bytes).
    Removing main.o(.rev16_text), (4 bytes).
    Removing main.o(.revsh_text), (4 bytes).
    Removing main.o(.rrx_text), (6 bytes).
    Removing startup_stm32f429xx.o(HEAP), (512 bytes).
    Removing stm32f4xx_nucleo_144.o(.rev16_text), (4 bytes).
    Removing stm32f4xx_nucleo_144.o(.revsh_text), (4 bytes).
    Removing stm32f4xx_nucleo_144.o(.rrx_text), (6 bytes).
    Removing stm32f4xx_nucleo_144.o(i.BSP_GetVersion), (8 bytes).
    Removing stm32f4xx_nucleo_144.o(i.BSP_LED_DeInit), (48 bytes).
    Removing stm32f4xx_nucleo_144.o(i.BSP_LED_Off), (28 bytes).
    Removing stm32f4xx_nucleo_144.o(i.BSP_PB_DeInit), (44 bytes).

297 unused section(s) (total 21020 bytes) removed from the image.

==============================================================================

Image Symbol Table

    Local Symbols

    Symbol Name                              Value     Ov Type        Size  Object(Section)

    ../Drivers/BSP/STM32F4xx_Nucleo_144/stm32f4xx_nucleo_144.c 0x00000000   Number         0  stm32f4xx_nucleo_144.o ABSOLUTE
    ../Drivers/STM32F4xx_HAL_Driver/Src/Legacy/stm32f4xx_hal_eth.c 0x00000000   Number         0  stm32f4xx_hal_eth.o ABSOLUTE
    ../Drivers/STM32F4xx_HAL_Driver/Src/stm32f4xx_hal.c 0x00000000   Number         0  stm32f4xx_hal.o ABSOLUTE
    ../Drivers/STM32F4xx_HAL_Driver/Src/stm32f4xx_hal_adc.c 0x00000000   Number         0  stm32f4xx_hal_adc.o ABSOLUTE
    ../Drivers/STM32F4xx_HAL_Driver/Src/stm32f4xx_hal_adc_ex.c 0x00000000   Number         0  stm32f4xx_hal_adc_ex.o ABSOLUTE
    ../Drivers/STM32F4xx_HAL_Driver/Src/stm32f4xx_hal_cortex.c 0x00000000   Number         0  stm32f4xx_hal_cortex.o ABSOLUTE
    ../Drivers/STM32F4xx_HAL_Driver/Src/stm32f4xx_hal_dma.c 0x00000000   Number         0  stm32f4xx_hal_dma.o ABSOLUTE
    ../Drivers/STM32F4xx_HAL_Driver/Src/stm32f4xx_hal_dma_ex.c 0x00000000   Number         0  stm32f4xx_hal_dma_ex.o ABSOLUTE
    ../Drivers/STM32F4xx_HAL_Driver/Src/stm32f4xx_hal_flash.c 0x00000000   Number         0  stm32f4xx_hal_flash.o ABSOLUTE
    ../Drivers/STM32F4xx_HAL_Driver/Src/stm32f4xx_hal_flash_ex.c 0x00000000   Number         0  stm32f4xx_hal_flash_ex.o ABSOLUTE
    ../Drivers/STM32F4xx_HAL_Driver/Src/stm32f4xx_hal_gpio.c 0x00000000   Number         0  stm32f4xx_hal_gpio.o ABSOLUTE
    ../Drivers/STM32F4xx_HAL_Driver/Src/stm32f4xx_hal_pwr.c 0x00000000   Number         0  stm32f4xx_hal_pwr.o ABSOLUTE
    ../Drivers/STM32F4xx_HAL_Driver/Src/stm32f4xx_hal_pwr_ex.c 0x00000000   Number         0  stm32f4xx_hal_pwr_ex.o ABSOLUTE
    ../Drivers/STM32F4xx_HAL_Driver/Src/stm32f4xx_hal_rcc.c 0x00000000   Number         0  stm32f4xx_hal_rcc.o ABSOLUTE
    ../Drivers/STM32F4xx_HAL_Driver/Src/stm32f4xx_hal_rcc_ex.c 0x00000000   Number         0  stm32f4xx_hal_rcc_ex.o ABSOLUTE
    ../Drivers/STM32F4xx_HAL_Driver/Src/stm32f4xx_hal_rtc.c 0x00000000   Number         0  stm32f4xx_hal_rtc.o ABSOLUTE
    ../Drivers/STM32F4xx_HAL_Driver/Src/stm32f4xx_hal_rtc_ex.c 0x00000000   Number         0  stm32f4xx_hal_rtc_ex.o ABSOLUTE
    ../Drivers/STM32F4xx_HAL_Driver/Src/stm32f4xx_hal_spi.c 0x00000000   Number         0  stm32f4xx_hal_spi.o ABSOLUTE
    ../Src/main.c                            0x00000000   Number         0  main.o ABSOLUTE
    ../Src/stm32f4xx_hal_msp.c               0x00000000   Number         0  stm32f4xx_hal_msp.o ABSOLUTE
    ../Src/stm32f4xx_it.c                    0x00000000   Number         0  stm32f4xx_it.o ABSOLUTE
    ../Src/stm32f4xx_lp_modes.c              0x00000000   Number         0  stm32f4xx_lp_modes.o ABSOLUTE
    ../Src/system_stm32f4xx.c                0x00000000   Number         0  system_stm32f4xx.o ABSOLUTE
    ../clib/microlib/division.c              0x00000000   Number         0  uldiv.o ABSOLUTE
    ../clib/microlib/init/entry.s            0x00000000   Number         0  entry9a.o ABSOLUTE
    ../clib/microlib/init/entry.s            0x00000000   Number         0  entry10a.o ABSOLUTE
    ../clib/microlib/init/entry.s            0x00000000   Number         0  entry10b.o ABSOLUTE
    ../clib/microlib/init/entry.s            0x00000000   Number         0  entry11a.o ABSOLUTE
    ../clib/microlib/init/entry.s            0x00000000   Number         0  entry11b.o ABSOLUTE
    ../clib/microlib/init/entry.s            0x00000000   Number         0  entry9b.o ABSOLUTE
    ../clib/microlib/init/entry.s            0x00000000   Number         0  entry12a.o ABSOLUTE
    ../clib/microlib/init/entry.s            0x00000000   Number         0  entry.o ABSOLUTE
    ../clib/microlib/init/entry.s            0x00000000   Number         0  entry8a.o ABSOLUTE
    ../clib/microlib/init/entry.s            0x00000000   Number         0  entry7b.o ABSOLUTE
    ../clib/microlib/init/entry.s            0x00000000   Number         0  entry5.o ABSOLUTE
    ../clib/microlib/init/entry.s            0x00000000   Number         0  entry2.o ABSOLUTE
    ../clib/microlib/init/entry.s            0x00000000   Number         0  entry8b.o ABSOLUTE
    ../clib/microlib/init/entry.s            0x00000000   Number         0  entry12b.o ABSOLUTE
    ../clib/microlib/init/entry.s            0x00000000   Number         0  entry7a.o ABSOLUTE
    ../clib/microlib/longlong.c              0x00000000   Number         0  llshl.o ABSOLUTE
    ../clib/microlib/longlong.c              0x00000000   Number         0  llushr.o ABSOLUTE
    ..\Drivers\BSP\STM32F4xx_Nucleo_144\stm32f4xx_nucleo_144.c 0x00000000   Number         0  stm32f4xx_nucleo_144.o ABSOLUTE
    ..\Drivers\STM32F4xx_HAL_Driver\Src\Legacy\stm32f4xx_hal_eth.c 0x00000000   Number         0  stm32f4xx_hal_eth.o ABSOLUTE
    ..\Drivers\STM32F4xx_HAL_Driver\Src\stm32f4xx_hal.c 0x00000000   Number         0  stm32f4xx_hal.o ABSOLUTE
    ..\Drivers\STM32F4xx_HAL_Driver\Src\stm32f4xx_hal_adc.c 0x00000000   Number         0  stm32f4xx_hal_adc.o ABSOLUTE
    ..\Drivers\STM32F4xx_HAL_Driver\Src\stm32f4xx_hal_adc_ex.c 0x00000000   Number         0  stm32f4xx_hal_adc_ex.o ABSOLUTE
    ..\Drivers\STM32F4xx_HAL_Driver\Src\stm32f4xx_hal_cortex.c 0x00000000   Number         0  stm32f4xx_hal_cortex.o ABSOLUTE
    ..\Drivers\STM32F4xx_HAL_Driver\Src\stm32f4xx_hal_dma.c 0x00000000   Number         0  stm32f4xx_hal_dma.o ABSOLUTE
    ..\Drivers\STM32F4xx_HAL_Driver\Src\stm32f4xx_hal_dma_ex.c 0x00000000   Number         0  stm32f4xx_hal_dma_ex.o ABSOLUTE
    ..\Drivers\STM32F4xx_HAL_Driver\Src\stm32f4xx_hal_flash.c 0x00000000   Number         0  stm32f4xx_hal_flash.o ABSOLUTE
    ..\Drivers\STM32F4xx_HAL_Driver\Src\stm32f4xx_hal_flash_ex.c 0x00000000   Number         0  stm32f4xx_hal_flash_ex.o ABSOLUTE
    ..\Drivers\STM32F4xx_HAL_Driver\Src\stm32f4xx_hal_gpio.c 0x00000000   Number         0  stm32f4xx_hal_gpio.o ABSOLUTE
    ..\Drivers\STM32F4xx_HAL_Driver\Src\stm32f4xx_hal_pwr.c 0x00000000   Number         0  stm32f4xx_hal_pwr.o ABSOLUTE
    ..\Drivers\STM32F4xx_HAL_Driver\Src\stm32f4xx_hal_pwr_ex.c 0x00000000   Number         0  stm32f4xx_hal_pwr_ex.o ABSOLUTE
    ..\Drivers\STM32F4xx_HAL_Driver\Src\stm32f4xx_hal_rcc.c 0x00000000   Number         0  stm32f4xx_hal_rcc.o ABSOLUTE
    ..\Drivers\STM32F4xx_HAL_Driver\Src\stm32f4xx_hal_rcc_ex.c 0x00000000   Number         0  stm32f4xx_hal_rcc_ex.o ABSOLUTE
    ..\Drivers\STM32F4xx_HAL_Driver\Src\stm32f4xx_hal_rtc.c 0x00000000   Number         0  stm32f4xx_hal_rtc.o ABSOLUTE
    ..\Drivers\STM32F4xx_HAL_Driver\Src\stm32f4xx_hal_rtc_ex.c 0x00000000   Number         0  stm32f4xx_hal_rtc_ex.o ABSOLUTE
    ..\Drivers\STM32F4xx_HAL_Driver\Src\stm32f4xx_hal_spi.c 0x00000000   Number         0  stm32f4xx_hal_spi.o ABSOLUTE
    ..\Src\main.c                            0x00000000   Number         0  main.o ABSOLUTE
    ..\Src\stm32f4xx_hal_msp.c               0x00000000   Number         0  stm32f4xx_hal_msp.o ABSOLUTE
    ..\Src\stm32f4xx_it.c                    0x00000000   Number         0  stm32f4xx_it.o ABSOLUTE
    ..\Src\stm32f4xx_lp_modes.c              0x00000000   Number         0  stm32f4xx_lp_modes.o ABSOLUTE
    ..\Src\system_stm32f4xx.c                0x00000000   Number         0  system_stm32f4xx.o ABSOLUTE
    dc.s                                     0x00000000   Number         0  dc.o ABSOLUTE
    handlers.s                               0x00000000   Number         0  handlers.o ABSOLUTE
    init.s                                   0x00000000   Number         0  init.o ABSOLUTE
    startup_stm32f429xx.s                    0x00000000   Number         0  startup_stm32f429xx.o ABSOLUTE
    RESET                                    0x08000000   Section      428  startup_stm32f429xx.o(RESET)
    .ARM.Collect$$$$00000000                 0x080001ac   Section        0  entry.o(.ARM.Collect$$$$00000000)
    .ARM.Collect$$$$00000001                 0x080001ac   Section        4  entry2.o(.ARM.Collect$$$$00000001)
    .ARM.Collect$$$$00000004                 0x080001b0   Section        4  entry5.o(.ARM.Collect$$$$00000004)
    .ARM.Collect$$$$00000008                 0x080001b4   Section        0  entry7b.o(.ARM.Collect$$$$00000008)
    .ARM.Collect$$$$0000000A                 0x080001b4   Section        0  entry8b.o(.ARM.Collect$$$$0000000A)
    .ARM.Collect$$$$0000000B                 0x080001b4   Section        8  entry9a.o(.ARM.Collect$$$$0000000B)
    .ARM.Collect$$$$0000000E                 0x080001bc   Section        4  entry12b.o(.ARM.Collect$$$$0000000E)
    .ARM.Collect$$$$0000000F                 0x080001c0   Section        0  entry10a.o(.ARM.Collect$$$$0000000F)
    .ARM.Collect$$$$00000011                 0x080001c0   Section        0  entry11a.o(.ARM.Collect$$$$00000011)
    .ARM.Collect$$$$00002712                 0x080001c0   Section        4  entry2.o(.ARM.Collect$$$$00002712)
    __lit__00000000                          0x080001c0   Data           4  entry2.o(.ARM.Collect$$$$00002712)
    .text                                    0x080001c4   Section       36  startup_stm32f429xx.o(.text)
    $v0                                      0x080001c4   Number         0  startup_stm32f429xx.o(.text)
    .text                                    0x080001e8   Section        0  uldiv.o(.text)
    .text                                    0x0800024a   Section        0  llshl.o(.text)
    .text                                    0x08000268   Section        0  llushr.o(.text)
    .text                                    0x08000288   Section       36  init.o(.text)
    i.BSP_LED_Init                           0x080002ac   Section        0  stm32f4xx_nucleo_144.o(i.BSP_LED_Init)
    i.BSP_LED_On                             0x08000304   Section        0  stm32f4xx_nucleo_144.o(i.BSP_LED_On)
    i.BSP_LED_Toggle                         0x08000320   Section        0  stm32f4xx_nucleo_144.o(i.BSP_LED_Toggle)
    i.BSP_PB_GetState                        0x08000338   Section        0  stm32f4xx_nucleo_144.o(i.BSP_PB_GetState)
    i.BSP_PB_Init                            0x08000350   Section        0  stm32f4xx_nucleo_144.o(i.BSP_PB_Init)
    i.BusFault_Handler                       0x080003cc   Section        0  stm32f4xx_it.o(i.BusFault_Handler)
    i.DebugMon_Handler                       0x080003ce   Section        0  stm32f4xx_it.o(i.DebugMon_Handler)
    i.ETH_PhyEnterPowerDownMode              0x080003d0   Section        0  stm32f4xx_lp_modes.o(i.ETH_PhyEnterPowerDownMode)
    i.ETH_PhyExitFromPowerDownMode           0x080004b0   Section        0  stm32f4xx_lp_modes.o(i.ETH_PhyExitFromPowerDownMode)
    i.EXTI15_10_IRQHandler                   0x0800056c   Section        0  stm32f4xx_it.o(i.EXTI15_10_IRQHandler)
    i.Error_Handler                          0x08000574   Section        0  main.o(i.Error_Handler)
    i.HAL_Delay                              0x0800057c   Section        0  stm32f4xx_hal.o(i.HAL_Delay)
    i.HAL_ETH_ReadPHYRegister                0x080005a0   Section        0  stm32f4xx_hal_eth.o(i.HAL_ETH_ReadPHYRegister)
    i.HAL_ETH_WritePHYRegister               0x08000624   Section        0  stm32f4xx_hal_eth.o(i.HAL_ETH_WritePHYRegister)
    i.HAL_GPIO_EXTI_Callback                 0x0800069c   Section        0  main.o(i.HAL_GPIO_EXTI_Callback)
    i.HAL_GPIO_EXTI_IRQHandler               0x080006b8   Section        0  stm32f4xx_hal_gpio.o(i.HAL_GPIO_EXTI_IRQHandler)
    i.HAL_GPIO_Init                          0x080006d0   Section        0  stm32f4xx_hal_gpio.o(i.HAL_GPIO_Init)
    i.HAL_GPIO_ReadPin                       0x08000904   Section        0  stm32f4xx_hal_gpio.o(i.HAL_GPIO_ReadPin)
    i.HAL_GPIO_TogglePin                     0x0800090e   Section        0  stm32f4xx_hal_gpio.o(i.HAL_GPIO_TogglePin)
    i.HAL_GPIO_WritePin                      0x0800091e   Section        0  stm32f4xx_hal_gpio.o(i.HAL_GPIO_WritePin)
    i.HAL_GetTick                            0x08000928   Section        0  stm32f4xx_hal.o(i.HAL_GetTick)
    i.HAL_IncTick                            0x08000934   Section        0  stm32f4xx_hal.o(i.HAL_IncTick)
    i.HAL_Init                               0x08000944   Section        0  stm32f4xx_hal.o(i.HAL_Init)
    i.HAL_InitTick                           0x08000970   Section        0  stm32f4xx_hal.o(i.HAL_InitTick)
    i.HAL_MspInit                            0x080009b0   Section        0  stm32f4xx_hal.o(i.HAL_MspInit)
    i.HAL_NVIC_EnableIRQ                     0x080009b2   Section        0  stm32f4xx_hal_cortex.o(i.HAL_NVIC_EnableIRQ)
    i.HAL_NVIC_SetPriority                   0x080009cc   Section        0  stm32f4xx_hal_cortex.o(i.HAL_NVIC_SetPriority)
    i.HAL_NVIC_SetPriorityGrouping           0x08000a0c   Section        0  stm32f4xx_hal_cortex.o(i.HAL_NVIC_SetPriorityGrouping)
    i.HAL_PWREx_EnableOverDrive              0x08000a30   Section        0  stm32f4xx_hal_pwr_ex.o(i.HAL_PWREx_EnableOverDrive)
    i.HAL_PWR_EnterSLEEPMode                 0x08000aa0   Section        0  stm32f4xx_hal_pwr.o(i.HAL_PWR_EnterSLEEPMode)
    i.HAL_RCC_ClockConfig                    0x08000ac0   Section        0  stm32f4xx_hal_rcc.o(i.HAL_RCC_ClockConfig)
    i.HAL_RCC_GetSysClockFreq                0x08000bf4   Section        0  stm32f4xx_hal_rcc.o(i.HAL_RCC_GetSysClockFreq)
    i.HAL_RCC_OscConfig                      0x08000c54   Section        0  stm32f4xx_hal_rcc.o(i.HAL_RCC_OscConfig)
    i.HAL_RTCEx_WakeUpTimerEventCallback     0x08000fc0   Section        0  main.o(i.HAL_RTCEx_WakeUpTimerEventCallback)
    i.HAL_RTCEx_WakeUpTimerIRQHandler        0x08000fcc   Section        0  stm32f4xx_hal_rtc_ex.o(i.HAL_RTCEx_WakeUpTimerIRQHandler)
    i.HAL_ResumeTick                         0x08001000   Section        0  stm32f4xx_hal.o(i.HAL_ResumeTick)
    i.HAL_SYSTICK_Callback                   0x0800100e   Section        0  main.o(i.HAL_SYSTICK_Callback)
    i.HAL_SYSTICK_Config                     0x08001012   Section        0  stm32f4xx_hal_cortex.o(i.HAL_SYSTICK_Config)
    i.HAL_SYSTICK_IRQHandler                 0x0800103a   Section        0  stm32f4xx_hal_cortex.o(i.HAL_SYSTICK_IRQHandler)
    i.HAL_SuspendTick                        0x08001042   Section        0  stm32f4xx_hal.o(i.HAL_SuspendTick)
    i.HardFault_Handler                      0x08001050   Section        0  stm32f4xx_it.o(i.HardFault_Handler)
    i.MemManage_Handler                      0x08001052   Section        0  stm32f4xx_it.o(i.MemManage_Handler)
    i.NMI_Handler                            0x08001054   Section        0  stm32f4xx_it.o(i.NMI_Handler)
    i.PendSV_Handler                         0x08001056   Section        0  stm32f4xx_it.o(i.PendSV_Handler)
    i.RTC_WKUP_IRQHandler                    0x08001058   Section        0  stm32f4xx_it.o(i.RTC_WKUP_IRQHandler)
    i.SVC_Handler                            0x08001064   Section        0  stm32f4xx_it.o(i.SVC_Handler)
    i.SleepMode_Measure                      0x08001068   Section        0  stm32f4xx_lp_modes.o(i.SleepMode_Measure)
    i.SysTick_Handler                        0x08001250   Section        0  stm32f4xx_it.o(i.SysTick_Handler)
    i.SystemClock_Config                     0x08001254   Section        0  main.o(i.SystemClock_Config)
    SystemClock_Config                       0x08001255   Thumb Code   128  main.o(i.SystemClock_Config)
    i.SystemInit                             0x080012dc   Section        0  system_stm32f4xx.o(i.SystemInit)
    i.UsageFault_Handler                     0x08001330   Section        0  stm32f4xx_it.o(i.UsageFault_Handler)
    i.__NVIC_SetPriority                     0x08001332   Section        0  stm32f4xx_hal_cortex.o(i.__NVIC_SetPriority)
    __NVIC_SetPriority                       0x08001333   Thumb Code    32  stm32f4xx_hal_cortex.o(i.__NVIC_SetPriority)
    i.__scatterload_copy                     0x08001352   Section       14  handlers.o(i.__scatterload_copy)
    i.__scatterload_null                     0x08001360   Section        2  handlers.o(i.__scatterload_null)
    i.__scatterload_zeroinit                 0x08001362   Section       14  handlers.o(i.__scatterload_zeroinit)
    i.main                                   0x08001370   Section        0  main.o(i.main)
    .constdata                               0x08001418   Section       16  system_stm32f4xx.o(.constdata)
    .constdata                               0x08001428   Section       10  stm32f4xx_nucleo_144.o(.constdata)
    .data                                    0x20000000   Section        4  system_stm32f4xx.o(.data)
    .data                                    0x20000004   Section       12  stm32f4xx_hal.o(.data)
    .data                                    0x20000010   Section        4  main.o(.data)
    .data                                    0x20000014   Section       16  stm32f4xx_nucleo_144.o(.data)
    .bss                                     0x20000024   Section       32  stm32f4xx_lp_modes.o(.bss)
    STACK                                    0x20000048   Section     1024  startup_stm32f429xx.o(STACK)

    Global Symbols

    Symbol Name                              Value     Ov Type        Size  Object(Section)

    BuildAttributes$$THM_ISAv4$E$P$D$K$B$S$7EM$VFPi3$EXTD16$VFPS$VFMA$PE$A:L22UL41UL21$X:L11$S22US41US21$IEEE1$IW$USESV6$~STKCKD$USESV7$~SHL$OSPACE$EBA8$MICROLIB$REQ8$PRES8$EABIv2 0x00000000   Number         0  anon$$obj.o ABSOLUTE
    __ARM_use_no_argv                        0x00000000   Number         0  main.o ABSOLUTE
    __arm_fini_                               - Undefined Weak Reference
    __cpp_initialize__aeabi_                  - Undefined Weak Reference
    __cxa_finalize                            - Undefined Weak Reference
    __decompress                              - Undefined Weak Reference
    _clock_init                               - Undefined Weak Reference
    _microlib_exit                            - Undefined Weak Reference
    __Vectors_Size                           0x000001ac   Number         0  startup_stm32f429xx.o ABSOLUTE
    __Vectors                                0x08000000   Data           4  startup_stm32f429xx.o(RESET)
    __Vectors_End                            0x080001ac   Data           0  startup_stm32f429xx.o(RESET)
    __main                                   0x080001ad   Thumb Code     0  entry.o(.ARM.Collect$$$$00000000)
    _main_stk                                0x080001ad   Thumb Code     0  entry2.o(.ARM.Collect$$$$00000001)
    _main_scatterload                        0x080001b1   Thumb Code     0  entry5.o(.ARM.Collect$$$$00000004)
    __main_after_scatterload                 0x080001b5   Thumb Code     0  entry5.o(.ARM.Collect$$$$00000004)
    _main_clock                              0x080001b5   Thumb Code     0  entry7b.o(.ARM.Collect$$$$00000008)
    _main_cpp_init                           0x080001b5   Thumb Code     0  entry8b.o(.ARM.Collect$$$$0000000A)
    _main_init                               0x080001b5   Thumb Code     0  entry9a.o(.ARM.Collect$$$$0000000B)
    __rt_lib_shutdown_fini                   0x080001bd   Thumb Code     0  entry12b.o(.ARM.Collect$$$$0000000E)
    __rt_final_cpp                           0x080001c1   Thumb Code     0  entry10a.o(.ARM.Collect$$$$0000000F)
    __rt_final_exit                          0x080001c1   Thumb Code     0  entry11a.o(.ARM.Collect$$$$00000011)
    Reset_Handler                            0x080001c5   Thumb Code     8  startup_stm32f429xx.o(.text)
    ADC_IRQHandler                           0x080001df   Thumb Code     0  startup_stm32f429xx.o(.text)
    CAN1_RX0_IRQHandler                      0x080001df   Thumb Code     0  startup_stm32f429xx.o(.text)
    CAN1_RX1_IRQHandler                      0x080001df   Thumb Code     0  startup_stm32f429xx.o(.text)
    CAN1_SCE_IRQHandler                      0x080001df   Thumb Code     0  startup_stm32f429xx.o(.text)
    CAN1_TX_IRQHandler                       0x080001df   Thumb Code     0  startup_stm32f429xx.o(.text)
    CAN2_RX0_IRQHandler                      0x080001df   Thumb Code     0  startup_stm32f429xx.o(.text)
    CAN2_RX1_IRQHandler                      0x080001df   Thumb Code     0  startup_stm32f429xx.o(.text)
    CAN2_SCE_IRQHandler                      0x080001df   Thumb Code     0  startup_stm32f429xx.o(.text)
    CAN2_TX_IRQHandler                       0x080001df   Thumb Code     0  startup_stm32f429xx.o(.text)
    DCMI_IRQHandler                          0x080001df   Thumb Code     0  startup_stm32f429xx.o(.text)
    DMA1_Stream0_IRQHandler                  0x080001df   Thumb Code     0  startup_stm32f429xx.o(.text)
    DMA1_Stream1_IRQHandler                  0x080001df   Thumb Code     0  startup_stm32f429xx.o(.text)
    DMA1_Stream2_IRQHandler                  0x080001df   Thumb Code     0  startup_stm32f429xx.o(.text)
    DMA1_Stream3_IRQHandler                  0x080001df   Thumb Code     0  startup_stm32f429xx.o(.text)
    DMA1_Stream4_IRQHandler                  0x080001df   Thumb Code     0  startup_stm32f429xx.o(.text)
    DMA1_Stream5_IRQHandler                  0x080001df   Thumb Code     0  startup_stm32f429xx.o(.text)
    DMA1_Stream6_IRQHandler                  0x080001df   Thumb Code     0  startup_stm32f429xx.o(.text)
    DMA1_Stream7_IRQHandler                  0x080001df   Thumb Code     0  startup_stm32f429xx.o(.text)
    DMA2D_IRQHandler                         0x080001df   Thumb Code     0  startup_stm32f429xx.o(.text)
    DMA2_Stream0_IRQHandler                  0x080001df   Thumb Code     0  startup_stm32f429xx.o(.text)
    DMA2_Stream1_IRQHandler                  0x080001df   Thumb Code     0  startup_stm32f429xx.o(.text)
    DMA2_Stream2_IRQHandler                  0x080001df   Thumb Code     0  startup_stm32f429xx.o(.text)
    DMA2_Stream3_IRQHandler                  0x080001df   Thumb Code     0  startup_stm32f429xx.o(.text)
    DMA2_Stream4_IRQHandler                  0x080001df   Thumb Code     0  startup_stm32f429xx.o(.text)
    DMA2_Stream5_IRQHandler                  0x080001df   Thumb Code     0  startup_stm32f429xx.o(.text)
    DMA2_Stream6_IRQHandler                  0x080001df   Thumb Code     0  startup_stm32f429xx.o(.text)
    DMA2_Stream7_IRQHandler                  0x080001df   Thumb Code     0  startup_stm32f429xx.o(.text)
    ETH_IRQHandler                           0x080001df   Thumb Code     0  startup_stm32f429xx.o(.text)
    ETH_WKUP_IRQHandler                      0x080001df   Thumb Code     0  startup_stm32f429xx.o(.text)
    EXTI0_IRQHandler                         0x080001df   Thumb Code     0  startup_stm32f429xx.o(.text)
    EXTI1_IRQHandler                         0x080001df   Thumb Code     0  startup_stm32f429xx.o(.text)
    EXTI2_IRQHandler                         0x080001df   Thumb Code     0  startup_stm32f429xx.o(.text)
    EXTI3_IRQHandler                         0x080001df   Thumb Code     0  startup_stm32f429xx.o(.text)
    EXTI4_IRQHandler                         0x080001df   Thumb Code     0  startup_stm32f429xx.o(.text)
    EXTI9_5_IRQHandler                       0x080001df   Thumb Code     0  startup_stm32f429xx.o(.text)
    FLASH_IRQHandler                         0x080001df   Thumb Code     0  startup_stm32f429xx.o(.text)
    FMC_IRQHandler                           0x080001df   Thumb Code     0  startup_stm32f429xx.o(.text)
    FPU_IRQHandler                           0x080001df   Thumb Code     0  startup_stm32f429xx.o(.text)
    HASH_RNG_IRQHandler                      0x080001df   Thumb Code     0  startup_stm32f429xx.o(.text)
    I2C1_ER_IRQHandler                       0x080001df   Thumb Code     0  startup_stm32f429xx.o(.text)
    I2C1_EV_IRQHandler                       0x080001df   Thumb Code     0  startup_stm32f429xx.o(.text)
    I2C2_ER_IRQHandler                       0x080001df   Thumb Code     0  startup_stm32f429xx.o(.text)
    I2C2_EV_IRQHandler                       0x080001df   Thumb Code     0  startup_stm32f429xx.o(.text)
    I2C3_ER_IRQHandler                       0x080001df   Thumb Code     0  startup_stm32f429xx.o(.text)
    I2C3_EV_IRQHandler                       0x080001df   Thumb Code     0  startup_stm32f429xx.o(.text)
    LTDC_ER_IRQHandler                       0x080001df   Thumb Code     0  startup_stm32f429xx.o(.text)
    LTDC_IRQHandler                          0x080001df   Thumb Code     0  startup_stm32f429xx.o(.text)
    OTG_FS_IRQHandler                        0x080001df   Thumb Code     0  startup_stm32f429xx.o(.text)
    OTG_FS_WKUP_IRQHandler                   0x080001df   Thumb Code     0  startup_stm32f429xx.o(.text)
    OTG_HS_EP1_IN_IRQHandler                 0x080001df   Thumb Code     0  startup_stm32f429xx.o(.text)
    OTG_HS_EP1_OUT_IRQHandler                0x080001df   Thumb Code     0  startup_stm32f429xx.o(.text)
    OTG_HS_IRQHandler                        0x080001df   Thumb Code     0  startup_stm32f429xx.o(.text)
    OTG_HS_WKUP_IRQHandler                   0x080001df   Thumb Code     0  startup_stm32f429xx.o(.text)
    PVD_IRQHandler                           0x080001df   Thumb Code     0  startup_stm32f429xx.o(.text)
    RCC_IRQHandler                           0x080001df   Thumb Code     0  startup_stm32f429xx.o(.text)
    RTC_Alarm_IRQHandler                     0x080001df   Thumb Code     0  startup_stm32f429xx.o(.text)
    SAI1_IRQHandler                          0x080001df   Thumb Code     0  startup_stm32f429xx.o(.text)
    SDIO_IRQHandler                          0x080001df   Thumb Code     0  startup_stm32f429xx.o(.text)
    SPI1_IRQHandler                          0x080001df   Thumb Code     0  startup_stm32f429xx.o(.text)
    SPI2_IRQHandler                          0x080001df   Thumb Code     0  startup_stm32f429xx.o(.text)
    SPI3_IRQHandler                          0x080001df   Thumb Code     0  startup_stm32f429xx.o(.text)
    SPI4_IRQHandler                          0x080001df   Thumb Code     0  startup_stm32f429xx.o(.text)
    SPI5_IRQHandler                          0x080001df   Thumb Code     0  startup_stm32f429xx.o(.text)
    SPI6_IRQHandler                          0x080001df   Thumb Code     0  startup_stm32f429xx.o(.text)
    TAMP_STAMP_IRQHandler                    0x080001df   Thumb Code     0  startup_stm32f429xx.o(.text)
    TIM1_BRK_TIM9_IRQHandler                 0x080001df   Thumb Code     0  startup_stm32f429xx.o(.text)
    TIM1_CC_IRQHandler                       0x080001df   Thumb Code     0  startup_stm32f429xx.o(.text)
    TIM1_TRG_COM_TIM11_IRQHandler            0x080001df   Thumb Code     0  startup_stm32f429xx.o(.text)
    TIM1_UP_TIM10_IRQHandler                 0x080001df   Thumb Code     0  startup_stm32f429xx.o(.text)
    TIM2_IRQHandler                          0x080001df   Thumb Code     0  startup_stm32f429xx.o(.text)
    TIM3_IRQHandler                          0x080001df   Thumb Code     0  startup_stm32f429xx.o(.text)
    TIM4_IRQHandler                          0x080001df   Thumb Code     0  startup_stm32f429xx.o(.text)
    TIM5_IRQHandler                          0x080001df   Thumb Code     0  startup_stm32f429xx.o(.text)
    TIM6_DAC_IRQHandler                      0x080001df   Thumb Code     0  startup_stm32f429xx.o(.text)
    TIM7_IRQHandler                          0x080001df   Thumb Code     0  startup_stm32f429xx.o(.text)
    TIM8_BRK_TIM12_IRQHandler                0x080001df   Thumb Code     0  startup_stm32f429xx.o(.text)
    TIM8_CC_IRQHandler                       0x080001df   Thumb Code     0  startup_stm32f429xx.o(.text)
    TIM8_TRG_COM_TIM14_IRQHandler            0x080001df   Thumb Code     0  startup_stm32f429xx.o(.text)
    TIM8_UP_TIM13_IRQHandler                 0x080001df   Thumb Code     0  startup_stm32f429xx.o(.text)
    UART4_IRQHandler                         0x080001df   Thumb Code     0  startup_stm32f429xx.o(.text)
    UART5_IRQHandler                         0x080001df   Thumb Code     0  startup_stm32f429xx.o(.text)
    UART7_IRQHandler                         0x080001df   Thumb Code     0  startup_stm32f429xx.o(.text)
    UART8_IRQHandler                         0x080001df   Thumb Code     0  startup_stm32f429xx.o(.text)
    USART1_IRQHandler                        0x080001df   Thumb Code     0  startup_stm32f429xx.o(.text)
    USART2_IRQHandler                        0x080001df   Thumb Code     0  startup_stm32f429xx.o(.text)
    USART3_IRQHandler                        0x080001df   Thumb Code     0  startup_stm32f429xx.o(.text)
    USART6_IRQHandler                        0x080001df   Thumb Code     0  startup_stm32f429xx.o(.text)
    WWDG_IRQHandler                          0x080001df   Thumb Code     0  startup_stm32f429xx.o(.text)
    __aeabi_uldivmod                         0x080001e9   Thumb Code    98  uldiv.o(.text)
    __aeabi_llsl                             0x0800024b   Thumb Code    30  llshl.o(.text)
    _ll_shift_l                              0x0800024b   Thumb Code     0  llshl.o(.text)
    __aeabi_llsr                             0x08000269   Thumb Code    32  llushr.o(.text)
    _ll_ushift_r                             0x08000269   Thumb Code     0  llushr.o(.text)
    __scatterload                            0x08000289   Thumb Code    28  init.o(.text)
    __scatterload_rt2                        0x08000289   Thumb Code     0  init.o(.text)
    BSP_LED_Init                             0x080002ad   Thumb Code    74  stm32f4xx_nucleo_144.o(i.BSP_LED_Init)
    BSP_LED_On                               0x08000305   Thumb Code    18  stm32f4xx_nucleo_144.o(i.BSP_LED_On)
    BSP_LED_Toggle                           0x08000321   Thumb Code    16  stm32f4xx_nucleo_144.o(i.BSP_LED_Toggle)
    BSP_PB_GetState                          0x08000339   Thumb Code    16  stm32f4xx_nucleo_144.o(i.BSP_PB_GetState)
    BSP_PB_Init                              0x08000351   Thumb Code   110  stm32f4xx_nucleo_144.o(i.BSP_PB_Init)
    BusFault_Handler                         0x080003cd   Thumb Code     2  stm32f4xx_it.o(i.BusFault_Handler)
    DebugMon_Handler                         0x080003cf   Thumb Code     2  stm32f4xx_it.o(i.DebugMon_Handler)
    ETH_PhyEnterPowerDownMode                0x080003d1   Thumb Code   208  stm32f4xx_lp_modes.o(i.ETH_PhyEnterPowerDownMode)
    ETH_PhyExitFromPowerDownMode             0x080004b1   Thumb Code   172  stm32f4xx_lp_modes.o(i.ETH_PhyExitFromPowerDownMode)
    EXTI15_10_IRQHandler                     0x0800056d   Thumb Code     8  stm32f4xx_it.o(i.EXTI15_10_IRQHandler)
    Error_Handler                            0x08000575   Thumb Code     8  main.o(i.Error_Handler)
    HAL_Delay                                0x0800057d   Thumb Code    32  stm32f4xx_hal.o(i.HAL_Delay)
    HAL_ETH_ReadPHYRegister                  0x080005a1   Thumb Code   132  stm32f4xx_hal_eth.o(i.HAL_ETH_ReadPHYRegister)
    HAL_ETH_WritePHYRegister                 0x08000625   Thumb Code   120  stm32f4xx_hal_eth.o(i.HAL_ETH_WritePHYRegister)
    HAL_GPIO_EXTI_Callback                   0x0800069d   Thumb Code    24  main.o(i.HAL_GPIO_EXTI_Callback)
    HAL_GPIO_EXTI_IRQHandler                 0x080006b9   Thumb Code    18  stm32f4xx_hal_gpio.o(i.HAL_GPIO_EXTI_IRQHandler)
    HAL_GPIO_Init                            0x080006d1   Thumb Code   510  stm32f4xx_hal_gpio.o(i.HAL_GPIO_Init)
    HAL_GPIO_ReadPin                         0x08000905   Thumb Code    10  stm32f4xx_hal_gpio.o(i.HAL_GPIO_ReadPin)
    HAL_GPIO_TogglePin                       0x0800090f   Thumb Code    16  stm32f4xx_hal_gpio.o(i.HAL_GPIO_TogglePin)
    HAL_GPIO_WritePin                        0x0800091f   Thumb Code    10  stm32f4xx_hal_gpio.o(i.HAL_GPIO_WritePin)
    HAL_GetTick                              0x08000929   Thumb Code     6  stm32f4xx_hal.o(i.HAL_GetTick)
    HAL_IncTick                              0x08000935   Thumb Code    12  stm32f4xx_hal.o(i.HAL_IncTick)
    HAL_Init                                 0x08000945   Thumb Code    40  stm32f4xx_hal.o(i.HAL_Init)
    HAL_InitTick                             0x08000971   Thumb Code    54  stm32f4xx_hal.o(i.HAL_InitTick)
    HAL_MspInit                              0x080009b1   Thumb Code     2  stm32f4xx_hal.o(i.HAL_MspInit)
    HAL_NVIC_EnableIRQ                       0x080009b3   Thumb Code    26  stm32f4xx_hal_cortex.o(i.HAL_NVIC_EnableIRQ)
    HAL_NVIC_SetPriority                     0x080009cd   Thumb Code    60  stm32f4xx_hal_cortex.o(i.HAL_NVIC_SetPriority)
    HAL_NVIC_SetPriorityGrouping             0x08000a0d   Thumb Code    26  stm32f4xx_hal_cortex.o(i.HAL_NVIC_SetPriorityGrouping)
    HAL_PWREx_EnableOverDrive                0x08000a31   Thumb Code    98  stm32f4xx_hal_pwr_ex.o(i.HAL_PWREx_EnableOverDrive)
    HAL_PWR_EnterSLEEPMode                   0x08000aa1   Thumb Code    26  stm32f4xx_hal_pwr.o(i.HAL_PWR_EnterSLEEPMode)
    HAL_RCC_ClockConfig                      0x08000ac1   Thumb Code   288  stm32f4xx_hal_rcc.o(i.HAL_RCC_ClockConfig)
    HAL_RCC_GetSysClockFreq                  0x08000bf5   Thumb Code    88  stm32f4xx_hal_rcc.o(i.HAL_RCC_GetSysClockFreq)
    HAL_RCC_OscConfig                        0x08000c55   Thumb Code   856  stm32f4xx_hal_rcc.o(i.HAL_RCC_OscConfig)
    HAL_RTCEx_WakeUpTimerEventCallback       0x08000fc1   Thumb Code     8  main.o(i.HAL_RTCEx_WakeUpTimerEventCallback)
    HAL_RTCEx_WakeUpTimerIRQHandler          0x08000fcd   Thumb Code    46  stm32f4xx_hal_rtc_ex.o(i.HAL_RTCEx_WakeUpTimerIRQHandler)
    HAL_ResumeTick                           0x08001001   Thumb Code    14  stm32f4xx_hal.o(i.HAL_ResumeTick)
    HAL_SYSTICK_Callback                     0x0800100f   Thumb Code     4  main.o(i.HAL_SYSTICK_Callback)
    HAL_SYSTICK_Config                       0x08001013   Thumb Code    40  stm32f4xx_hal_cortex.o(i.HAL_SYSTICK_Config)
    HAL_SYSTICK_IRQHandler                   0x0800103b   Thumb Code     8  stm32f4xx_hal_cortex.o(i.HAL_SYSTICK_IRQHandler)
    HAL_SuspendTick                          0x08001043   Thumb Code    14  stm32f4xx_hal.o(i.HAL_SuspendTick)
    HardFault_Handler                        0x08001051   Thumb Code     2  stm32f4xx_it.o(i.HardFault_Handler)
    MemManage_Handler                        0x08001053   Thumb Code     2  stm32f4xx_it.o(i.MemManage_Handler)
    NMI_Handler                              0x08001055   Thumb Code     2  stm32f4xx_it.o(i.NMI_Handler)
    PendSV_Handler                           0x08001057   Thumb Code     2  stm32f4xx_it.o(i.PendSV_Handler)
    RTC_WKUP_IRQHandler                      0x08001059   Thumb Code     6  stm32f4xx_it.o(i.RTC_WKUP_IRQHandler)
    SVC_Handler                              0x08001065   Thumb Code     2  stm32f4xx_it.o(i.SVC_Handler)
    SleepMode_Measure                        0x08001069   Thumb Code   440  stm32f4xx_lp_modes.o(i.SleepMode_Measure)
    SysTick_Handler                          0x08001251   Thumb Code     4  stm32f4xx_it.o(i.SysTick_Handler)
    SystemInit                               0x080012dd   Thumb Code    66  system_stm32f4xx.o(i.SystemInit)
    UsageFault_Handler                       0x08001331   Thumb Code     2  stm32f4xx_it.o(i.UsageFault_Handler)
    __scatterload_copy                       0x08001353   Thumb Code    14  handlers.o(i.__scatterload_copy)
    __scatterload_null                       0x08001361   Thumb Code     2  handlers.o(i.__scatterload_null)
    __scatterload_zeroinit                   0x08001363   Thumb Code    14  handlers.o(i.__scatterload_zeroinit)
    main                                     0x08001371   Thumb Code   156  main.o(i.main)
    AHBPrescTable                            0x08001418   Data          16  system_stm32f4xx.o(.constdata)
    BUTTON_IRQn                              0x08001428   Data           1  stm32f4xx_nucleo_144.o(.constdata)
    BUTTON_PIN                               0x0800142a   Data           2  stm32f4xx_nucleo_144.o(.constdata)
    GPIO_PIN                                 0x0800142c   Data           6  stm32f4xx_nucleo_144.o(.constdata)
    Region$$Table$$Base                      0x08001434   Number         0  anon$$obj.o(Region$$Table)
    Region$$Table$$Limit                     0x08001454   Number         0  anon$$obj.o(Region$$Table)
    SystemCoreClock                          0x20000000   Data           4  system_stm32f4xx.o(.data)
    uwTickFreq                               0x20000004   Data           1  stm32f4xx_hal.o(.data)
    uwTickPrio                               0x20000008   Data           4  stm32f4xx_hal.o(.data)
    uwTick                                   0x2000000c   Data           4  stm32f4xx_hal.o(.data)
    uwCounter                                0x20000010   Data           4  main.o(.data)
    BUTTON_PORT                              0x20000014   Data           4  stm32f4xx_nucleo_144.o(.data)
    GPIO_PORT                                0x20000018   Data          12  stm32f4xx_nucleo_144.o(.data)
    RTCHandle                                0x20000024   Data          32  stm32f4xx_lp_modes.o(.bss)
    __initial_sp                             0x20000448   Data           0  startup_stm32f429xx.o(STACK)



==============================================================================

Memory Map of the image

  Image Entry point : 0x080001ad

  Load Region LR_IROM1 (Base: 0x08000000, Size: 0x00001478, Max: 0x00200000, ABSOLUTE)

    Execution Region ER_IROM1 (Exec base: 0x08000000, Load base: 0x08000000, Size: 0x00001454, Max: 0x00200000, ABSOLUTE)

    Exec Addr    Load Addr    Size         Type   Attr      Idx    E Section Name        Object

    0x08000000   0x08000000   0x000001ac   Data   RO         2160    RESET               startup_stm32f429xx.o
    0x080001ac   0x080001ac   0x00000000   Code   RO         2241  * .ARM.Collect$$$$00000000  mc_w.l(entry.o)
    0x080001ac   0x080001ac   0x00000004   Code   RO         2246    .ARM.Collect$$$$00000001  mc_w.l(entry2.o)
    0x080001b0   0x080001b0   0x00000004   Code   RO         2249    .ARM.Collect$$$$00000004  mc_w.l(entry5.o)
    0x080001b4   0x080001b4   0x00000000   Code   RO         2251    .ARM.Collect$$$$00000008  mc_w.l(entry7b.o)
    0x080001b4   0x080001b4   0x00000000   Code   RO         2253    .ARM.Collect$$$$0000000A  mc_w.l(entry8b.o)
    0x080001b4   0x080001b4   0x00000008   Code   RO         2254    .ARM.Collect$$$$0000000B  mc_w.l(entry9a.o)
    0x080001bc   0x080001bc   0x00000004   Code   RO         2261    .ARM.Collect$$$$0000000E  mc_w.l(entry12b.o)
    0x080001c0   0x080001c0   0x00000000   Code   RO         2256    .ARM.Collect$$$$0000000F  mc_w.l(entry10a.o)
    0x080001c0   0x080001c0   0x00000000   Code   RO         2258    .ARM.Collect$$$$00000011  mc_w.l(entry11a.o)
    0x080001c0   0x080001c0   0x00000004   Code   RO         2247    .ARM.Collect$$$$00002712  mc_w.l(entry2.o)
    0x080001c4   0x080001c4   0x00000024   Code   RO         2161    .text               startup_stm32f429xx.o
    0x080001e8   0x080001e8   0x00000062   Code   RO         2244    .text               mc_w.l(uldiv.o)
    0x0800024a   0x0800024a   0x0000001e   Code   RO         2262    .text               mc_w.l(llshl.o)
    0x08000268   0x08000268   0x00000020   Code   RO         2264    .text               mc_w.l(llushr.o)
    0x08000288   0x08000288   0x00000024   Code   RO         2266    .text               mc_w.l(init.o)
    0x080002ac   0x080002ac   0x00000058   Code   RO         2170    i.BSP_LED_Init      stm32f4xx_nucleo_144.o
    0x08000304   0x08000304   0x0000001c   Code   RO         2172    i.BSP_LED_On        stm32f4xx_nucleo_144.o
    0x08000320   0x08000320   0x00000018   Code   RO         2173    i.BSP_LED_Toggle    stm32f4xx_nucleo_144.o
    0x08000338   0x08000338   0x00000018   Code   RO         2175    i.BSP_PB_GetState   stm32f4xx_nucleo_144.o
    0x08000350   0x08000350   0x0000007c   Code   RO         2176    i.BSP_PB_Init       stm32f4xx_nucleo_144.o
    0x080003cc   0x080003cc   0x00000002   Code   RO         1943    i.BusFault_Handler  stm32f4xx_it.o
    0x080003ce   0x080003ce   0x00000002   Code   RO         1944    i.DebugMon_Handler  stm32f4xx_it.o
    0x080003d0   0x080003d0   0x000000e0   Code   RO         2031    i.ETH_PhyEnterPowerDownMode  stm32f4xx_lp_modes.o
    0x080004b0   0x080004b0   0x000000bc   Code   RO         2032    i.ETH_PhyExitFromPowerDownMode  stm32f4xx_lp_modes.o
    0x0800056c   0x0800056c   0x00000008   Code   RO         1945    i.EXTI15_10_IRQHandler  stm32f4xx_it.o
    0x08000574   0x08000574   0x00000008   Code   RO         2105    i.Error_Handler     main.o
    0x0800057c   0x0800057c   0x00000024   Code   RO         1137    i.HAL_Delay         stm32f4xx_hal.o
    0x080005a0   0x080005a0   0x00000084   Code   RO          448    i.HAL_ETH_ReadPHYRegister  stm32f4xx_hal_eth.o
    0x08000624   0x08000624   0x00000078   Code   RO          454    i.HAL_ETH_WritePHYRegister  stm32f4xx_hal_eth.o
    0x0800069c   0x0800069c   0x0000001c   Code   RO         2106    i.HAL_GPIO_EXTI_Callback  main.o
    0x080006b8   0x080006b8   0x00000018   Code   RO         1544    i.HAL_GPIO_EXTI_IRQHandler  stm32f4xx_hal_gpio.o
    0x080006d0   0x080006d0   0x00000234   Code   RO         1545    i.HAL_GPIO_Init     stm32f4xx_hal_gpio.o
    0x08000904   0x08000904   0x0000000a   Code   RO         1547    i.HAL_GPIO_ReadPin  stm32f4xx_hal_gpio.o
    0x0800090e   0x0800090e   0x00000010   Code   RO         1548    i.HAL_GPIO_TogglePin  stm32f4xx_hal_gpio.o
    0x0800091e   0x0800091e   0x0000000a   Code   RO         1549    i.HAL_GPIO_WritePin  stm32f4xx_hal_gpio.o
    0x08000928   0x08000928   0x0000000c   Code   RO         1145    i.HAL_GetTick       stm32f4xx_hal.o
    0x08000934   0x08000934   0x00000010   Code   RO         1151    i.HAL_IncTick       stm32f4xx_hal.o
    0x08000944   0x08000944   0x0000002c   Code   RO         1152    i.HAL_Init          stm32f4xx_hal.o
    0x08000970   0x08000970   0x00000040   Code   RO         1153    i.HAL_InitTick      stm32f4xx_hal.o
    0x080009b0   0x080009b0   0x00000002   Code   RO         1155    i.HAL_MspInit       stm32f4xx_hal.o
    0x080009b2   0x080009b2   0x0000001a   Code   RO          714    i.HAL_NVIC_EnableIRQ  stm32f4xx_hal_cortex.o
    0x080009cc   0x080009cc   0x00000040   Code   RO          720    i.HAL_NVIC_SetPriority  stm32f4xx_hal_cortex.o
    0x08000a0c   0x08000a0c   0x00000024   Code   RO          721    i.HAL_NVIC_SetPriorityGrouping  stm32f4xx_hal_cortex.o
    0x08000a30   0x08000a30   0x00000070   Code   RO         1614    i.HAL_PWREx_EnableOverDrive  stm32f4xx_hal_pwr_ex.o
    0x08000aa0   0x08000aa0   0x00000020   Code   RO          956    i.HAL_PWR_EnterSLEEPMode  stm32f4xx_hal_pwr.o
    0x08000ac0   0x08000ac0   0x00000134   Code   RO         1799    i.HAL_RCC_ClockConfig  stm32f4xx_hal_rcc.o
    0x08000bf4   0x08000bf4   0x00000060   Code   RO         1808    i.HAL_RCC_GetSysClockFreq  stm32f4xx_hal_rcc.o
    0x08000c54   0x08000c54   0x0000036c   Code   RO         1811    i.HAL_RCC_OscConfig  stm32f4xx_hal_rcc.o
    0x08000fc0   0x08000fc0   0x0000000c   Code   RO         2107    i.HAL_RTCEx_WakeUpTimerEventCallback  main.o
    0x08000fcc   0x08000fcc   0x00000034   Code   RO          238    i.HAL_RTCEx_WakeUpTimerIRQHandler  stm32f4xx_hal_rtc_ex.o
    0x08001000   0x08001000   0x0000000e   Code   RO         1156    i.HAL_ResumeTick    stm32f4xx_hal.o
    0x0800100e   0x0800100e   0x00000004   Code   RO         2108    i.HAL_SYSTICK_Callback  main.o
    0x08001012   0x08001012   0x00000028   Code   RO          725    i.HAL_SYSTICK_Config  stm32f4xx_hal_cortex.o
    0x0800103a   0x0800103a   0x00000008   Code   RO          726    i.HAL_SYSTICK_IRQHandler  stm32f4xx_hal_cortex.o
    0x08001042   0x08001042   0x0000000e   Code   RO         1158    i.HAL_SuspendTick   stm32f4xx_hal.o
    0x08001050   0x08001050   0x00000002   Code   RO         1946    i.HardFault_Handler  stm32f4xx_it.o
    0x08001052   0x08001052   0x00000002   Code   RO         1947    i.MemManage_Handler  stm32f4xx_it.o
    0x08001054   0x08001054   0x00000002   Code   RO         1948    i.NMI_Handler       stm32f4xx_it.o
    0x08001056   0x08001056   0x00000002   Code   RO         1949    i.PendSV_Handler    stm32f4xx_it.o
    0x08001058   0x08001058   0x0000000c   Code   RO         1950    i.RTC_WKUP_IRQHandler  stm32f4xx_it.o
    0x08001064   0x08001064   0x00000002   Code   RO         1951    i.SVC_Handler       stm32f4xx_it.o
    0x08001066   0x08001066   0x00000002   PAD
    0x08001068   0x08001068   0x000001e8   Code   RO         2034    i.SleepMode_Measure  stm32f4xx_lp_modes.o
    0x08001250   0x08001250   0x00000004   Code   RO         1952    i.SysTick_Handler   stm32f4xx_it.o
    0x08001254   0x08001254   0x00000088   Code   RO         2109    i.SystemClock_Config  main.o
    0x080012dc   0x080012dc   0x00000054   Code   RO            5    i.SystemInit        system_stm32f4xx.o
    0x08001330   0x08001330   0x00000002   Code   RO         1953    i.UsageFault_Handler  stm32f4xx_it.o
    0x08001332   0x08001332   0x00000020   Code   RO          727    i.__NVIC_SetPriority  stm32f4xx_hal_cortex.o
    0x08001352   0x08001352   0x0000000e   Code   RO         2270    i.__scatterload_copy  mc_w.l(handlers.o)
    0x08001360   0x08001360   0x00000002   Code   RO         2271    i.__scatterload_null  mc_w.l(handlers.o)
    0x08001362   0x08001362   0x0000000e   Code   RO         2272    i.__scatterload_zeroinit  mc_w.l(handlers.o)
    0x08001370   0x08001370   0x000000a8   Code   RO         2110    i.main              main.o
    0x08001418   0x08001418   0x00000010   Data   RO            6    .constdata          system_stm32f4xx.o
    0x08001428   0x08001428   0x0000000a   Data   RO         2177    .constdata          stm32f4xx_nucleo_144.o
    0x08001432   0x08001432   0x00000002   PAD
    0x08001434   0x08001434   0x00000020   Data   RO         2268    Region$$Table       anon$$obj.o


    Execution Region RW_IRAM1 (Exec base: 0x20000000, Load base: 0x08001454, Size: 0x00000448, Max: 0x00030000, ABSOLUTE)

    Exec Addr    Load Addr    Size         Type   Attr      Idx    E Section Name        Object

    0x20000000   0x08001454   0x00000004   Data   RW            8    .data               system_stm32f4xx.o
    0x20000004   0x08001458   0x0000000c   Data   RW         1159    .data               stm32f4xx_hal.o
    0x20000010   0x08001464   0x00000004   Data   RW         2111    .data               main.o
    0x20000014   0x08001468   0x00000010   Data   RW         2178    .data               stm32f4xx_nucleo_144.o
    0x20000024        -       0x00000020   Zero   RW         2040    .bss                stm32f4xx_lp_modes.o
    0x20000044   0x08001478   0x00000004   PAD
    0x20000048        -       0x00000400   Zero   RW         2158    STACK               startup_stm32f429xx.o


==============================================================================

Image component sizes


      Code (inc. data)   RO Data    RW Data    ZI Data      Debug   Object Name

       356         28          0          4          0       3904   main.o
        36          8        428          0       1024        824   startup_stm32f429xx.o
       202         28          0         12          0      11334   stm32f4xx_hal.o
       206         14          0          0          0      34840   stm32f4xx_hal_cortex.o
       252          0          0          0          0       3141   stm32f4xx_hal_eth.o
       624         60          0          0          0       4271   stm32f4xx_hal_gpio.o
         0          0          0          0          0       2876   stm32f4xx_hal_msp.o
        32          6          0          0          0        645   stm32f4xx_hal_pwr.o
       112         14          0          0          0       1332   stm32f4xx_hal_pwr_ex.o
      1280         48          0          0          0       4134   stm32f4xx_hal_rcc.o
        52          6          0          0          0       1106   stm32f4xx_hal_rtc_ex.o
        40          6          0          0          0       5247   stm32f4xx_it.o
       900         80          0          0         32       3439   stm32f4xx_lp_modes.o
       288         54         10         16          0       4717   stm32f4xx_nucleo_144.o
        84         18         16          4          0     758991   system_stm32f4xx.o

    ----------------------------------------------------------------------
      4466        370        488         36       1060     840801   Object Totals
         0          0         32          0          0          0   (incl. Generated)
         2          0          2          0          4          0   (incl. Padding)

    ----------------------------------------------------------------------

      Code (inc. data)   RO Data    RW Data    ZI Data      Debug   Library Member Name

         0          0          0          0          0          0   entry.o
         0          0          0          0          0          0   entry10a.o
         0          0          0          0          0          0   entry11a.o
         4          0          0          0          0          0   entry12b.o
         8          4          0          0          0          0   entry2.o
         4          0          0          0          0          0   entry5.o
         0          0          0          0          0          0   entry7b.o
         0          0          0          0          0          0   entry8b.o
         8          4          0          0          0          0   entry9a.o
        30          0          0          0          0          0   handlers.o
        36          8          0          0          0         68   init.o
        30          0          0          0          0         68   llshl.o
        32          0          0          0          0         68   llushr.o
        98          0          0          0          0         92   uldiv.o

    ----------------------------------------------------------------------
       250         16          0          0          0        296   Library Totals
         0          0          0          0          0          0   (incl. Padding)

    ----------------------------------------------------------------------

      Code (inc. data)   RO Data    RW Data    ZI Data      Debug   Library Name

       250         16          0          0          0        296   mc_w.l

    ----------------------------------------------------------------------
       250         16          0          0          0        296   Library Totals

    ----------------------------------------------------------------------

==============================================================================


      Code (inc. data)   RO Data    RW Data    ZI Data      Debug   

      4716        386        488         36       1060     836549   Grand Totals
      4716        386        488         36       1060     836549   ELF Image Totals
      4716        386        488         36          0          0   ROM Totals

==============================================================================

    Total RO  Size (Code + RO Data)                 5204 (   5.08kB)
    Total RW  Size (RW Data + ZI Data)              1096 (   1.07kB)
    Total ROM Size (Code + RO Data + RW Data)       5240 (   5.12kB)

==============================================================================

