<!doctype html public "-//w3c//dtd html 4.0 transitional//en">
<html><head>
<title>Static Call Graph - [.\Debug\HTTP_Server.axf]</title></head>
<body><HR>
<H1>Static Call Graph for image .\Debug\HTTP_Server.axf</H1><HR>
<BR><P>#&#060CALLGRAPH&#062# ARM Linker, 5060960: Last Updated: Tue Feb 28 16:19:43 2023
<BR><P>
<H3>Maximum Stack Usage =        320 bytes + Unknown(Cycles, Untraceable Function Pointers)</H3><H3>
Call chain for Maximum Stack Depth:</H3>
net_eth_iface_run &rArr; eth_iface_run &rArr; net_tcp_process &rArr; tcp_send_reset &rArr; tcp_write &rArr; net_ip4_send_frame &rArr; net_ip4_frag_get &rArr; net_mem_free &rArr; EventRecord4 &rArr; EventRecordItem
<P>
<H3>
Mutually Recursive functions
</H3> <LI><a href="#[11c]">Error_Handler</a>&nbsp;&nbsp;&nbsp;&rArr;&nbsp;&nbsp;&nbsp;<a href="#[11c]">Error_Handler</a><BR>
 <LI><a href="#[39a]">net_sys_error</a>&nbsp;&nbsp;&nbsp;&rArr;&nbsp;&nbsp;&nbsp;<a href="#[39a]">net_sys_error</a><BR>
 <LI><a href="#[114]">__asm___13_rtx_mempool_c_7914b4c7__atomic_link_put</a>&nbsp;&nbsp;&nbsp;&rArr;&nbsp;&nbsp;&nbsp;<a href="#[114]">__asm___13_rtx_mempool_c_7914b4c7__atomic_link_put</a><BR>
 <LI><a href="#[231]">osRtxErrorNotify</a>&nbsp;&nbsp;&nbsp;&rArr;&nbsp;&nbsp;&nbsp;<a href="#[231]">osRtxErrorNotify</a><BR>
 <LI><a href="#[9b]">osRtxIdleThread</a>&nbsp;&nbsp;&nbsp;&rArr;&nbsp;&nbsp;&nbsp;<a href="#[9b]">osRtxIdleThread</a><BR>
 <LI><a href="#[1]">NMI_Handler</a>&nbsp;&nbsp;&nbsp;&rArr;&nbsp;&nbsp;&nbsp;<a href="#[1]">NMI_Handler</a><BR>
 <LI><a href="#[2]">HardFault_Handler</a>&nbsp;&nbsp;&nbsp;&rArr;&nbsp;&nbsp;&nbsp;<a href="#[2]">HardFault_Handler</a><BR>
 <LI><a href="#[3]">MemManage_Handler</a>&nbsp;&nbsp;&nbsp;&rArr;&nbsp;&nbsp;&nbsp;<a href="#[3]">MemManage_Handler</a><BR>
 <LI><a href="#[4]">BusFault_Handler</a>&nbsp;&nbsp;&nbsp;&rArr;&nbsp;&nbsp;&nbsp;<a href="#[4]">BusFault_Handler</a><BR>
 <LI><a href="#[5]">UsageFault_Handler</a>&nbsp;&nbsp;&nbsp;&rArr;&nbsp;&nbsp;&nbsp;<a href="#[5]">UsageFault_Handler</a><BR>
 <LI><a href="#[7]">DebugMon_Handler</a>&nbsp;&nbsp;&nbsp;&rArr;&nbsp;&nbsp;&nbsp;<a href="#[7]">DebugMon_Handler</a><BR>
 <LI><a href="#[1c]">ADC_IRQHandler</a>&nbsp;&nbsp;&nbsp;&rArr;&nbsp;&nbsp;&nbsp;<a href="#[1c]">ADC_IRQHandler</a><BR>
</UL>
<P>
<H3>
Function Pointers
</H3><UL>
 <LI><a href="#[b7]">ADC_DMAConvCplt</a> from stm32f4xx_hal_adc.o(.text) referenced from stm32f4xx_hal_adc.o(.text)
 <LI><a href="#[b9]">ADC_DMAError</a> from stm32f4xx_hal_adc.o(.text) referenced from stm32f4xx_hal_adc.o(.text)
 <LI><a href="#[b8]">ADC_DMAHalfConvCplt</a> from stm32f4xx_hal_adc.o(.text) referenced from stm32f4xx_hal_adc.o(.text)
 <LI><a href="#[1c]">ADC_IRQHandler</a> from startup_stm32f429xx.o(.text) referenced from startup_stm32f429xx.o(RESET)
 <LI><a href="#[ba]">ADC_MultiModeDMAConvCplt</a> from stm32f4xx_hal_adc_ex.o(.text) referenced from stm32f4xx_hal_adc_ex.o(.text)
 <LI><a href="#[bc]">ADC_MultiModeDMAError</a> from stm32f4xx_hal_adc_ex.o(.text) referenced from stm32f4xx_hal_adc_ex.o(.text)
 <LI><a href="#[bb]">ADC_MultiModeDMAHalfConvCplt</a> from stm32f4xx_hal_adc_ex.o(.text) referenced from stm32f4xx_hal_adc_ex.o(.text)
 <LI><a href="#[66]">BlinkLed</a> from http_server.o(.text) referenced from http_server.o(.text)
 <LI><a href="#[4]">BusFault_Handler</a> from startup_stm32f429xx.o(.text) referenced from startup_stm32f429xx.o(RESET)
 <LI><a href="#[1e]">CAN1_RX0_IRQHandler</a> from startup_stm32f429xx.o(.text) referenced from startup_stm32f429xx.o(RESET)
 <LI><a href="#[1f]">CAN1_RX1_IRQHandler</a> from startup_stm32f429xx.o(.text) referenced from startup_stm32f429xx.o(RESET)
 <LI><a href="#[20]">CAN1_SCE_IRQHandler</a> from startup_stm32f429xx.o(.text) referenced from startup_stm32f429xx.o(RESET)
 <LI><a href="#[1d]">CAN1_TX_IRQHandler</a> from startup_stm32f429xx.o(.text) referenced from startup_stm32f429xx.o(RESET)
 <LI><a href="#[4a]">CAN2_RX0_IRQHandler</a> from startup_stm32f429xx.o(.text) referenced from startup_stm32f429xx.o(RESET)
 <LI><a href="#[4b]">CAN2_RX1_IRQHandler</a> from startup_stm32f429xx.o(.text) referenced from startup_stm32f429xx.o(RESET)
 <LI><a href="#[4c]">CAN2_SCE_IRQHandler</a> from startup_stm32f429xx.o(.text) referenced from startup_stm32f429xx.o(RESET)
 <LI><a href="#[49]">CAN2_TX_IRQHandler</a> from startup_stm32f429xx.o(.text) referenced from startup_stm32f429xx.o(RESET)
 <LI><a href="#[e6]">Control</a> from emac_stm32f4xx.o(.text) referenced from emac_stm32f4xx.o(.constdata)
 <LI><a href="#[e5]">ControlTimer</a> from emac_stm32f4xx.o(.text) referenced from emac_stm32f4xx.o(.constdata)
 <LI><a href="#[58]">DCMI_IRQHandler</a> from startup_stm32f429xx.o(.text) referenced from startup_stm32f429xx.o(RESET)
 <LI><a href="#[15]">DMA1_Stream0_IRQHandler</a> from startup_stm32f429xx.o(.text) referenced from startup_stm32f429xx.o(RESET)
 <LI><a href="#[16]">DMA1_Stream1_IRQHandler</a> from startup_stm32f429xx.o(.text) referenced from startup_stm32f429xx.o(RESET)
 <LI><a href="#[17]">DMA1_Stream2_IRQHandler</a> from startup_stm32f429xx.o(.text) referenced from startup_stm32f429xx.o(RESET)
 <LI><a href="#[18]">DMA1_Stream3_IRQHandler</a> from startup_stm32f429xx.o(.text) referenced from startup_stm32f429xx.o(RESET)
 <LI><a href="#[19]">DMA1_Stream4_IRQHandler</a> from startup_stm32f429xx.o(.text) referenced from startup_stm32f429xx.o(RESET)
 <LI><a href="#[1a]">DMA1_Stream5_IRQHandler</a> from startup_stm32f429xx.o(.text) referenced from startup_stm32f429xx.o(RESET)
 <LI><a href="#[1b]">DMA1_Stream6_IRQHandler</a> from startup_stm32f429xx.o(.text) referenced from startup_stm32f429xx.o(RESET)
 <LI><a href="#[39]">DMA1_Stream7_IRQHandler</a> from startup_stm32f429xx.o(.text) referenced from startup_stm32f429xx.o(RESET)
 <LI><a href="#[63]">DMA2D_IRQHandler</a> from startup_stm32f429xx.o(.text) referenced from startup_stm32f429xx.o(RESET)
 <LI><a href="#[42]">DMA2_Stream0_IRQHandler</a> from startup_stm32f429xx.o(.text) referenced from startup_stm32f429xx.o(RESET)
 <LI><a href="#[43]">DMA2_Stream1_IRQHandler</a> from startup_stm32f429xx.o(.text) referenced from startup_stm32f429xx.o(RESET)
 <LI><a href="#[44]">DMA2_Stream2_IRQHandler</a> from startup_stm32f429xx.o(.text) referenced from startup_stm32f429xx.o(RESET)
 <LI><a href="#[45]">DMA2_Stream3_IRQHandler</a> from startup_stm32f429xx.o(.text) referenced from startup_stm32f429xx.o(RESET)
 <LI><a href="#[46]">DMA2_Stream4_IRQHandler</a> from startup_stm32f429xx.o(.text) referenced from startup_stm32f429xx.o(RESET)
 <LI><a href="#[4e]">DMA2_Stream5_IRQHandler</a> from startup_stm32f429xx.o(.text) referenced from startup_stm32f429xx.o(RESET)
 <LI><a href="#[4f]">DMA2_Stream6_IRQHandler</a> from startup_stm32f429xx.o(.text) referenced from startup_stm32f429xx.o(RESET)
 <LI><a href="#[50]">DMA2_Stream7_IRQHandler</a> from startup_stm32f429xx.o(.text) referenced from startup_stm32f429xx.o(RESET)
 <LI><a href="#[7]">DebugMon_Handler</a> from startup_stm32f429xx.o(.text) referenced from startup_stm32f429xx.o(RESET)
 <LI><a href="#[67]">Display</a> from http_server.o(.text) referenced from http_server.o(.text)
 <LI><a href="#[47]">ETH_IRQHandler</a> from emac_stm32f4xx.o(.text) referenced from startup_stm32f429xx.o(RESET)
 <LI><a href="#[48]">ETH_WKUP_IRQHandler</a> from startup_stm32f429xx.o(.text) referenced from startup_stm32f429xx.o(RESET)
 <LI><a href="#[10]">EXTI0_IRQHandler</a> from startup_stm32f429xx.o(.text) referenced from startup_stm32f429xx.o(RESET)
 <LI><a href="#[32]">EXTI15_10_IRQHandler</a> from startup_stm32f429xx.o(.text) referenced from startup_stm32f429xx.o(RESET)
 <LI><a href="#[11]">EXTI1_IRQHandler</a> from startup_stm32f429xx.o(.text) referenced from startup_stm32f429xx.o(RESET)
 <LI><a href="#[12]">EXTI2_IRQHandler</a> from startup_stm32f429xx.o(.text) referenced from startup_stm32f429xx.o(RESET)
 <LI><a href="#[13]">EXTI3_IRQHandler</a> from startup_stm32f429xx.o(.text) referenced from startup_stm32f429xx.o(RESET)
 <LI><a href="#[14]">EXTI4_IRQHandler</a> from startup_stm32f429xx.o(.text) referenced from startup_stm32f429xx.o(RESET)
 <LI><a href="#[21]">EXTI9_5_IRQHandler</a> from startup_stm32f429xx.o(.text) referenced from startup_stm32f429xx.o(RESET)
 <LI><a href="#[e]">FLASH_IRQHandler</a> from startup_stm32f429xx.o(.text) referenced from startup_stm32f429xx.o(RESET)
 <LI><a href="#[3a]">FMC_IRQHandler</a> from startup_stm32f429xx.o(.text) referenced from startup_stm32f429xx.o(RESET)
 <LI><a href="#[5a]">FPU_IRQHandler</a> from startup_stm32f429xx.o(.text) referenced from startup_stm32f429xx.o(RESET)
 <LI><a href="#[d9]">GetCapabilities</a> from emac_stm32f4xx.o(.text) referenced from emac_stm32f4xx.o(.constdata)
 <LI><a href="#[d7]">GetLinkInfo</a> from phy_lan8742a.o(.text) referenced from phy_lan8742a.o(.constdata)
 <LI><a href="#[d6]">GetLinkState</a> from phy_lan8742a.o(.text) referenced from phy_lan8742a.o(.constdata)
 <LI><a href="#[dd]">GetMacAddress</a> from emac_stm32f4xx.o(.text) referenced from emac_stm32f4xx.o(.constdata)
 <LI><a href="#[e2]">GetRxFrameSize</a> from emac_stm32f4xx.o(.text) referenced from emac_stm32f4xx.o(.constdata)
 <LI><a href="#[e3]">GetRxFrameTime</a> from emac_stm32f4xx.o(.text) referenced from emac_stm32f4xx.o(.constdata)
 <LI><a href="#[e4]">GetTxFrameTime</a> from emac_stm32f4xx.o(.text) referenced from emac_stm32f4xx.o(.constdata)
 <LI><a href="#[d0]">GetVersion</a> from phy_lan8742a.o(.text) referenced 2 times from phy_lan8742a.o(.constdata)
 <LI><a href="#[e9]">HAL_RCC_GetPCLK2Freq</a> from stm32f4xx_hal_rcc.o(.text) referenced from spi_stm32f4xx.o(.constdata)
 <LI><a href="#[59]">HASH_RNG_IRQHandler</a> from startup_stm32f429xx.o(.text) referenced from startup_stm32f429xx.o(RESET)
 <LI><a href="#[2]">HardFault_Handler</a> from startup_stm32f429xx.o(.text) referenced from startup_stm32f429xx.o(RESET)
 <LI><a href="#[2a]">I2C1_ER_IRQHandler</a> from startup_stm32f429xx.o(.text) referenced from startup_stm32f429xx.o(RESET)
 <LI><a href="#[29]">I2C1_EV_IRQHandler</a> from startup_stm32f429xx.o(.text) referenced from startup_stm32f429xx.o(RESET)
 <LI><a href="#[2c]">I2C2_ER_IRQHandler</a> from startup_stm32f429xx.o(.text) referenced from startup_stm32f429xx.o(RESET)
 <LI><a href="#[2b]">I2C2_EV_IRQHandler</a> from startup_stm32f429xx.o(.text) referenced from startup_stm32f429xx.o(RESET)
 <LI><a href="#[53]">I2C3_ER_IRQHandler</a> from startup_stm32f429xx.o(.text) referenced from startup_stm32f429xx.o(RESET)
 <LI><a href="#[52]">I2C3_EV_IRQHandler</a> from startup_stm32f429xx.o(.text) referenced from startup_stm32f429xx.o(RESET)
 <LI><a href="#[d1]">Initialize</a> from phy_lan8742a.o(.text) referenced 2 times from phy_lan8742a.o(.constdata)
 <LI><a href="#[62]">LTDC_ER_IRQHandler</a> from startup_stm32f429xx.o(.text) referenced from startup_stm32f429xx.o(RESET)
 <LI><a href="#[61]">LTDC_IRQHandler</a> from startup_stm32f429xx.o(.text) referenced from startup_stm32f429xx.o(RESET)
 <LI><a href="#[3]">MemManage_Handler</a> from startup_stm32f429xx.o(.text) referenced from startup_stm32f429xx.o(RESET)
 <LI><a href="#[1]">NMI_Handler</a> from startup_stm32f429xx.o(.text) referenced from startup_stm32f429xx.o(RESET)
 <LI><a href="#[4d]">OTG_FS_IRQHandler</a> from startup_stm32f429xx.o(.text) referenced from startup_stm32f429xx.o(RESET)
 <LI><a href="#[34]">OTG_FS_WKUP_IRQHandler</a> from startup_stm32f429xx.o(.text) referenced from startup_stm32f429xx.o(RESET)
 <LI><a href="#[55]">OTG_HS_EP1_IN_IRQHandler</a> from startup_stm32f429xx.o(.text) referenced from startup_stm32f429xx.o(RESET)
 <LI><a href="#[54]">OTG_HS_EP1_OUT_IRQHandler</a> from startup_stm32f429xx.o(.text) referenced from startup_stm32f429xx.o(RESET)
 <LI><a href="#[57]">OTG_HS_IRQHandler</a> from startup_stm32f429xx.o(.text) referenced from startup_stm32f429xx.o(RESET)
 <LI><a href="#[56]">OTG_HS_WKUP_IRQHandler</a> from startup_stm32f429xx.o(.text) referenced from startup_stm32f429xx.o(RESET)
 <LI><a href="#[e7]">PHY_Read</a> from emac_stm32f4xx.o(.text) referenced from emac_stm32f4xx.o(.constdata)
 <LI><a href="#[e8]">PHY_Write</a> from emac_stm32f4xx.o(.text) referenced from emac_stm32f4xx.o(.constdata)
 <LI><a href="#[b]">PVD_IRQHandler</a> from startup_stm32f429xx.o(.text) referenced from startup_stm32f429xx.o(RESET)
 <LI><a href="#[8]">PendSV_Handler</a> from irq_armv7m.o(.text) referenced from startup_stm32f429xx.o(RESET)
 <LI><a href="#[d3]">PowerControl</a> from phy_lan8742a.o(.text) referenced 2 times from phy_lan8742a.o(.constdata)
 <LI><a href="#[f]">RCC_IRQHandler</a> from startup_stm32f429xx.o(.text) referenced from startup_stm32f429xx.o(RESET)
 <LI><a href="#[33]">RTC_Alarm_IRQHandler</a> from startup_stm32f429xx.o(.text) referenced from startup_stm32f429xx.o(RESET)
 <LI><a href="#[d]">RTC_WKUP_IRQHandler</a> from startup_stm32f429xx.o(.text) referenced from startup_stm32f429xx.o(RESET)
 <LI><a href="#[e1]">ReadFrame</a> from emac_stm32f4xx.o(.text) referenced from emac_stm32f4xx.o(.constdata)
 <LI><a href="#[0]">Reset_Handler</a> from startup_stm32f429xx.o(.text) referenced from startup_stm32f429xx.o(RESET)
 <LI><a href="#[60]">SAI1_IRQHandler</a> from startup_stm32f429xx.o(.text) referenced from startup_stm32f429xx.o(RESET)
 <LI><a href="#[3b]">SDIO_IRQHandler</a> from startup_stm32f429xx.o(.text) referenced from startup_stm32f429xx.o(RESET)
 <LI><a href="#[f3]">SPI1_Control</a> from spi_stm32f4xx.o(.text) referenced from spi_stm32f4xx.o(.constdata)
 <LI><a href="#[f2]">SPI1_GetDataCount</a> from spi_stm32f4xx.o(.text) referenced from spi_stm32f4xx.o(.constdata)
 <LI><a href="#[f4]">SPI1_GetStatus</a> from spi_stm32f4xx.o(.text) referenced from spi_stm32f4xx.o(.constdata)
 <LI><a href="#[2d]">SPI1_IRQHandler</a> from spi_stm32f4xx.o(.text) referenced from startup_stm32f429xx.o(RESET)
 <LI><a href="#[ec]">SPI1_Initialize</a> from spi_stm32f4xx.o(.text) referenced from spi_stm32f4xx.o(.constdata)
 <LI><a href="#[ee]">SPI1_PowerControl</a> from spi_stm32f4xx.o(.text) referenced from spi_stm32f4xx.o(.constdata)
 <LI><a href="#[f0]">SPI1_Receive</a> from spi_stm32f4xx.o(.text) referenced from spi_stm32f4xx.o(.constdata)
 <LI><a href="#[ef]">SPI1_Send</a> from spi_stm32f4xx.o(.text) referenced from spi_stm32f4xx.o(.constdata)
 <LI><a href="#[f1]">SPI1_Transfer</a> from spi_stm32f4xx.o(.text) referenced from spi_stm32f4xx.o(.constdata)
 <LI><a href="#[ed]">SPI1_Uninitialize</a> from spi_stm32f4xx.o(.text) referenced from spi_stm32f4xx.o(.constdata)
 <LI><a href="#[2e]">SPI2_IRQHandler</a> from startup_stm32f429xx.o(.text) referenced from startup_stm32f429xx.o(RESET)
 <LI><a href="#[3d]">SPI3_IRQHandler</a> from startup_stm32f429xx.o(.text) referenced from startup_stm32f429xx.o(RESET)
 <LI><a href="#[5d]">SPI4_IRQHandler</a> from startup_stm32f429xx.o(.text) referenced from startup_stm32f429xx.o(RESET)
 <LI><a href="#[5e]">SPI5_IRQHandler</a> from startup_stm32f429xx.o(.text) referenced from startup_stm32f429xx.o(RESET)
 <LI><a href="#[5f]">SPI6_IRQHandler</a> from startup_stm32f429xx.o(.text) referenced from startup_stm32f429xx.o(RESET)
 <LI><a href="#[eb]">SPIX_GetCapabilities</a> from spi_stm32f4xx.o(.text) referenced from spi_stm32f4xx.o(.constdata)
 <LI><a href="#[ea]">SPIX_GetVersion</a> from spi_stm32f4xx.o(.text) referenced from spi_stm32f4xx.o(.constdata)
 <LI><a href="#[6]">SVC_Handler</a> from irq_armv7m.o(.text) referenced from startup_stm32f429xx.o(RESET)
 <LI><a href="#[e0]">SendFrame</a> from emac_stm32f4xx.o(.text) referenced from emac_stm32f4xx.o(.constdata)
 <LI><a href="#[df]">SetAddressFilter</a> from emac_stm32f4xx.o(.text) referenced from emac_stm32f4xx.o(.constdata)
 <LI><a href="#[d4]">SetInterface</a> from phy_lan8742a.o(.text) referenced from phy_lan8742a.o(.constdata)
 <LI><a href="#[de]">SetMacAddress</a> from emac_stm32f4xx.o(.text) referenced from emac_stm32f4xx.o(.constdata)
 <LI><a href="#[d5]">SetMode</a> from phy_lan8742a.o(.text) referenced from phy_lan8742a.o(.constdata)
 <LI><a href="#[9]">SysTick_Handler</a> from irq_armv7m.o(.text) referenced from rtx_kernel.o(.text)
 <LI><a href="#[9]">SysTick_Handler</a> from irq_armv7m.o(.text) referenced from startup_stm32f429xx.o(RESET)
 <LI><a href="#[c8]">SystemInit</a> from system_stm32f4xx.o(.text) referenced from startup_stm32f429xx.o(.text)
 <LI><a href="#[c]">TAMP_STAMP_IRQHandler</a> from startup_stm32f429xx.o(.text) referenced from startup_stm32f429xx.o(RESET)
 <LI><a href="#[22]">TIM1_BRK_TIM9_IRQHandler</a> from startup_stm32f429xx.o(.text) referenced from startup_stm32f429xx.o(RESET)
 <LI><a href="#[25]">TIM1_CC_IRQHandler</a> from startup_stm32f429xx.o(.text) referenced from startup_stm32f429xx.o(RESET)
 <LI><a href="#[24]">TIM1_TRG_COM_TIM11_IRQHandler</a> from startup_stm32f429xx.o(.text) referenced from startup_stm32f429xx.o(RESET)
 <LI><a href="#[23]">TIM1_UP_TIM10_IRQHandler</a> from startup_stm32f429xx.o(.text) referenced from startup_stm32f429xx.o(RESET)
 <LI><a href="#[26]">TIM2_IRQHandler</a> from startup_stm32f429xx.o(.text) referenced from startup_stm32f429xx.o(RESET)
 <LI><a href="#[27]">TIM3_IRQHandler</a> from startup_stm32f429xx.o(.text) referenced from startup_stm32f429xx.o(RESET)
 <LI><a href="#[28]">TIM4_IRQHandler</a> from startup_stm32f429xx.o(.text) referenced from startup_stm32f429xx.o(RESET)
 <LI><a href="#[3c]">TIM5_IRQHandler</a> from startup_stm32f429xx.o(.text) referenced from startup_stm32f429xx.o(RESET)
 <LI><a href="#[40]">TIM6_DAC_IRQHandler</a> from startup_stm32f429xx.o(.text) referenced from startup_stm32f429xx.o(RESET)
 <LI><a href="#[41]">TIM7_IRQHandler</a> from startup_stm32f429xx.o(.text) referenced from startup_stm32f429xx.o(RESET)
 <LI><a href="#[35]">TIM8_BRK_TIM12_IRQHandler</a> from startup_stm32f429xx.o(.text) referenced from startup_stm32f429xx.o(RESET)
 <LI><a href="#[38]">TIM8_CC_IRQHandler</a> from startup_stm32f429xx.o(.text) referenced from startup_stm32f429xx.o(RESET)
 <LI><a href="#[37]">TIM8_TRG_COM_TIM14_IRQHandler</a> from startup_stm32f429xx.o(.text) referenced from startup_stm32f429xx.o(RESET)
 <LI><a href="#[36]">TIM8_UP_TIM13_IRQHandler</a> from startup_stm32f429xx.o(.text) referenced from startup_stm32f429xx.o(RESET)
 <LI><a href="#[c2]">TIMEx_DMACommutationCplt</a> from stm32f4xx_hal_tim_ex.o(.text) referenced 2 times from stm32f4xx_hal_tim.o(.text)
 <LI><a href="#[c3]">TIMEx_DMACommutationHalfCplt</a> from stm32f4xx_hal_tim_ex.o(.text) referenced 2 times from stm32f4xx_hal_tim.o(.text)
 <LI><a href="#[c6]">TIM_DMACaptureCplt</a> from stm32f4xx_hal_tim.o(.text) referenced 4 times from stm32f4xx_hal_tim.o(.text)
 <LI><a href="#[c7]">TIM_DMACaptureHalfCplt</a> from stm32f4xx_hal_tim.o(.text) referenced 4 times from stm32f4xx_hal_tim.o(.text)
 <LI><a href="#[c0]">TIM_DMADelayPulseCplt</a> from stm32f4xx_hal_tim.o(.text) referenced 5 times from stm32f4xx_hal_tim.o(.text)
 <LI><a href="#[c1]">TIM_DMADelayPulseHalfCplt</a> from stm32f4xx_hal_tim.o(.text) referenced 5 times from stm32f4xx_hal_tim.o(.text)
 <LI><a href="#[bf]">TIM_DMAError</a> from stm32f4xx_hal_tim.o(.text) referenced 8 times from stm32f4xx_hal_tim.o(.text)
 <LI><a href="#[bd]">TIM_DMAPeriodElapsedCplt</a> from stm32f4xx_hal_tim.o(.text) referenced 2 times from stm32f4xx_hal_tim.o(.text)
 <LI><a href="#[be]">TIM_DMAPeriodElapsedHalfCplt</a> from stm32f4xx_hal_tim.o(.text) referenced 2 times from stm32f4xx_hal_tim.o(.text)
 <LI><a href="#[c4]">TIM_DMATriggerCplt</a> from stm32f4xx_hal_tim.o(.text) referenced from stm32f4xx_hal_tim.o(.text)
 <LI><a href="#[c5]">TIM_DMATriggerHalfCplt</a> from stm32f4xx_hal_tim.o(.text) referenced from stm32f4xx_hal_tim.o(.text)
 <LI><a href="#[3e]">UART4_IRQHandler</a> from startup_stm32f429xx.o(.text) referenced from startup_stm32f429xx.o(RESET)
 <LI><a href="#[3f]">UART5_IRQHandler</a> from startup_stm32f429xx.o(.text) referenced from startup_stm32f429xx.o(RESET)
 <LI><a href="#[5b]">UART7_IRQHandler</a> from startup_stm32f429xx.o(.text) referenced from startup_stm32f429xx.o(RESET)
 <LI><a href="#[5c]">UART8_IRQHandler</a> from startup_stm32f429xx.o(.text) referenced from startup_stm32f429xx.o(RESET)
 <LI><a href="#[2f]">USART1_IRQHandler</a> from startup_stm32f429xx.o(.text) referenced from startup_stm32f429xx.o(RESET)
 <LI><a href="#[30]">USART2_IRQHandler</a> from startup_stm32f429xx.o(.text) referenced from startup_stm32f429xx.o(RESET)
 <LI><a href="#[31]">USART3_IRQHandler</a> from startup_stm32f429xx.o(.text) referenced from startup_stm32f429xx.o(RESET)
 <LI><a href="#[51]">USART6_IRQHandler</a> from startup_stm32f429xx.o(.text) referenced from startup_stm32f429xx.o(RESET)
 <LI><a href="#[d2]">Uninitialize</a> from phy_lan8742a.o(.text) referenced 2 times from phy_lan8742a.o(.constdata)
 <LI><a href="#[5]">UsageFault_Handler</a> from startup_stm32f429xx.o(.text) referenced from startup_stm32f429xx.o(RESET)
 <LI><a href="#[a]">WWDG_IRQHandler</a> from startup_stm32f429xx.o(.text) referenced from startup_stm32f429xx.o(RESET)
 <LI><a href="#[c9]">__main</a> from entry.o(.ARM.Collect$$$$00000000) referenced from startup_stm32f429xx.o(.text)
 <LI><a href="#[cd]">_sputc</a> from printfa.o(i._sputc) referenced from printfa.o(i.__0sprintf)
 <LI><a href="#[65]">app_main</a> from http_server.o(.text) referenced from main.o(.text)
 <LI><a href="#[f5]">eth0_callback</a> from net_config.o(.text) referenced from net_config.o(.constdata)
 <LI><a href="#[10e]">http_auth_basic_add</a> from net_http_server_auth.o(i.http_auth_basic_add) referenced from net_http_server_auth.o(.constdata)
 <LI><a href="#[10f]">http_auth_basic_parse</a> from net_http_server_auth.o(i.http_auth_basic_parse) referenced from net_http_server_auth.o(.constdata)
 <LI><a href="#[10d]">http_auth_dummy</a> from net_http_server_auth.o(i.http_auth_dummy) referenced 2 times from net_http_server_auth.o(.constdata)
 <LI><a href="#[10c]">http_auth_init</a> from net_http_server_auth.o(i.http_auth_init) referenced from net_http_server_auth.o(.constdata)
 <LI><a href="#[ce]">http_listener</a> from net_http_server.o(i.http_listener) referenced from net_http_server.o(i.net_http_server_init)
 <LI><a href="#[64]">main</a> from main.o(.text) referenced from entry9a.o(.ARM.Collect$$$$0000000B)
 <LI><a href="#[159]">mySPI_callback</a> from lcd.o(.text) referenced from lcd.o(.text)
 <LI><a href="#[cf]">nbns_listener</a> from net_nbns_client.o(i.nbns_listener) referenced from net_nbns_client.o(i.net_nbns_client_init)
 <LI><a href="#[ca]">netCore_Thread</a> from net_sys.o(i.netCore_Thread) referenced from net_config.o(.text)
 <LI><a href="#[cc]">netETH_Thread</a> from net_eth.o(i.netETH_Thread) referenced from net_config.o(.text)
 <LI><a href="#[fb]">net_arp_cache_init</a> from net_arp.o(i.net_arp_cache_init) referenced from net_config.o(.constdata)
 <LI><a href="#[104]">net_arp_cache_run</a> from net_arp.o(i.net_arp_cache_run) referenced from net_config.o(.constdata)
 <LI><a href="#[f7]">net_eth_config_mcast</a> from net_eth.o(i.net_eth_config_mcast) referenced from net_config.o(.constdata)
 <LI><a href="#[109]">net_eth_get_option</a> from net_eth.o(i.net_eth_get_option) referenced from net_config.o(.constdata)
 <LI><a href="#[f9]">net_eth_iface_init</a> from net_eth.o(i.net_eth_iface_init) referenced from net_config.o(.constdata)
 <LI><a href="#[102]">net_eth_iface_run</a> from net_eth.o(i.net_eth_iface_run) referenced from net_config.o(.constdata)
 <LI><a href="#[f8]">net_eth_output</a> from net_eth.o(i.net_eth_output) referenced from net_config.o(.constdata)
 <LI><a href="#[f6]">net_eth_send_frame</a> from net_eth.o(i.net_eth_send_frame) referenced from net_config.o(.constdata)
 <LI><a href="#[10a]">net_eth_set_option</a> from net_eth.o(i.net_eth_set_option) referenced from net_config.o(.constdata)
 <LI><a href="#[100]">net_http_server_init</a> from net_http_server.o(i.net_http_server_init) referenced from net_config.o(.constdata)
 <LI><a href="#[108]">net_http_server_run</a> from net_http_server.o(i.net_http_server_run) referenced from net_config.o(.constdata)
 <LI><a href="#[fc]">net_ip4_frag_init</a> from net_ip4_frag.o(i.net_ip4_frag_init) referenced from net_config.o(.constdata)
 <LI><a href="#[105]">net_ip4_frag_run</a> from net_ip4_frag.o(i.net_ip4_frag_run) referenced from net_config.o(.constdata)
 <LI><a href="#[fa]">net_loop_iface_init</a> from net_loopback.o(i.net_loop_iface_init) referenced from net_config.o(.constdata)
 <LI><a href="#[103]">net_loop_iface_run</a> from net_loopback.o(i.net_loop_iface_run) referenced from net_config.o(.constdata)
 <LI><a href="#[10b]">net_loop_send_frame</a> from net_loopback.o(i.net_loop_send_frame) referenced from net_loopback.o(.constdata)
 <LI><a href="#[101]">net_nbns_client_init</a> from net_nbns_client.o(i.net_nbns_client_init) referenced from net_config.o(.constdata)
 <LI><a href="#[fd]">net_ping_client_init</a> from net_ping_core.o(i.net_ping_client_init) referenced from net_config.o(.constdata)
 <LI><a href="#[106]">net_ping_client_run</a> from net_ping_core.o(i.net_ping_client_run) referenced from net_config.o(.constdata)
 <LI><a href="#[cb]">net_sys_tick</a> from net_sys.o(i.net_sys_tick) referenced from net_config.o(.text)
 <LI><a href="#[ff]">net_tcp_socket_init</a> from net_tcp.o(i.net_tcp_socket_init) referenced from net_config.o(.constdata)
 <LI><a href="#[107]">net_tcp_socket_run</a> from net_tcp.o(i.net_tcp_socket_run) referenced from net_config.o(.constdata)
 <LI><a href="#[fe]">net_udp_socket_init</a> from net_udp.o(i.net_udp_socket_init) referenced from net_config.o(.constdata)
 <LI><a href="#[9b]">osRtxIdleThread</a> from rtx_config.o(.text) referenced from rtx_thread.o(.text)
 <LI><a href="#[77]">osRtxMemoryPoolPostProcess</a> from rtx_mempool.o(.text) referenced from rtx_mempool.o(.text)
 <LI><a href="#[81]">osRtxMessageQueuePostProcess</a> from rtx_msgqueue.o(.text) referenced from rtx_msgqueue.o(.text)
 <LI><a href="#[92]">osRtxSemaphorePostProcess</a> from rtx_semaphore.o(.text) referenced from rtx_semaphore.o(.text)
 <LI><a href="#[9a]">osRtxThreadPostProcess</a> from rtx_thread.o(.text) referenced from rtx_thread.o(.text)
 <LI><a href="#[111]">osRtxTimerSetup</a> from rtx_timer.o(.text) referenced from rtx_lib.o(.rodata)
 <LI><a href="#[110]">osRtxTimerThread</a> from rtx_timer.o(.text) referenced from rtx_lib.o(.rodata)
 <LI><a href="#[b0]">osRtxTimerTick</a> from rtx_timer.o(.text) referenced from rtx_timer.o(.text)
 <LI><a href="#[136]">osThreadExit</a> from rtx_thread.o(.text) referenced from rtx_thread.o(.text)
 <LI><a href="#[68]">svcRtxDelay</a> from rtx_delay.o(.text) referenced from rtx_delay.o(.text)
 <LI><a href="#[69]">svcRtxDelayUntil</a> from rtx_delay.o(.text) referenced from rtx_delay.o(.text)
 <LI><a href="#[6b]">svcRtxKernelGetInfo</a> from rtx_kernel.o(.text) referenced from rtx_kernel.o(.text)
 <LI><a href="#[6c]">svcRtxKernelGetState</a> from rtx_kernel.o(.text) referenced from rtx_kernel.o(.text)
 <LI><a href="#[75]">svcRtxKernelGetSysTimerCount</a> from rtx_kernel.o(.text) referenced from rtx_kernel.o(.text)
 <LI><a href="#[76]">svcRtxKernelGetSysTimerFreq</a> from rtx_kernel.o(.text) referenced from rtx_kernel.o(.text)
 <LI><a href="#[73]">svcRtxKernelGetTickCount</a> from rtx_kernel.o(.text) referenced from rtx_kernel.o(.text)
 <LI><a href="#[74]">svcRtxKernelGetTickFreq</a> from rtx_kernel.o(.text) referenced from rtx_kernel.o(.text)
 <LI><a href="#[6a]">svcRtxKernelInitialize</a> from rtx_kernel.o(.text) referenced from rtx_kernel.o(.text)
 <LI><a href="#[6e]">svcRtxKernelLock</a> from rtx_kernel.o(.text) referenced from rtx_kernel.o(.text)
 <LI><a href="#[70]">svcRtxKernelRestoreLock</a> from rtx_kernel.o(.text) referenced from rtx_kernel.o(.text)
 <LI><a href="#[72]">svcRtxKernelResume</a> from rtx_kernel.o(.text) referenced from rtx_kernel.o(.text)
 <LI><a href="#[6d]">svcRtxKernelStart</a> from rtx_kernel.o(.text) referenced from rtx_kernel.o(.text)
 <LI><a href="#[71]">svcRtxKernelSuspend</a> from rtx_kernel.o(.text) referenced from rtx_kernel.o(.text)
 <LI><a href="#[6f]">svcRtxKernelUnlock</a> from rtx_kernel.o(.text) referenced from rtx_kernel.o(.text)
 <LI><a href="#[7a]">svcRtxMemoryPoolAlloc</a> from rtx_mempool.o(.text) referenced from rtx_mempool.o(.text)
 <LI><a href="#[80]">svcRtxMemoryPoolDelete</a> from rtx_mempool.o(.text) referenced from rtx_mempool.o(.text)
 <LI><a href="#[7b]">svcRtxMemoryPoolFree</a> from rtx_mempool.o(.text) referenced from rtx_mempool.o(.text)
 <LI><a href="#[7d]">svcRtxMemoryPoolGetBlockSize</a> from rtx_mempool.o(.text) referenced from rtx_mempool.o(.text)
 <LI><a href="#[7c]">svcRtxMemoryPoolGetCapacity</a> from rtx_mempool.o(.text) referenced from rtx_mempool.o(.text)
 <LI><a href="#[7e]">svcRtxMemoryPoolGetCount</a> from rtx_mempool.o(.text) referenced from rtx_mempool.o(.text)
 <LI><a href="#[79]">svcRtxMemoryPoolGetName</a> from rtx_mempool.o(.text) referenced from rtx_mempool.o(.text)
 <LI><a href="#[7f]">svcRtxMemoryPoolGetSpace</a> from rtx_mempool.o(.text) referenced from rtx_mempool.o(.text)
 <LI><a href="#[78]">svcRtxMemoryPoolNew</a> from rtx_mempool.o(.text) referenced from rtx_mempool.o(.text)
 <LI><a href="#[8b]">svcRtxMessageQueueDelete</a> from rtx_msgqueue.o(.text) referenced from rtx_msgqueue.o(.text)
 <LI><a href="#[85]">svcRtxMessageQueueGet</a> from rtx_msgqueue.o(.text) referenced from rtx_msgqueue.o(.text)
 <LI><a href="#[86]">svcRtxMessageQueueGetCapacity</a> from rtx_msgqueue.o(.text) referenced from rtx_msgqueue.o(.text)
 <LI><a href="#[88]">svcRtxMessageQueueGetCount</a> from rtx_msgqueue.o(.text) referenced from rtx_msgqueue.o(.text)
 <LI><a href="#[87]">svcRtxMessageQueueGetMsgSize</a> from rtx_msgqueue.o(.text) referenced from rtx_msgqueue.o(.text)
 <LI><a href="#[83]">svcRtxMessageQueueGetName</a> from rtx_msgqueue.o(.text) referenced from rtx_msgqueue.o(.text)
 <LI><a href="#[89]">svcRtxMessageQueueGetSpace</a> from rtx_msgqueue.o(.text) referenced from rtx_msgqueue.o(.text)
 <LI><a href="#[82]">svcRtxMessageQueueNew</a> from rtx_msgqueue.o(.text) referenced from rtx_msgqueue.o(.text)
 <LI><a href="#[84]">svcRtxMessageQueuePut</a> from rtx_msgqueue.o(.text) referenced from rtx_msgqueue.o(.text)
 <LI><a href="#[8a]">svcRtxMessageQueueReset</a> from rtx_msgqueue.o(.text) referenced from rtx_msgqueue.o(.text)
 <LI><a href="#[8e]">svcRtxMutexAcquire</a> from rtx_mutex.o(.text) referenced from rtx_mutex.o(.text)
 <LI><a href="#[91]">svcRtxMutexDelete</a> from rtx_mutex.o(.text) referenced from rtx_mutex.o(.text)
 <LI><a href="#[8d]">svcRtxMutexGetName</a> from rtx_mutex.o(.text) referenced from rtx_mutex.o(.text)
 <LI><a href="#[90]">svcRtxMutexGetOwner</a> from rtx_mutex.o(.text) referenced from rtx_mutex.o(.text)
 <LI><a href="#[8c]">svcRtxMutexNew</a> from rtx_mutex.o(.text) referenced from rtx_mutex.o(.text)
 <LI><a href="#[8f]">svcRtxMutexRelease</a> from rtx_mutex.o(.text) referenced from rtx_mutex.o(.text)
 <LI><a href="#[95]">svcRtxSemaphoreAcquire</a> from rtx_semaphore.o(.text) referenced from rtx_semaphore.o(.text)
 <LI><a href="#[98]">svcRtxSemaphoreDelete</a> from rtx_semaphore.o(.text) referenced from rtx_semaphore.o(.text)
 <LI><a href="#[97]">svcRtxSemaphoreGetCount</a> from rtx_semaphore.o(.text) referenced from rtx_semaphore.o(.text)
 <LI><a href="#[94]">svcRtxSemaphoreGetName</a> from rtx_semaphore.o(.text) referenced from rtx_semaphore.o(.text)
 <LI><a href="#[93]">svcRtxSemaphoreNew</a> from rtx_semaphore.o(.text) referenced from rtx_semaphore.o(.text)
 <LI><a href="#[96]">svcRtxSemaphoreRelease</a> from rtx_semaphore.o(.text) referenced from rtx_semaphore.o(.text)
 <LI><a href="#[a7]">svcRtxThreadDetach</a> from rtx_thread.o(.text) referenced from rtx_thread.o(.text)
 <LI><a href="#[ab]">svcRtxThreadEnumerate</a> from rtx_thread.o(.text) referenced from rtx_thread.o(.text)
 <LI><a href="#[99]">svcRtxThreadExit</a> from rtx_thread.o(.text) referenced from rtx_thread.o(.text)
 <LI><a href="#[ad]">svcRtxThreadFlagsClear</a> from rtx_thread.o(.text) referenced from rtx_thread.o(.text)
 <LI><a href="#[ae]">svcRtxThreadFlagsGet</a> from rtx_thread.o(.text) referenced from rtx_thread.o(.text)
 <LI><a href="#[ac]">svcRtxThreadFlagsSet</a> from rtx_thread.o(.text) referenced from rtx_thread.o(.text)
 <LI><a href="#[af]">svcRtxThreadFlagsWait</a> from rtx_thread.o(.text) referenced from rtx_thread.o(.text)
 <LI><a href="#[aa]">svcRtxThreadGetCount</a> from rtx_thread.o(.text) referenced from rtx_thread.o(.text)
 <LI><a href="#[9e]">svcRtxThreadGetId</a> from rtx_thread.o(.text) referenced from rtx_thread.o(.text)
 <LI><a href="#[9d]">svcRtxThreadGetName</a> from rtx_thread.o(.text) referenced from rtx_thread.o(.text)
 <LI><a href="#[a3]">svcRtxThreadGetPriority</a> from rtx_thread.o(.text) referenced from rtx_thread.o(.text)
 <LI><a href="#[a0]">svcRtxThreadGetStackSize</a> from rtx_thread.o(.text) referenced from rtx_thread.o(.text)
 <LI><a href="#[a1]">svcRtxThreadGetStackSpace</a> from rtx_thread.o(.text) referenced from rtx_thread.o(.text)
 <LI><a href="#[9f]">svcRtxThreadGetState</a> from rtx_thread.o(.text) referenced from rtx_thread.o(.text)
 <LI><a href="#[a8]">svcRtxThreadJoin</a> from rtx_thread.o(.text) referenced from rtx_thread.o(.text)
 <LI><a href="#[9c]">svcRtxThreadNew</a> from rtx_thread.o(.text) referenced from rtx_thread.o(.text)
 <LI><a href="#[a6]">svcRtxThreadResume</a> from rtx_thread.o(.text) referenced from rtx_thread.o(.text)
 <LI><a href="#[a2]">svcRtxThreadSetPriority</a> from rtx_thread.o(.text) referenced from rtx_thread.o(.text)
 <LI><a href="#[a5]">svcRtxThreadSuspend</a> from rtx_thread.o(.text) referenced from rtx_thread.o(.text)
 <LI><a href="#[a9]">svcRtxThreadTerminate</a> from rtx_thread.o(.text) referenced from rtx_thread.o(.text)
 <LI><a href="#[a4]">svcRtxThreadYield</a> from rtx_thread.o(.text) referenced from rtx_thread.o(.text)
 <LI><a href="#[b6]">svcRtxTimerDelete</a> from rtx_timer.o(.text) referenced from rtx_timer.o(.text)
 <LI><a href="#[b2]">svcRtxTimerGetName</a> from rtx_timer.o(.text) referenced from rtx_timer.o(.text)
 <LI><a href="#[b5]">svcRtxTimerIsRunning</a> from rtx_timer.o(.text) referenced from rtx_timer.o(.text)
 <LI><a href="#[b1]">svcRtxTimerNew</a> from rtx_timer.o(.text) referenced from rtx_timer.o(.text)
 <LI><a href="#[b3]">svcRtxTimerStart</a> from rtx_timer.o(.text) referenced from rtx_timer.o(.text)
 <LI><a href="#[b4]">svcRtxTimerStop</a> from rtx_timer.o(.text) referenced from rtx_timer.o(.text)
</UL>
<P>
<H3>
Global Symbols
</H3>
<P><STRONG><a name="[c9]"></a>__main</STRONG> (Thumb, 0 bytes, Stack size unknown bytes, entry.o(.ARM.Collect$$$$00000000))
<BR>[Address Reference Count : 1]<UL><LI> startup_stm32f429xx.o(.text)
</UL>
<P><STRONG><a name="[47a]"></a>_main_stk</STRONG> (Thumb, 0 bytes, Stack size unknown bytes, entry2.o(.ARM.Collect$$$$00000001))

<P><STRONG><a name="[112]"></a>_main_scatterload</STRONG> (Thumb, 0 bytes, Stack size unknown bytes, entry5.o(.ARM.Collect$$$$00000004))
<BR><BR>[Calls]<UL><LI><a href="#[113]">&gt;&gt;</a>&nbsp;&nbsp;&nbsp;__scatterload
</UL>

<P><STRONG><a name="[3ab]"></a>__main_after_scatterload</STRONG> (Thumb, 0 bytes, Stack size unknown bytes, entry5.o(.ARM.Collect$$$$00000004))
<BR><BR>[Called By]<UL><LI><a href="#[113]">&gt;&gt;</a>&nbsp;&nbsp;&nbsp;__scatterload
</UL>

<P><STRONG><a name="[47b]"></a>_main_clock</STRONG> (Thumb, 0 bytes, Stack size unknown bytes, entry7b.o(.ARM.Collect$$$$00000008))

<P><STRONG><a name="[47c]"></a>_main_cpp_init</STRONG> (Thumb, 0 bytes, Stack size unknown bytes, entry8b.o(.ARM.Collect$$$$0000000A))

<P><STRONG><a name="[47d]"></a>_main_init</STRONG> (Thumb, 0 bytes, Stack size unknown bytes, entry9a.o(.ARM.Collect$$$$0000000B))

<P><STRONG><a name="[47e]"></a>__rt_lib_shutdown_fini</STRONG> (Thumb, 0 bytes, Stack size unknown bytes, entry12b.o(.ARM.Collect$$$$0000000E))

<P><STRONG><a name="[47f]"></a>__rt_final_cpp</STRONG> (Thumb, 0 bytes, Stack size unknown bytes, entry10a.o(.ARM.Collect$$$$0000000F))

<P><STRONG><a name="[480]"></a>__rt_final_exit</STRONG> (Thumb, 0 bytes, Stack size unknown bytes, entry11a.o(.ARM.Collect$$$$00000011))

<P><STRONG><a name="[481]"></a>__asm___13_rtx_mempool_c_7914b4c7__atomic_wr8</STRONG> (Thumb, 16 bytes, Stack size 0 bytes, rtx_mempool.o(.emb_text), UNUSED)

<P><STRONG><a name="[482]"></a>__asm___13_rtx_mempool_c_7914b4c7__atomic_set32</STRONG> (Thumb, 20 bytes, Stack size 0 bytes, rtx_mempool.o(.emb_text), UNUSED)

<P><STRONG><a name="[483]"></a>__asm___13_rtx_mempool_c_7914b4c7__atomic_clr32</STRONG> (Thumb, 22 bytes, Stack size 0 bytes, rtx_mempool.o(.emb_text), UNUSED)

<P><STRONG><a name="[484]"></a>__asm___13_rtx_mempool_c_7914b4c7__atomic_chk32_all</STRONG> (Thumb, 38 bytes, Stack size 0 bytes, rtx_mempool.o(.emb_text), UNUSED)

<P><STRONG><a name="[485]"></a>__asm___13_rtx_mempool_c_7914b4c7__atomic_chk32_any</STRONG> (Thumb, 34 bytes, Stack size 0 bytes, rtx_mempool.o(.emb_text), UNUSED)

<P><STRONG><a name="[242]"></a>__asm___13_rtx_mempool_c_7914b4c7__atomic_inc32</STRONG> (Thumb, 18 bytes, Stack size 0 bytes, rtx_mempool.o(.emb_text))
<BR><BR>[Called By]<UL><LI><a href="#[240]">&gt;&gt;</a>&nbsp;&nbsp;&nbsp;osRtxMemoryPoolAlloc
</UL>

<P><STRONG><a name="[486]"></a>__asm___13_rtx_mempool_c_7914b4c7__atomic_inc16_lt</STRONG> (Thumb, 30 bytes, Stack size 0 bytes, rtx_mempool.o(.emb_text), UNUSED)

<P><STRONG><a name="[487]"></a>__asm___13_rtx_mempool_c_7914b4c7__atomic_inc16_lim</STRONG> (Thumb, 26 bytes, Stack size 0 bytes, rtx_mempool.o(.emb_text), UNUSED)

<P><STRONG><a name="[244]"></a>__asm___13_rtx_mempool_c_7914b4c7__atomic_dec32</STRONG> (Thumb, 18 bytes, Stack size 0 bytes, rtx_mempool.o(.emb_text))
<BR><BR>[Called By]<UL><LI><a href="#[243]">&gt;&gt;</a>&nbsp;&nbsp;&nbsp;osRtxMemoryPoolFree
</UL>

<P><STRONG><a name="[488]"></a>__asm___13_rtx_mempool_c_7914b4c7__atomic_dec32_nz</STRONG> (Thumb, 26 bytes, Stack size 0 bytes, rtx_mempool.o(.emb_text), UNUSED)

<P><STRONG><a name="[489]"></a>__asm___13_rtx_mempool_c_7914b4c7__atomic_dec16_nz</STRONG> (Thumb, 26 bytes, Stack size 0 bytes, rtx_mempool.o(.emb_text), UNUSED)

<P><STRONG><a name="[241]"></a>__asm___13_rtx_mempool_c_7914b4c7__atomic_link_get</STRONG> (Thumb, 26 bytes, Stack size 0 bytes, rtx_mempool.o(.emb_text))
<BR><BR>[Called By]<UL><LI><a href="#[240]">&gt;&gt;</a>&nbsp;&nbsp;&nbsp;osRtxMemoryPoolAlloc
</UL>

<P><STRONG><a name="[114]"></a>__asm___13_rtx_mempool_c_7914b4c7__atomic_link_put</STRONG> (Thumb, 28 bytes, Stack size 0 bytes, rtx_mempool.o(.emb_text))
<BR><BR>[Calls]<UL><LI><a href="#[114]">&gt;&gt;</a>&nbsp;&nbsp;&nbsp;__asm___13_rtx_mempool_c_7914b4c7__atomic_link_put
</UL>
<BR>[Called By]<UL><LI><a href="#[243]">&gt;&gt;</a>&nbsp;&nbsp;&nbsp;osRtxMemoryPoolFree
<LI><a href="#[114]">&gt;&gt;</a>&nbsp;&nbsp;&nbsp;__asm___13_rtx_mempool_c_7914b4c7__atomic_link_put
</UL>

<P><STRONG><a name="[258]"></a>__asm___14_rtx_msgqueue_c_a86a7a93__atomic_wr8</STRONG> (Thumb, 16 bytes, Stack size 0 bytes, rtx_msgqueue.o(.emb_text))
<BR><BR>[Called By]<UL><LI><a href="#[256]">&gt;&gt;</a>&nbsp;&nbsp;&nbsp;MessageQueueGet
</UL>

<P><STRONG><a name="[48a]"></a>__asm___14_rtx_msgqueue_c_a86a7a93__atomic_set32</STRONG> (Thumb, 20 bytes, Stack size 0 bytes, rtx_msgqueue.o(.emb_text), UNUSED)

<P><STRONG><a name="[48b]"></a>__asm___14_rtx_msgqueue_c_a86a7a93__atomic_clr32</STRONG> (Thumb, 22 bytes, Stack size 0 bytes, rtx_msgqueue.o(.emb_text), UNUSED)

<P><STRONG><a name="[48c]"></a>__asm___14_rtx_msgqueue_c_a86a7a93__atomic_chk32_all</STRONG> (Thumb, 38 bytes, Stack size 0 bytes, rtx_msgqueue.o(.emb_text), UNUSED)

<P><STRONG><a name="[48d]"></a>__asm___14_rtx_msgqueue_c_a86a7a93__atomic_chk32_any</STRONG> (Thumb, 34 bytes, Stack size 0 bytes, rtx_msgqueue.o(.emb_text), UNUSED)

<P><STRONG><a name="[255]"></a>__asm___14_rtx_msgqueue_c_a86a7a93__atomic_inc32</STRONG> (Thumb, 18 bytes, Stack size 0 bytes, rtx_msgqueue.o(.emb_text))
<BR><BR>[Called By]<UL><LI><a href="#[254]">&gt;&gt;</a>&nbsp;&nbsp;&nbsp;MessageQueuePut
</UL>

<P><STRONG><a name="[48e]"></a>__asm___14_rtx_msgqueue_c_a86a7a93__atomic_inc16_lt</STRONG> (Thumb, 30 bytes, Stack size 0 bytes, rtx_msgqueue.o(.emb_text), UNUSED)

<P><STRONG><a name="[48f]"></a>__asm___14_rtx_msgqueue_c_a86a7a93__atomic_inc16_lim</STRONG> (Thumb, 26 bytes, Stack size 0 bytes, rtx_msgqueue.o(.emb_text), UNUSED)

<P><STRONG><a name="[490]"></a>__asm___14_rtx_msgqueue_c_a86a7a93__atomic_dec32</STRONG> (Thumb, 18 bytes, Stack size 0 bytes, rtx_msgqueue.o(.emb_text), UNUSED)

<P><STRONG><a name="[257]"></a>__asm___14_rtx_msgqueue_c_a86a7a93__atomic_dec32_nz</STRONG> (Thumb, 26 bytes, Stack size 0 bytes, rtx_msgqueue.o(.emb_text))
<BR><BR>[Called By]<UL><LI><a href="#[256]">&gt;&gt;</a>&nbsp;&nbsp;&nbsp;MessageQueueGet
</UL>

<P><STRONG><a name="[491]"></a>__asm___14_rtx_msgqueue_c_a86a7a93__atomic_dec16_nz</STRONG> (Thumb, 26 bytes, Stack size 0 bytes, rtx_msgqueue.o(.emb_text), UNUSED)

<P><STRONG><a name="[492]"></a>__asm___14_rtx_msgqueue_c_a86a7a93__atomic_link_get</STRONG> (Thumb, 26 bytes, Stack size 0 bytes, rtx_msgqueue.o(.emb_text), UNUSED)

<P><STRONG><a name="[115]"></a>__asm___14_rtx_msgqueue_c_a86a7a93__atomic_link_put</STRONG> (Thumb, 28 bytes, Stack size 0 bytes, rtx_msgqueue.o(.emb_text), UNUSED)
<BR><BR>[Calls]<UL><LI><a href="#[115]">&gt;&gt;</a>&nbsp;&nbsp;&nbsp;__asm___14_rtx_msgqueue_c_a86a7a93__atomic_link_put
</UL>
<BR>[Called By]<UL><LI><a href="#[115]">&gt;&gt;</a>&nbsp;&nbsp;&nbsp;__asm___14_rtx_msgqueue_c_a86a7a93__atomic_link_put
</UL>

<P><STRONG><a name="[493]"></a>__asm___15_rtx_semaphore_c_c705bb47__atomic_wr8</STRONG> (Thumb, 16 bytes, Stack size 0 bytes, rtx_semaphore.o(.emb_text), UNUSED)

<P><STRONG><a name="[494]"></a>__asm___15_rtx_semaphore_c_c705bb47__atomic_set32</STRONG> (Thumb, 20 bytes, Stack size 0 bytes, rtx_semaphore.o(.emb_text), UNUSED)

<P><STRONG><a name="[495]"></a>__asm___15_rtx_semaphore_c_c705bb47__atomic_clr32</STRONG> (Thumb, 22 bytes, Stack size 0 bytes, rtx_semaphore.o(.emb_text), UNUSED)

<P><STRONG><a name="[496]"></a>__asm___15_rtx_semaphore_c_c705bb47__atomic_chk32_all</STRONG> (Thumb, 38 bytes, Stack size 0 bytes, rtx_semaphore.o(.emb_text), UNUSED)

<P><STRONG><a name="[497]"></a>__asm___15_rtx_semaphore_c_c705bb47__atomic_chk32_any</STRONG> (Thumb, 34 bytes, Stack size 0 bytes, rtx_semaphore.o(.emb_text), UNUSED)

<P><STRONG><a name="[498]"></a>__asm___15_rtx_semaphore_c_c705bb47__atomic_inc32</STRONG> (Thumb, 18 bytes, Stack size 0 bytes, rtx_semaphore.o(.emb_text), UNUSED)

<P><STRONG><a name="[276]"></a>__asm___15_rtx_semaphore_c_c705bb47__atomic_inc16_lt</STRONG> (Thumb, 30 bytes, Stack size 0 bytes, rtx_semaphore.o(.emb_text))
<BR><BR>[Called By]<UL><LI><a href="#[275]">&gt;&gt;</a>&nbsp;&nbsp;&nbsp;SemaphoreTokenIncrement
</UL>

<P><STRONG><a name="[499]"></a>__asm___15_rtx_semaphore_c_c705bb47__atomic_inc16_lim</STRONG> (Thumb, 26 bytes, Stack size 0 bytes, rtx_semaphore.o(.emb_text), UNUSED)

<P><STRONG><a name="[49a]"></a>__asm___15_rtx_semaphore_c_c705bb47__atomic_dec32</STRONG> (Thumb, 18 bytes, Stack size 0 bytes, rtx_semaphore.o(.emb_text), UNUSED)

<P><STRONG><a name="[49b]"></a>__asm___15_rtx_semaphore_c_c705bb47__atomic_dec32_nz</STRONG> (Thumb, 26 bytes, Stack size 0 bytes, rtx_semaphore.o(.emb_text), UNUSED)

<P><STRONG><a name="[274]"></a>__asm___15_rtx_semaphore_c_c705bb47__atomic_dec16_nz</STRONG> (Thumb, 26 bytes, Stack size 0 bytes, rtx_semaphore.o(.emb_text))
<BR><BR>[Called By]<UL><LI><a href="#[273]">&gt;&gt;</a>&nbsp;&nbsp;&nbsp;SemaphoreTokenDecrement
</UL>

<P><STRONG><a name="[49c]"></a>__asm___15_rtx_semaphore_c_c705bb47__atomic_link_get</STRONG> (Thumb, 26 bytes, Stack size 0 bytes, rtx_semaphore.o(.emb_text), UNUSED)

<P><STRONG><a name="[116]"></a>__asm___15_rtx_semaphore_c_c705bb47__atomic_link_put</STRONG> (Thumb, 28 bytes, Stack size 0 bytes, rtx_semaphore.o(.emb_text), UNUSED)
<BR><BR>[Calls]<UL><LI><a href="#[116]">&gt;&gt;</a>&nbsp;&nbsp;&nbsp;__asm___15_rtx_semaphore_c_c705bb47__atomic_link_put
</UL>
<BR>[Called By]<UL><LI><a href="#[116]">&gt;&gt;</a>&nbsp;&nbsp;&nbsp;__asm___15_rtx_semaphore_c_c705bb47__atomic_link_put
</UL>

<P><STRONG><a name="[49d]"></a>__asm___12_rtx_system_c_024f2f18__atomic_wr8</STRONG> (Thumb, 16 bytes, Stack size 0 bytes, rtx_system.o(.emb_text), UNUSED)

<P><STRONG><a name="[49e]"></a>__asm___12_rtx_system_c_024f2f18__atomic_set32</STRONG> (Thumb, 20 bytes, Stack size 0 bytes, rtx_system.o(.emb_text), UNUSED)

<P><STRONG><a name="[49f]"></a>__asm___12_rtx_system_c_024f2f18__atomic_clr32</STRONG> (Thumb, 22 bytes, Stack size 0 bytes, rtx_system.o(.emb_text), UNUSED)

<P><STRONG><a name="[4a0]"></a>__asm___12_rtx_system_c_024f2f18__atomic_chk32_all</STRONG> (Thumb, 38 bytes, Stack size 0 bytes, rtx_system.o(.emb_text), UNUSED)

<P><STRONG><a name="[4a1]"></a>__asm___12_rtx_system_c_024f2f18__atomic_chk32_any</STRONG> (Thumb, 34 bytes, Stack size 0 bytes, rtx_system.o(.emb_text), UNUSED)

<P><STRONG><a name="[4a2]"></a>__asm___12_rtx_system_c_024f2f18__atomic_inc32</STRONG> (Thumb, 18 bytes, Stack size 0 bytes, rtx_system.o(.emb_text), UNUSED)

<P><STRONG><a name="[280]"></a>__asm___12_rtx_system_c_024f2f18__atomic_inc16_lt</STRONG> (Thumb, 30 bytes, Stack size 0 bytes, rtx_system.o(.emb_text))
<BR><BR>[Called By]<UL><LI><a href="#[27f]">&gt;&gt;</a>&nbsp;&nbsp;&nbsp;isr_queue_put
</UL>

<P><STRONG><a name="[281]"></a>__asm___12_rtx_system_c_024f2f18__atomic_inc16_lim</STRONG> (Thumb, 26 bytes, Stack size 0 bytes, rtx_system.o(.emb_text))
<BR><BR>[Called By]<UL><LI><a href="#[282]">&gt;&gt;</a>&nbsp;&nbsp;&nbsp;isr_queue_get
<LI><a href="#[27f]">&gt;&gt;</a>&nbsp;&nbsp;&nbsp;isr_queue_put
</UL>

<P><STRONG><a name="[4a3]"></a>__asm___12_rtx_system_c_024f2f18__atomic_dec32</STRONG> (Thumb, 18 bytes, Stack size 0 bytes, rtx_system.o(.emb_text), UNUSED)

<P><STRONG><a name="[4a4]"></a>__asm___12_rtx_system_c_024f2f18__atomic_dec32_nz</STRONG> (Thumb, 26 bytes, Stack size 0 bytes, rtx_system.o(.emb_text), UNUSED)

<P><STRONG><a name="[283]"></a>__asm___12_rtx_system_c_024f2f18__atomic_dec16_nz</STRONG> (Thumb, 26 bytes, Stack size 0 bytes, rtx_system.o(.emb_text))
<BR><BR>[Called By]<UL><LI><a href="#[282]">&gt;&gt;</a>&nbsp;&nbsp;&nbsp;isr_queue_get
</UL>

<P><STRONG><a name="[4a5]"></a>__asm___12_rtx_system_c_024f2f18__atomic_link_get</STRONG> (Thumb, 26 bytes, Stack size 0 bytes, rtx_system.o(.emb_text), UNUSED)

<P><STRONG><a name="[117]"></a>__asm___12_rtx_system_c_024f2f18__atomic_link_put</STRONG> (Thumb, 28 bytes, Stack size 0 bytes, rtx_system.o(.emb_text), UNUSED)
<BR><BR>[Calls]<UL><LI><a href="#[117]">&gt;&gt;</a>&nbsp;&nbsp;&nbsp;__asm___12_rtx_system_c_024f2f18__atomic_link_put
</UL>
<BR>[Called By]<UL><LI><a href="#[117]">&gt;&gt;</a>&nbsp;&nbsp;&nbsp;__asm___12_rtx_system_c_024f2f18__atomic_link_put
</UL>

<P><STRONG><a name="[4a6]"></a>__asm___12_rtx_thread_c_add96be5__atomic_wr8</STRONG> (Thumb, 16 bytes, Stack size 0 bytes, rtx_thread.o(.emb_text), UNUSED)

<P><STRONG><a name="[288]"></a>__asm___12_rtx_thread_c_add96be5__atomic_set32</STRONG> (Thumb, 20 bytes, Stack size 0 bytes, rtx_thread.o(.emb_text))
<BR><BR>[Called By]<UL><LI><a href="#[287]">&gt;&gt;</a>&nbsp;&nbsp;&nbsp;ThreadFlagsSet
</UL>

<P><STRONG><a name="[28a]"></a>__asm___12_rtx_thread_c_add96be5__atomic_clr32</STRONG> (Thumb, 22 bytes, Stack size 0 bytes, rtx_thread.o(.emb_text))
<BR><BR>[Called By]<UL><LI><a href="#[289]">&gt;&gt;</a>&nbsp;&nbsp;&nbsp;ThreadFlagsClear
</UL>

<P><STRONG><a name="[28c]"></a>__asm___12_rtx_thread_c_add96be5__atomic_chk32_all</STRONG> (Thumb, 38 bytes, Stack size 0 bytes, rtx_thread.o(.emb_text))
<BR><BR>[Called By]<UL><LI><a href="#[28b]">&gt;&gt;</a>&nbsp;&nbsp;&nbsp;ThreadFlagsCheck
</UL>

<P><STRONG><a name="[28d]"></a>__asm___12_rtx_thread_c_add96be5__atomic_chk32_any</STRONG> (Thumb, 34 bytes, Stack size 0 bytes, rtx_thread.o(.emb_text))
<BR><BR>[Called By]<UL><LI><a href="#[28b]">&gt;&gt;</a>&nbsp;&nbsp;&nbsp;ThreadFlagsCheck
</UL>

<P><STRONG><a name="[4a7]"></a>__asm___12_rtx_thread_c_add96be5__atomic_inc32</STRONG> (Thumb, 18 bytes, Stack size 0 bytes, rtx_thread.o(.emb_text), UNUSED)

<P><STRONG><a name="[4a8]"></a>__asm___12_rtx_thread_c_add96be5__atomic_inc16_lt</STRONG> (Thumb, 30 bytes, Stack size 0 bytes, rtx_thread.o(.emb_text), UNUSED)

<P><STRONG><a name="[4a9]"></a>__asm___12_rtx_thread_c_add96be5__atomic_inc16_lim</STRONG> (Thumb, 26 bytes, Stack size 0 bytes, rtx_thread.o(.emb_text), UNUSED)

<P><STRONG><a name="[4aa]"></a>__asm___12_rtx_thread_c_add96be5__atomic_dec32</STRONG> (Thumb, 18 bytes, Stack size 0 bytes, rtx_thread.o(.emb_text), UNUSED)

<P><STRONG><a name="[4ab]"></a>__asm___12_rtx_thread_c_add96be5__atomic_dec32_nz</STRONG> (Thumb, 26 bytes, Stack size 0 bytes, rtx_thread.o(.emb_text), UNUSED)

<P><STRONG><a name="[4ac]"></a>__asm___12_rtx_thread_c_add96be5__atomic_dec16_nz</STRONG> (Thumb, 26 bytes, Stack size 0 bytes, rtx_thread.o(.emb_text), UNUSED)

<P><STRONG><a name="[4ad]"></a>__asm___12_rtx_thread_c_add96be5__atomic_link_get</STRONG> (Thumb, 26 bytes, Stack size 0 bytes, rtx_thread.o(.emb_text), UNUSED)

<P><STRONG><a name="[118]"></a>__asm___12_rtx_thread_c_add96be5__atomic_link_put</STRONG> (Thumb, 28 bytes, Stack size 0 bytes, rtx_thread.o(.emb_text), UNUSED)
<BR><BR>[Calls]<UL><LI><a href="#[118]">&gt;&gt;</a>&nbsp;&nbsp;&nbsp;__asm___12_rtx_thread_c_add96be5__atomic_link_put
</UL>
<BR>[Called By]<UL><LI><a href="#[118]">&gt;&gt;</a>&nbsp;&nbsp;&nbsp;__asm___12_rtx_thread_c_add96be5__atomic_link_put
</UL>

<P><STRONG><a name="[2de]"></a>__asm___15_EventRecorder_c_e8d3082c__atomic_inc8</STRONG> (Thumb, 18 bytes, Stack size 0 bytes, eventrecorder.o(.emb_text))
<BR><BR>[Called By]<UL><LI><a href="#[17f]">&gt;&gt;</a>&nbsp;&nbsp;&nbsp;EventRecordData
<LI><a href="#[173]">&gt;&gt;</a>&nbsp;&nbsp;&nbsp;EventRecord4
</UL>

<P><STRONG><a name="[2cf]"></a>__asm___15_EventRecorder_c_e8d3082c__atomic_inc32</STRONG> (Thumb, 18 bytes, Stack size 0 bytes, eventrecorder.o(.emb_text))
<BR><BR>[Called By]<UL><LI><a href="#[2d2]">&gt;&gt;</a>&nbsp;&nbsp;&nbsp;EventGetTS
<LI><a href="#[2ce]">&gt;&gt;</a>&nbsp;&nbsp;&nbsp;EventRecordItem
</UL>

<P><STRONG><a name="[2d4]"></a>__asm___15_EventRecorder_c_e8d3082c__atomic_xch32</STRONG> (Thumb, 16 bytes, Stack size 0 bytes, eventrecorder.o(.emb_text))
<BR><BR>[Called By]<UL><LI><a href="#[2d2]">&gt;&gt;</a>&nbsp;&nbsp;&nbsp;EventGetTS
</UL>

<P><STRONG><a name="[2d0]"></a>__asm___15_EventRecorder_c_e8d3082c__LockRecord</STRONG> (Thumb, 34 bytes, Stack size 0 bytes, eventrecorder.o(.emb_text))
<BR><BR>[Called By]<UL><LI><a href="#[2ce]">&gt;&gt;</a>&nbsp;&nbsp;&nbsp;EventRecordItem
</UL>

<P><STRONG><a name="[2d1]"></a>__asm___15_EventRecorder_c_e8d3082c__UnlockRecord</STRONG> (Thumb, 30 bytes, Stack size 0 bytes, eventrecorder.o(.emb_text))
<BR><BR>[Called By]<UL><LI><a href="#[2ce]">&gt;&gt;</a>&nbsp;&nbsp;&nbsp;EventRecordItem
</UL>

<P><STRONG><a name="[119]"></a>HAL_GetTick</STRONG> (Thumb, 66 bytes, Stack size 8 bytes, main.o(.text))
<BR><BR>[Stack]<UL><LI>Max Depth = 96<LI>Call Chain = HAL_GetTick &rArr; osKernelGetTickCount &rArr; svcRtxKernelGetTickCount &rArr; EvrRtxKernelGetTickCount &rArr; EventRecord2 &rArr; EventRecordItem
</UL>
<BR>[Calls]<UL><LI><a href="#[11b]">&gt;&gt;</a>&nbsp;&nbsp;&nbsp;osKernelGetTickCount
<LI><a href="#[11a]">&gt;&gt;</a>&nbsp;&nbsp;&nbsp;osKernelGetState
</UL>
<BR>[Called By]<UL><LI><a href="#[164]">&gt;&gt;</a>&nbsp;&nbsp;&nbsp;HAL_ADC_PollForConversion
<LI><a href="#[11e]">&gt;&gt;</a>&nbsp;&nbsp;&nbsp;HAL_RCC_OscConfig
<LI><a href="#[11f]">&gt;&gt;</a>&nbsp;&nbsp;&nbsp;HAL_RCC_ClockConfig
<LI><a href="#[303]">&gt;&gt;</a>&nbsp;&nbsp;&nbsp;HAL_DMA_PollForTransfer
<LI><a href="#[2fd]">&gt;&gt;</a>&nbsp;&nbsp;&nbsp;HAL_DMA_Init
<LI><a href="#[2f7]">&gt;&gt;</a>&nbsp;&nbsp;&nbsp;HAL_ADCEx_InjectedPollForConversion
<LI><a href="#[2f6]">&gt;&gt;</a>&nbsp;&nbsp;&nbsp;HAL_DMA_Abort
<LI><a href="#[2ec]">&gt;&gt;</a>&nbsp;&nbsp;&nbsp;HAL_ADC_PollForEvent
<LI><a href="#[2e7]">&gt;&gt;</a>&nbsp;&nbsp;&nbsp;HAL_Delay
<LI><a href="#[e8]">&gt;&gt;</a>&nbsp;&nbsp;&nbsp;PHY_Write
<LI><a href="#[e7]">&gt;&gt;</a>&nbsp;&nbsp;&nbsp;PHY_Read
</UL>

<P><STRONG><a name="[64]"></a>main</STRONG> (Thumb, 32 bytes, Stack size 0 bytes, main.o(.text))
<BR><BR>[Stack]<UL><LI>Max Depth = 224<LI>Call Chain = main &rArr; SystemClock_Config &rArr; HAL_RCC_OscConfig &rArr; HAL_GetTick &rArr; osKernelGetTickCount &rArr; svcRtxKernelGetTickCount &rArr; EvrRtxKernelGetTickCount &rArr; EventRecord2 &rArr; EventRecordItem
</UL>
<BR>[Calls]<UL><LI><a href="#[124]">&gt;&gt;</a>&nbsp;&nbsp;&nbsp;osThreadNew
<LI><a href="#[125]">&gt;&gt;</a>&nbsp;&nbsp;&nbsp;osKernelStart
<LI><a href="#[123]">&gt;&gt;</a>&nbsp;&nbsp;&nbsp;osKernelInitialize
<LI><a href="#[122]">&gt;&gt;</a>&nbsp;&nbsp;&nbsp;SystemCoreClockUpdate
<LI><a href="#[121]">&gt;&gt;</a>&nbsp;&nbsp;&nbsp;HAL_Init
<LI><a href="#[11d]">&gt;&gt;</a>&nbsp;&nbsp;&nbsp;SystemClock_Config
</UL>
<BR>[Address Reference Count : 1]<UL><LI> entry9a.o(.ARM.Collect$$$$0000000B)
</UL>
<P><STRONG><a name="[126]"></a>AD_in</STRONG> (Thumb, 16 bytes, Stack size 8 bytes, http_server.o(.text))
<BR><BR>[Stack]<UL><LI>Max Depth = 152<LI>Call Chain = AD_in &rArr; ADC_getValue &rArr; HAL_ADC_PollForConversion &rArr; HAL_GetTick &rArr; osKernelGetTickCount &rArr; svcRtxKernelGetTickCount &rArr; EvrRtxKernelGetTickCount &rArr; EventRecord2 &rArr; EventRecordItem
</UL>
<BR>[Calls]<UL><LI><a href="#[127]">&gt;&gt;</a>&nbsp;&nbsp;&nbsp;ADC_getValue
</UL>
<BR>[Called By]<UL><LI><a href="#[142]">&gt;&gt;</a>&nbsp;&nbsp;&nbsp;netCGI_Script
</UL>

<P><STRONG><a name="[4ae]"></a>netDHCP_Notify</STRONG> (Thumb, 2 bytes, Stack size 0 bytes, http_server.o(.text), UNUSED)

<P><STRONG><a name="[65]"></a>app_main</STRONG> (Thumb, 50 bytes, Stack size 0 bytes, http_server.o(.text))
<BR><BR>[Stack]<UL><LI>Max Depth = 136<LI>Call Chain = app_main &rArr; netInitialize &rArr; netos_timer_create &rArr; osTimerNew &rArr; EvrRtxTimerNew &rArr; EventRecord4 &rArr; EventRecordItem
</UL>
<BR>[Calls]<UL><LI><a href="#[136]">&gt;&gt;</a>&nbsp;&nbsp;&nbsp;osThreadExit
<LI><a href="#[135]">&gt;&gt;</a>&nbsp;&nbsp;&nbsp;netInitialize
<LI><a href="#[132]">&gt;&gt;</a>&nbsp;&nbsp;&nbsp;LED_Initialize
<LI><a href="#[134]">&gt;&gt;</a>&nbsp;&nbsp;&nbsp;ADC_Init_Single_Conversion
<LI><a href="#[133]">&gt;&gt;</a>&nbsp;&nbsp;&nbsp;ADC1_pins_F429ZI_config
<LI><a href="#[124]">&gt;&gt;</a>&nbsp;&nbsp;&nbsp;osThreadNew
</UL>
<BR>[Address Reference Count : 1]<UL><LI> main.o(.text)
</UL>
<P><STRONG><a name="[137]"></a>netCGI_ProcessQuery</STRONG> (Thumb, 204 bytes, Stack size 64 bytes, http_server_cgi.o(.text))
<BR><BR>[Stack]<UL><LI>Max Depth = 176<LI>Call Chain = netCGI_ProcessQuery &rArr; netIF_SetOption &rArr; net_sys_unlock &rArr; netos_unlock &rArr; osMutexRelease &rArr; EvrRtxMutexRelease &rArr; EventRecord2 &rArr; EventRecordItem
</UL>
<BR>[Calls]<UL><LI><a href="#[139]">&gt;&gt;</a>&nbsp;&nbsp;&nbsp;netIP_aton
<LI><a href="#[13a]">&gt;&gt;</a>&nbsp;&nbsp;&nbsp;netIF_SetOption
<LI><a href="#[138]">&gt;&gt;</a>&nbsp;&nbsp;&nbsp;netCGI_GetEnvVar
</UL>
<BR>[Called By]<UL><LI><a href="#[ce]">&gt;&gt;</a>&nbsp;&nbsp;&nbsp;http_listener
</UL>

<P><STRONG><a name="[13b]"></a>netCGI_ProcessData</STRONG> (Thumb, 292 bytes, Stack size 80 bytes, http_server_cgi.o(.text))
<BR><BR>[Stack]<UL><LI>Max Depth = 192<LI>Call Chain = netCGI_ProcessData &rArr; osThreadFlagsSet &rArr; osRtxPostProcess &rArr; osRtxKernelErrorNotify &rArr; EvrRtxKernelErrorNotify &rArr; EventRecord2 &rArr; EventRecordItem
</UL>
<BR>[Calls]<UL><LI><a href="#[141]">&gt;&gt;</a>&nbsp;&nbsp;&nbsp;osThreadFlagsSet
<LI><a href="#[140]">&gt;&gt;</a>&nbsp;&nbsp;&nbsp;netHTTPs_SetPassword
<LI><a href="#[13e]">&gt;&gt;</a>&nbsp;&nbsp;&nbsp;netHTTPs_LoginActive
<LI><a href="#[138]">&gt;&gt;</a>&nbsp;&nbsp;&nbsp;netCGI_GetEnvVar
<LI><a href="#[131]">&gt;&gt;</a>&nbsp;&nbsp;&nbsp;LED_Toggle
<LI><a href="#[13d]">&gt;&gt;</a>&nbsp;&nbsp;&nbsp;strncmp
<LI><a href="#[13f]">&gt;&gt;</a>&nbsp;&nbsp;&nbsp;strcpy
<LI><a href="#[13c]">&gt;&gt;</a>&nbsp;&nbsp;&nbsp;strcmp
</UL>
<BR>[Called By]<UL><LI><a href="#[3f3]">&gt;&gt;</a>&nbsp;&nbsp;&nbsp;http_proc_post
<LI><a href="#[3f5]">&gt;&gt;</a>&nbsp;&nbsp;&nbsp;http_proc_multipart
<LI><a href="#[3ed]">&gt;&gt;</a>&nbsp;&nbsp;&nbsp;http_kill_session
</UL>

<P><STRONG><a name="[142]"></a>netCGI_Script</STRONG> (Thumb, 1034 bytes, Stack size 72 bytes, http_server_cgi.o(.text))
<BR><BR>[Stack]<UL><LI>Max Depth = 224<LI>Call Chain = netCGI_Script &rArr; AD_in &rArr; ADC_getValue &rArr; HAL_ADC_PollForConversion &rArr; HAL_GetTick &rArr; osKernelGetTickCount &rArr; svcRtxKernelGetTickCount &rArr; EvrRtxKernelGetTickCount &rArr; EventRecord2 &rArr; EventRecordItem
</UL>
<BR>[Calls]<UL><LI><a href="#[145]">&gt;&gt;</a>&nbsp;&nbsp;&nbsp;netTCP_GetTimer
<LI><a href="#[143]">&gt;&gt;</a>&nbsp;&nbsp;&nbsp;netTCP_GetState
<LI><a href="#[144]">&gt;&gt;</a>&nbsp;&nbsp;&nbsp;netTCP_GetPeer
<LI><a href="#[146]">&gt;&gt;</a>&nbsp;&nbsp;&nbsp;netTCP_GetLocalPort
<LI><a href="#[13e]">&gt;&gt;</a>&nbsp;&nbsp;&nbsp;netHTTPs_LoginActive
<LI><a href="#[147]">&gt;&gt;</a>&nbsp;&nbsp;&nbsp;netHTTPs_GetPassword
<LI><a href="#[148]">&gt;&gt;</a>&nbsp;&nbsp;&nbsp;netHTTPs_GetLanguage
<LI><a href="#[149]">&gt;&gt;</a>&nbsp;&nbsp;&nbsp;__aeabi_ui2f
<LI><a href="#[14a]">&gt;&gt;</a>&nbsp;&nbsp;&nbsp;__aeabi_fmul
<LI><a href="#[14b]">&gt;&gt;</a>&nbsp;&nbsp;&nbsp;__aeabi_f2d
<LI><a href="#[14c]">&gt;&gt;</a>&nbsp;&nbsp;&nbsp;__ARM_scalbn
<LI><a href="#[12d]">&gt;&gt;</a>&nbsp;&nbsp;&nbsp;netIP_ntoa
<LI><a href="#[12c]">&gt;&gt;</a>&nbsp;&nbsp;&nbsp;netIF_GetOption
<LI><a href="#[126]">&gt;&gt;</a>&nbsp;&nbsp;&nbsp;AD_in
<LI><a href="#[12e]">&gt;&gt;</a>&nbsp;&nbsp;&nbsp;__2sprintf
<LI><a href="#[13d]">&gt;&gt;</a>&nbsp;&nbsp;&nbsp;strncmp
</UL>
<BR>[Called By]<UL><LI><a href="#[3ff]">&gt;&gt;</a>&nbsp;&nbsp;&nbsp;http_server_run
</UL>

<P><STRONG><a name="[14d]"></a>imageFileInfo</STRONG> (Thumb, 82 bytes, Stack size 16 bytes, web.o(.text))
<BR><BR>[Stack]<UL><LI>Max Depth = 16<LI>Call Chain = imageFileInfo
</UL>
<BR>[Calls]<UL><LI><a href="#[14e]">&gt;&gt;</a>&nbsp;&nbsp;&nbsp;crc32_8bit
</UL>
<BR>[Called By]<UL><LI><a href="#[3f2]">&gt;&gt;</a>&nbsp;&nbsp;&nbsp;http_open_file
</UL>

<P><STRONG><a name="[132]"></a>LED_Initialize</STRONG> (Thumb, 48 bytes, Stack size 8 bytes, leds.o(.text))
<BR><BR>[Stack]<UL><LI>Max Depth = 48<LI>Call Chain = LED_Initialize &rArr; HAL_GPIO_Init
</UL>
<BR>[Calls]<UL><LI><a href="#[14f]">&gt;&gt;</a>&nbsp;&nbsp;&nbsp;HAL_GPIO_Init
</UL>
<BR>[Called By]<UL><LI><a href="#[65]">&gt;&gt;</a>&nbsp;&nbsp;&nbsp;app_main
</UL>

<P><STRONG><a name="[150]"></a>LED_Uninitialize</STRONG> (Thumb, 8 bytes, Stack size 0 bytes, leds.o(.text), UNUSED)
<BR><BR>[Calls]<UL><LI><a href="#[14f]">&gt;&gt;</a>&nbsp;&nbsp;&nbsp;HAL_GPIO_Init
</UL>

<P><STRONG><a name="[151]"></a>LED_On</STRONG> (Thumb, 46 bytes, Stack size 0 bytes, leds.o(.text))
<BR><BR>[Calls]<UL><LI><a href="#[152]">&gt;&gt;</a>&nbsp;&nbsp;&nbsp;HAL_GPIO_WritePin
</UL>
<BR>[Called By]<UL><LI><a href="#[131]">&gt;&gt;</a>&nbsp;&nbsp;&nbsp;LED_Toggle
</UL>

<P><STRONG><a name="[153]"></a>LED_Off</STRONG> (Thumb, 46 bytes, Stack size 0 bytes, leds.o(.text))
<BR><BR>[Calls]<UL><LI><a href="#[152]">&gt;&gt;</a>&nbsp;&nbsp;&nbsp;HAL_GPIO_WritePin
</UL>
<BR>[Called By]<UL><LI><a href="#[131]">&gt;&gt;</a>&nbsp;&nbsp;&nbsp;LED_Toggle
</UL>

<P><STRONG><a name="[131]"></a>LED_Toggle</STRONG> (Thumb, 38 bytes, Stack size 16 bytes, leds.o(.text))
<BR><BR>[Stack]<UL><LI>Max Depth = 16<LI>Call Chain = LED_Toggle
</UL>
<BR>[Calls]<UL><LI><a href="#[153]">&gt;&gt;</a>&nbsp;&nbsp;&nbsp;LED_Off
<LI><a href="#[151]">&gt;&gt;</a>&nbsp;&nbsp;&nbsp;LED_On
</UL>
<BR>[Called By]<UL><LI><a href="#[13b]">&gt;&gt;</a>&nbsp;&nbsp;&nbsp;netCGI_ProcessData
<LI><a href="#[66]">&gt;&gt;</a>&nbsp;&nbsp;&nbsp;BlinkLed
</UL>

<P><STRONG><a name="[159]"></a>mySPI_callback</STRONG> (Thumb, 20 bytes, Stack size 0 bytes, lcd.o(.text))
<BR>[Address Reference Count : 1]<UL><LI> lcd.o(.text)
</UL>
<P><STRONG><a name="[128]"></a>LCD_reset</STRONG> (Thumb, 184 bytes, Stack size 16 bytes, lcd.o(.text))
<BR><BR>[Stack]<UL><LI>Max Depth = 64<LI>Call Chain = LCD_reset &rArr; delay &rArr; HAL_TIM_Base_Init &rArr; TIM_Base_SetConfig
</UL>
<BR>[Calls]<UL><LI><a href="#[154]">&gt;&gt;</a>&nbsp;&nbsp;&nbsp;delay
<LI><a href="#[152]">&gt;&gt;</a>&nbsp;&nbsp;&nbsp;HAL_GPIO_WritePin
<LI><a href="#[14f]">&gt;&gt;</a>&nbsp;&nbsp;&nbsp;HAL_GPIO_Init
</UL>
<BR>[Called By]<UL><LI><a href="#[67]">&gt;&gt;</a>&nbsp;&nbsp;&nbsp;Display
</UL>

<P><STRONG><a name="[15a]"></a>LCD_wr_data</STRONG> (Thumb, 66 bytes, Stack size 24 bytes, lcd.o(.text))
<BR><BR>[Stack]<UL><LI>Max Depth = 24<LI>Call Chain = LCD_wr_data
</UL>
<BR>[Calls]<UL><LI><a href="#[152]">&gt;&gt;</a>&nbsp;&nbsp;&nbsp;HAL_GPIO_WritePin
</UL>
<BR>[Called By]<UL><LI><a href="#[15c]">&gt;&gt;</a>&nbsp;&nbsp;&nbsp;LCD_update
</UL>

<P><STRONG><a name="[15b]"></a>LCD_wr_cmd</STRONG> (Thumb, 66 bytes, Stack size 24 bytes, lcd.o(.text))
<BR><BR>[Stack]<UL><LI>Max Depth = 24<LI>Call Chain = LCD_wr_cmd
</UL>
<BR>[Calls]<UL><LI><a href="#[152]">&gt;&gt;</a>&nbsp;&nbsp;&nbsp;HAL_GPIO_WritePin
</UL>
<BR>[Called By]<UL><LI><a href="#[15c]">&gt;&gt;</a>&nbsp;&nbsp;&nbsp;LCD_update
<LI><a href="#[12a]">&gt;&gt;</a>&nbsp;&nbsp;&nbsp;LCD_init
</UL>

<P><STRONG><a name="[12a]"></a>LCD_init</STRONG> (Thumb, 76 bytes, Stack size 8 bytes, lcd.o(.text))
<BR><BR>[Stack]<UL><LI>Max Depth = 32<LI>Call Chain = LCD_init &rArr; LCD_wr_cmd
</UL>
<BR>[Calls]<UL><LI><a href="#[15b]">&gt;&gt;</a>&nbsp;&nbsp;&nbsp;LCD_wr_cmd
</UL>
<BR>[Called By]<UL><LI><a href="#[67]">&gt;&gt;</a>&nbsp;&nbsp;&nbsp;Display
</UL>

<P><STRONG><a name="[15c]"></a>LCD_update</STRONG> (Thumb, 144 bytes, Stack size 16 bytes, lcd.o(.text))
<BR><BR>[Stack]<UL><LI>Max Depth = 40<LI>Call Chain = LCD_update &rArr; LCD_wr_cmd
</UL>
<BR>[Calls]<UL><LI><a href="#[15b]">&gt;&gt;</a>&nbsp;&nbsp;&nbsp;LCD_wr_cmd
<LI><a href="#[15a]">&gt;&gt;</a>&nbsp;&nbsp;&nbsp;LCD_wr_data
</UL>
<BR>[Called By]<UL><LI><a href="#[12b]">&gt;&gt;</a>&nbsp;&nbsp;&nbsp;writeLCD
</UL>

<P><STRONG><a name="[15d]"></a>symbolToLocalBuffer</STRONG> (Thumb, 110 bytes, Stack size 28 bytes, lcd.o(.text))
<BR><BR>[Stack]<UL><LI>Max Depth = 28<LI>Call Chain = symbolToLocalBuffer
</UL>
<BR>[Called By]<UL><LI><a href="#[12b]">&gt;&gt;</a>&nbsp;&nbsp;&nbsp;writeLCD
</UL>

<P><STRONG><a name="[12b]"></a>writeLCD</STRONG> (Thumb, 42 bytes, Stack size 16 bytes, lcd.o(.text))
<BR><BR>[Stack]<UL><LI>Max Depth = 56<LI>Call Chain = writeLCD &rArr; LCD_update &rArr; LCD_wr_cmd
</UL>
<BR>[Calls]<UL><LI><a href="#[15d]">&gt;&gt;</a>&nbsp;&nbsp;&nbsp;symbolToLocalBuffer
<LI><a href="#[15c]">&gt;&gt;</a>&nbsp;&nbsp;&nbsp;LCD_update
</UL>
<BR>[Called By]<UL><LI><a href="#[67]">&gt;&gt;</a>&nbsp;&nbsp;&nbsp;Display
</UL>

<P><STRONG><a name="[15e]"></a>ft_memset</STRONG> (Thumb, 16 bytes, Stack size 0 bytes, lcd.o(.text))
<BR><BR>[Called By]<UL><LI><a href="#[130]">&gt;&gt;</a>&nbsp;&nbsp;&nbsp;flush_buffer
</UL>

<P><STRONG><a name="[130]"></a>flush_buffer</STRONG> (Thumb, 12 bytes, Stack size 0 bytes, lcd.o(.text))
<BR><BR>[Calls]<UL><LI><a href="#[15e]">&gt;&gt;</a>&nbsp;&nbsp;&nbsp;ft_memset
</UL>
<BR>[Called By]<UL><LI><a href="#[67]">&gt;&gt;</a>&nbsp;&nbsp;&nbsp;Display
</UL>

<P><STRONG><a name="[133]"></a>ADC1_pins_F429ZI_config</STRONG> (Thumb, 74 bytes, Stack size 32 bytes, adc.o(.text))
<BR><BR>[Stack]<UL><LI>Max Depth = 72<LI>Call Chain = ADC1_pins_F429ZI_config &rArr; HAL_GPIO_Init
</UL>
<BR>[Calls]<UL><LI><a href="#[14f]">&gt;&gt;</a>&nbsp;&nbsp;&nbsp;HAL_GPIO_Init
<LI><a href="#[15f]">&gt;&gt;</a>&nbsp;&nbsp;&nbsp;__aeabi_memclr4
</UL>
<BR>[Called By]<UL><LI><a href="#[65]">&gt;&gt;</a>&nbsp;&nbsp;&nbsp;app_main
</UL>

<P><STRONG><a name="[134]"></a>ADC_Init_Single_Conversion</STRONG> (Thumb, 54 bytes, Stack size 8 bytes, adc.o(.text))
<BR><BR>[Stack]<UL><LI>Max Depth = 24<LI>Call Chain = ADC_Init_Single_Conversion &rArr; HAL_ADC_Init
</UL>
<BR>[Calls]<UL><LI><a href="#[160]">&gt;&gt;</a>&nbsp;&nbsp;&nbsp;HAL_ADC_Init
</UL>
<BR>[Called By]<UL><LI><a href="#[65]">&gt;&gt;</a>&nbsp;&nbsp;&nbsp;app_main
</UL>

<P><STRONG><a name="[161]"></a>ADC_getVoltage</STRONG> (Thumb, 80 bytes, Stack size 24 bytes, adc.o(.text), UNUSED)
<BR><BR>[Calls]<UL><LI><a href="#[166]">&gt;&gt;</a>&nbsp;&nbsp;&nbsp;__ARM_scalbnf
<LI><a href="#[163]">&gt;&gt;</a>&nbsp;&nbsp;&nbsp;HAL_ADC_Start
<LI><a href="#[164]">&gt;&gt;</a>&nbsp;&nbsp;&nbsp;HAL_ADC_PollForConversion
<LI><a href="#[165]">&gt;&gt;</a>&nbsp;&nbsp;&nbsp;HAL_ADC_GetValue
<LI><a href="#[162]">&gt;&gt;</a>&nbsp;&nbsp;&nbsp;HAL_ADC_ConfigChannel
<LI><a href="#[149]">&gt;&gt;</a>&nbsp;&nbsp;&nbsp;__aeabi_ui2f
<LI><a href="#[14a]">&gt;&gt;</a>&nbsp;&nbsp;&nbsp;__aeabi_fmul
</UL>

<P><STRONG><a name="[127]"></a>ADC_getValue</STRONG> (Thumb, 60 bytes, Stack size 24 bytes, adc.o(.text))
<BR><BR>[Stack]<UL><LI>Max Depth = 144<LI>Call Chain = ADC_getValue &rArr; HAL_ADC_PollForConversion &rArr; HAL_GetTick &rArr; osKernelGetTickCount &rArr; svcRtxKernelGetTickCount &rArr; EvrRtxKernelGetTickCount &rArr; EventRecord2 &rArr; EventRecordItem
</UL>
<BR>[Calls]<UL><LI><a href="#[163]">&gt;&gt;</a>&nbsp;&nbsp;&nbsp;HAL_ADC_Start
<LI><a href="#[164]">&gt;&gt;</a>&nbsp;&nbsp;&nbsp;HAL_ADC_PollForConversion
<LI><a href="#[165]">&gt;&gt;</a>&nbsp;&nbsp;&nbsp;HAL_ADC_GetValue
<LI><a href="#[162]">&gt;&gt;</a>&nbsp;&nbsp;&nbsp;HAL_ADC_ConfigChannel
</UL>
<BR>[Called By]<UL><LI><a href="#[126]">&gt;&gt;</a>&nbsp;&nbsp;&nbsp;AD_in
</UL>

<P><STRONG><a name="[6]"></a>SVC_Handler</STRONG> (Thumb, 108 bytes, Stack size 0 bytes, irq_armv7m.o(.text))
<BR>[Address Reference Count : 1]<UL><LI> startup_stm32f429xx.o(RESET)
</UL>
<P><STRONG><a name="[8]"></a>PendSV_Handler</STRONG> (Thumb, 16 bytes, Stack size 0 bytes, irq_armv7m.o(.text))
<BR><BR>[Stack]<UL><LI>Max Depth = 96<LI>Call Chain = PendSV_Handler &rArr; osRtxPendSV_Handler &rArr; osRtxThreadDispatch &rArr; osRtxThreadBlock &rArr; EvrRtxThreadPreempted &rArr; EventRecord2 &rArr; EventRecordItem
</UL>
<BR>[Calls]<UL><LI><a href="#[167]">&gt;&gt;</a>&nbsp;&nbsp;&nbsp;osRtxPendSV_Handler
</UL>
<BR>[Address Reference Count : 1]<UL><LI> startup_stm32f429xx.o(RESET)
</UL>
<P><STRONG><a name="[9]"></a>SysTick_Handler</STRONG> (Thumb, 16 bytes, Stack size 0 bytes, irq_armv7m.o(.text))
<BR><BR>[Stack]<UL><LI>Max Depth = 104<LI>Call Chain = SysTick_Handler &rArr; osRtxTick_Handler &rArr; osRtxThreadDispatch &rArr; osRtxThreadBlock &rArr; EvrRtxThreadPreempted &rArr; EventRecord2 &rArr; EventRecordItem
</UL>
<BR>[Calls]<UL><LI><a href="#[168]">&gt;&gt;</a>&nbsp;&nbsp;&nbsp;osRtxTick_Handler
</UL>
<BR>[Address Reference Count : 2]<UL><LI> rtx_kernel.o(.text)
<LI> startup_stm32f429xx.o(RESET)
</UL>
<P><STRONG><a name="[129]"></a>osDelay</STRONG> (Thumb, 46 bytes, Stack size 8 bytes, rtx_delay.o(.text))
<BR><BR>[Stack]<UL><LI>Max Depth = 80<LI>Call Chain = osDelay &rArr; EvrRtxDelayError &rArr; EventRecord2 &rArr; EventRecordItem
</UL>
<BR>[Calls]<UL><LI><a href="#[16b]">&gt;&gt;</a>&nbsp;&nbsp;&nbsp;EvrRtxDelayError
<LI><a href="#[16d]">&gt;&gt;</a>&nbsp;&nbsp;&nbsp;EvrRtxDelay
<LI><a href="#[16f]">&gt;&gt;</a>&nbsp;&nbsp;&nbsp;IsIrqMasked
<LI><a href="#[16e]">&gt;&gt;</a>&nbsp;&nbsp;&nbsp;IsException
</UL>
<BR>[Called By]<UL><LI><a href="#[66]">&gt;&gt;</a>&nbsp;&nbsp;&nbsp;BlinkLed
<LI><a href="#[67]">&gt;&gt;</a>&nbsp;&nbsp;&nbsp;Display
<LI><a href="#[394]">&gt;&gt;</a>&nbsp;&nbsp;&nbsp;netos_delay
</UL>

<P><STRONG><a name="[170]"></a>osDelayUntil</STRONG> (Thumb, 46 bytes, Stack size 8 bytes, rtx_delay.o(.text), UNUSED)
<BR><BR>[Calls]<UL><LI><a href="#[171]">&gt;&gt;</a>&nbsp;&nbsp;&nbsp;EvrRtxDelayUntil
<LI><a href="#[16b]">&gt;&gt;</a>&nbsp;&nbsp;&nbsp;EvrRtxDelayError
<LI><a href="#[16f]">&gt;&gt;</a>&nbsp;&nbsp;&nbsp;IsIrqMasked
<LI><a href="#[16e]">&gt;&gt;</a>&nbsp;&nbsp;&nbsp;IsException
</UL>

<P><STRONG><a name="[172]"></a>EvrRtxMemoryInit</STRONG> (Thumb, 24 bytes, Stack size 16 bytes, rtx_evr.o(.text))
<BR><BR>[Stack]<UL><LI>Max Depth = 104<LI>Call Chain = EvrRtxMemoryInit &rArr; EventRecord4 &rArr; EventRecordItem
</UL>
<BR>[Calls]<UL><LI><a href="#[173]">&gt;&gt;</a>&nbsp;&nbsp;&nbsp;EventRecord4
</UL>
<BR>[Called By]<UL><LI><a href="#[221]">&gt;&gt;</a>&nbsp;&nbsp;&nbsp;osRtxMemoryInit
</UL>

<P><STRONG><a name="[174]"></a>EvrRtxMemoryAlloc</STRONG> (Thumb, 18 bytes, Stack size 8 bytes, rtx_evr.o(.text))
<BR><BR>[Stack]<UL><LI>Max Depth = 96<LI>Call Chain = EvrRtxMemoryAlloc &rArr; EventRecord4 &rArr; EventRecordItem
</UL>
<BR>[Calls]<UL><LI><a href="#[173]">&gt;&gt;</a>&nbsp;&nbsp;&nbsp;EventRecord4
</UL>
<BR>[Called By]<UL><LI><a href="#[23e]">&gt;&gt;</a>&nbsp;&nbsp;&nbsp;osRtxMemoryAlloc
</UL>

<P><STRONG><a name="[175]"></a>EvrRtxMemoryFree</STRONG> (Thumb, 24 bytes, Stack size 16 bytes, rtx_evr.o(.text))
<BR><BR>[Stack]<UL><LI>Max Depth = 104<LI>Call Chain = EvrRtxMemoryFree &rArr; EventRecord4 &rArr; EventRecordItem
</UL>
<BR>[Calls]<UL><LI><a href="#[173]">&gt;&gt;</a>&nbsp;&nbsp;&nbsp;EventRecord4
</UL>
<BR>[Called By]<UL><LI><a href="#[23f]">&gt;&gt;</a>&nbsp;&nbsp;&nbsp;osRtxMemoryFree
</UL>

<P><STRONG><a name="[176]"></a>EvrRtxMemoryBlockInit</STRONG> (Thumb, 20 bytes, Stack size 8 bytes, rtx_evr.o(.text))
<BR><BR>[Stack]<UL><LI>Max Depth = 96<LI>Call Chain = EvrRtxMemoryBlockInit &rArr; EventRecord4 &rArr; EventRecordItem
</UL>
<BR>[Calls]<UL><LI><a href="#[173]">&gt;&gt;</a>&nbsp;&nbsp;&nbsp;EventRecord4
</UL>
<BR>[Called By]<UL><LI><a href="#[222]">&gt;&gt;</a>&nbsp;&nbsp;&nbsp;osRtxMemoryPoolInit
</UL>

<P><STRONG><a name="[177]"></a>EvrRtxMemoryBlockAlloc</STRONG> (Thumb, 12 bytes, Stack size 0 bytes, rtx_evr.o(.text))
<BR><BR>[Stack]<UL><LI>Max Depth = 72<LI>Call Chain = EvrRtxMemoryBlockAlloc &rArr; EventRecord2 &rArr; EventRecordItem
</UL>
<BR>[Calls]<UL><LI><a href="#[178]">&gt;&gt;</a>&nbsp;&nbsp;&nbsp;EventRecord2
</UL>
<BR>[Called By]<UL><LI><a href="#[240]">&gt;&gt;</a>&nbsp;&nbsp;&nbsp;osRtxMemoryPoolAlloc
</UL>

<P><STRONG><a name="[179]"></a>EvrRtxMemoryBlockFree</STRONG> (Thumb, 24 bytes, Stack size 16 bytes, rtx_evr.o(.text))
<BR><BR>[Stack]<UL><LI>Max Depth = 104<LI>Call Chain = EvrRtxMemoryBlockFree &rArr; EventRecord4 &rArr; EventRecordItem
</UL>
<BR>[Calls]<UL><LI><a href="#[173]">&gt;&gt;</a>&nbsp;&nbsp;&nbsp;EventRecord4
</UL>
<BR>[Called By]<UL><LI><a href="#[243]">&gt;&gt;</a>&nbsp;&nbsp;&nbsp;osRtxMemoryPoolFree
</UL>

<P><STRONG><a name="[17a]"></a>EvrRtxKernelError</STRONG> (Thumb, 12 bytes, Stack size 0 bytes, rtx_evr.o(.text))
<BR><BR>[Stack]<UL><LI>Max Depth = 72<LI>Call Chain = EvrRtxKernelError &rArr; EventRecord2 &rArr; EventRecordItem
</UL>
<BR>[Calls]<UL><LI><a href="#[178]">&gt;&gt;</a>&nbsp;&nbsp;&nbsp;EventRecord2
</UL>
<BR>[Called By]<UL><LI><a href="#[125]">&gt;&gt;</a>&nbsp;&nbsp;&nbsp;osKernelStart
<LI><a href="#[123]">&gt;&gt;</a>&nbsp;&nbsp;&nbsp;osKernelInitialize
<LI><a href="#[23a]">&gt;&gt;</a>&nbsp;&nbsp;&nbsp;osKernelResume
<LI><a href="#[239]">&gt;&gt;</a>&nbsp;&nbsp;&nbsp;osKernelSuspend
<LI><a href="#[238]">&gt;&gt;</a>&nbsp;&nbsp;&nbsp;osKernelRestoreLock
<LI><a href="#[237]">&gt;&gt;</a>&nbsp;&nbsp;&nbsp;osKernelUnlock
<LI><a href="#[236]">&gt;&gt;</a>&nbsp;&nbsp;&nbsp;osKernelLock
<LI><a href="#[71]">&gt;&gt;</a>&nbsp;&nbsp;&nbsp;svcRtxKernelSuspend
<LI><a href="#[70]">&gt;&gt;</a>&nbsp;&nbsp;&nbsp;svcRtxKernelRestoreLock
<LI><a href="#[6f]">&gt;&gt;</a>&nbsp;&nbsp;&nbsp;svcRtxKernelUnlock
<LI><a href="#[6e]">&gt;&gt;</a>&nbsp;&nbsp;&nbsp;svcRtxKernelLock
<LI><a href="#[6d]">&gt;&gt;</a>&nbsp;&nbsp;&nbsp;svcRtxKernelStart
<LI><a href="#[6a]">&gt;&gt;</a>&nbsp;&nbsp;&nbsp;svcRtxKernelInitialize
</UL>

<P><STRONG><a name="[17b]"></a>EvrRtxKernelInitialize</STRONG> (Thumb, 10 bytes, Stack size 0 bytes, rtx_evr.o(.text))
<BR><BR>[Stack]<UL><LI>Max Depth = 72<LI>Call Chain = EvrRtxKernelInitialize &rArr; EventRecord2 &rArr; EventRecordItem
</UL>
<BR>[Calls]<UL><LI><a href="#[178]">&gt;&gt;</a>&nbsp;&nbsp;&nbsp;EventRecord2
</UL>
<BR>[Called By]<UL><LI><a href="#[123]">&gt;&gt;</a>&nbsp;&nbsp;&nbsp;osKernelInitialize
</UL>

<P><STRONG><a name="[17c]"></a>EvrRtxKernelInitialized</STRONG> (Thumb, 10 bytes, Stack size 0 bytes, rtx_evr.o(.text))
<BR><BR>[Stack]<UL><LI>Max Depth = 72<LI>Call Chain = EvrRtxKernelInitialized &rArr; EventRecord2 &rArr; EventRecordItem
</UL>
<BR>[Calls]<UL><LI><a href="#[178]">&gt;&gt;</a>&nbsp;&nbsp;&nbsp;EventRecord2
</UL>
<BR>[Called By]<UL><LI><a href="#[6a]">&gt;&gt;</a>&nbsp;&nbsp;&nbsp;svcRtxKernelInitialize
</UL>

<P><STRONG><a name="[17d]"></a>EvrRtxKernelGetInfo</STRONG> (Thumb, 24 bytes, Stack size 16 bytes, rtx_evr.o(.text), UNUSED)
<BR><BR>[Calls]<UL><LI><a href="#[173]">&gt;&gt;</a>&nbsp;&nbsp;&nbsp;EventRecord4
</UL>
<BR>[Called By]<UL><LI><a href="#[235]">&gt;&gt;</a>&nbsp;&nbsp;&nbsp;osKernelGetInfo
</UL>

<P><STRONG><a name="[17e]"></a>EvrRtxKernelInfoRetrieved</STRONG> (Thumb, 40 bytes, Stack size 16 bytes, rtx_evr.o(.text))
<BR><BR>[Stack]<UL><LI>Max Depth = 112<LI>Call Chain = EvrRtxKernelInfoRetrieved &rArr; EventRecordData &rArr; EventRecordItem
</UL>
<BR>[Calls]<UL><LI><a href="#[17f]">&gt;&gt;</a>&nbsp;&nbsp;&nbsp;EventRecordData
<LI><a href="#[178]">&gt;&gt;</a>&nbsp;&nbsp;&nbsp;EventRecord2
</UL>
<BR>[Called By]<UL><LI><a href="#[6b]">&gt;&gt;</a>&nbsp;&nbsp;&nbsp;svcRtxKernelGetInfo
</UL>

<P><STRONG><a name="[180]"></a>EvrRtxKernelGetState</STRONG> (Thumb, 12 bytes, Stack size 0 bytes, rtx_evr.o(.text))
<BR><BR>[Stack]<UL><LI>Max Depth = 72<LI>Call Chain = EvrRtxKernelGetState &rArr; EventRecord2 &rArr; EventRecordItem
</UL>
<BR>[Calls]<UL><LI><a href="#[178]">&gt;&gt;</a>&nbsp;&nbsp;&nbsp;EventRecord2
</UL>
<BR>[Called By]<UL><LI><a href="#[6c]">&gt;&gt;</a>&nbsp;&nbsp;&nbsp;svcRtxKernelGetState
</UL>

<P><STRONG><a name="[181]"></a>EvrRtxKernelStart</STRONG> (Thumb, 12 bytes, Stack size 0 bytes, rtx_evr.o(.text))
<BR><BR>[Stack]<UL><LI>Max Depth = 72<LI>Call Chain = EvrRtxKernelStart &rArr; EventRecord2 &rArr; EventRecordItem
</UL>
<BR>[Calls]<UL><LI><a href="#[178]">&gt;&gt;</a>&nbsp;&nbsp;&nbsp;EventRecord2
</UL>
<BR>[Called By]<UL><LI><a href="#[125]">&gt;&gt;</a>&nbsp;&nbsp;&nbsp;osKernelStart
</UL>

<P><STRONG><a name="[182]"></a>EvrRtxKernelStarted</STRONG> (Thumb, 12 bytes, Stack size 0 bytes, rtx_evr.o(.text))
<BR><BR>[Stack]<UL><LI>Max Depth = 72<LI>Call Chain = EvrRtxKernelStarted &rArr; EventRecord2 &rArr; EventRecordItem
</UL>
<BR>[Calls]<UL><LI><a href="#[178]">&gt;&gt;</a>&nbsp;&nbsp;&nbsp;EventRecord2
</UL>
<BR>[Called By]<UL><LI><a href="#[6d]">&gt;&gt;</a>&nbsp;&nbsp;&nbsp;svcRtxKernelStart
</UL>

<P><STRONG><a name="[183]"></a>EvrRtxKernelLock</STRONG> (Thumb, 12 bytes, Stack size 0 bytes, rtx_evr.o(.text), UNUSED)
<BR><BR>[Calls]<UL><LI><a href="#[178]">&gt;&gt;</a>&nbsp;&nbsp;&nbsp;EventRecord2
</UL>
<BR>[Called By]<UL><LI><a href="#[236]">&gt;&gt;</a>&nbsp;&nbsp;&nbsp;osKernelLock
</UL>

<P><STRONG><a name="[184]"></a>EvrRtxKernelLocked</STRONG> (Thumb, 12 bytes, Stack size 0 bytes, rtx_evr.o(.text))
<BR><BR>[Stack]<UL><LI>Max Depth = 72<LI>Call Chain = EvrRtxKernelLocked &rArr; EventRecord2 &rArr; EventRecordItem
</UL>
<BR>[Calls]<UL><LI><a href="#[178]">&gt;&gt;</a>&nbsp;&nbsp;&nbsp;EventRecord2
</UL>
<BR>[Called By]<UL><LI><a href="#[6e]">&gt;&gt;</a>&nbsp;&nbsp;&nbsp;svcRtxKernelLock
</UL>

<P><STRONG><a name="[185]"></a>EvrRtxKernelUnlock</STRONG> (Thumb, 12 bytes, Stack size 0 bytes, rtx_evr.o(.text), UNUSED)
<BR><BR>[Calls]<UL><LI><a href="#[178]">&gt;&gt;</a>&nbsp;&nbsp;&nbsp;EventRecord2
</UL>
<BR>[Called By]<UL><LI><a href="#[237]">&gt;&gt;</a>&nbsp;&nbsp;&nbsp;osKernelUnlock
</UL>

<P><STRONG><a name="[186]"></a>EvrRtxKernelUnlocked</STRONG> (Thumb, 12 bytes, Stack size 0 bytes, rtx_evr.o(.text))
<BR><BR>[Stack]<UL><LI>Max Depth = 72<LI>Call Chain = EvrRtxKernelUnlocked &rArr; EventRecord2 &rArr; EventRecordItem
</UL>
<BR>[Calls]<UL><LI><a href="#[178]">&gt;&gt;</a>&nbsp;&nbsp;&nbsp;EventRecord2
</UL>
<BR>[Called By]<UL><LI><a href="#[6f]">&gt;&gt;</a>&nbsp;&nbsp;&nbsp;svcRtxKernelUnlock
</UL>

<P><STRONG><a name="[187]"></a>EvrRtxKernelRestoreLock</STRONG> (Thumb, 12 bytes, Stack size 0 bytes, rtx_evr.o(.text), UNUSED)
<BR><BR>[Calls]<UL><LI><a href="#[178]">&gt;&gt;</a>&nbsp;&nbsp;&nbsp;EventRecord2
</UL>
<BR>[Called By]<UL><LI><a href="#[238]">&gt;&gt;</a>&nbsp;&nbsp;&nbsp;osKernelRestoreLock
</UL>

<P><STRONG><a name="[188]"></a>EvrRtxKernelLockRestored</STRONG> (Thumb, 12 bytes, Stack size 0 bytes, rtx_evr.o(.text))
<BR><BR>[Stack]<UL><LI>Max Depth = 72<LI>Call Chain = EvrRtxKernelLockRestored &rArr; EventRecord2 &rArr; EventRecordItem
</UL>
<BR>[Calls]<UL><LI><a href="#[178]">&gt;&gt;</a>&nbsp;&nbsp;&nbsp;EventRecord2
</UL>
<BR>[Called By]<UL><LI><a href="#[70]">&gt;&gt;</a>&nbsp;&nbsp;&nbsp;svcRtxKernelRestoreLock
</UL>

<P><STRONG><a name="[189]"></a>EvrRtxKernelSuspend</STRONG> (Thumb, 12 bytes, Stack size 0 bytes, rtx_evr.o(.text), UNUSED)
<BR><BR>[Calls]<UL><LI><a href="#[178]">&gt;&gt;</a>&nbsp;&nbsp;&nbsp;EventRecord2
</UL>
<BR>[Called By]<UL><LI><a href="#[239]">&gt;&gt;</a>&nbsp;&nbsp;&nbsp;osKernelSuspend
</UL>

<P><STRONG><a name="[18a]"></a>EvrRtxKernelSuspended</STRONG> (Thumb, 12 bytes, Stack size 0 bytes, rtx_evr.o(.text))
<BR><BR>[Stack]<UL><LI>Max Depth = 72<LI>Call Chain = EvrRtxKernelSuspended &rArr; EventRecord2 &rArr; EventRecordItem
</UL>
<BR>[Calls]<UL><LI><a href="#[178]">&gt;&gt;</a>&nbsp;&nbsp;&nbsp;EventRecord2
</UL>
<BR>[Called By]<UL><LI><a href="#[71]">&gt;&gt;</a>&nbsp;&nbsp;&nbsp;svcRtxKernelSuspend
</UL>

<P><STRONG><a name="[18b]"></a>EvrRtxKernelResume</STRONG> (Thumb, 12 bytes, Stack size 0 bytes, rtx_evr.o(.text), UNUSED)
<BR><BR>[Calls]<UL><LI><a href="#[178]">&gt;&gt;</a>&nbsp;&nbsp;&nbsp;EventRecord2
</UL>
<BR>[Called By]<UL><LI><a href="#[23a]">&gt;&gt;</a>&nbsp;&nbsp;&nbsp;osKernelResume
</UL>

<P><STRONG><a name="[18c]"></a>EvrRtxKernelResumed</STRONG> (Thumb, 12 bytes, Stack size 0 bytes, rtx_evr.o(.text))
<BR><BR>[Stack]<UL><LI>Max Depth = 72<LI>Call Chain = EvrRtxKernelResumed &rArr; EventRecord2 &rArr; EventRecordItem
</UL>
<BR>[Calls]<UL><LI><a href="#[178]">&gt;&gt;</a>&nbsp;&nbsp;&nbsp;EventRecord2
</UL>
<BR>[Called By]<UL><LI><a href="#[72]">&gt;&gt;</a>&nbsp;&nbsp;&nbsp;svcRtxKernelResume
</UL>

<P><STRONG><a name="[18d]"></a>EvrRtxKernelGetTickCount</STRONG> (Thumb, 12 bytes, Stack size 0 bytes, rtx_evr.o(.text))
<BR><BR>[Stack]<UL><LI>Max Depth = 72<LI>Call Chain = EvrRtxKernelGetTickCount &rArr; EventRecord2 &rArr; EventRecordItem
</UL>
<BR>[Calls]<UL><LI><a href="#[178]">&gt;&gt;</a>&nbsp;&nbsp;&nbsp;EventRecord2
</UL>
<BR>[Called By]<UL><LI><a href="#[73]">&gt;&gt;</a>&nbsp;&nbsp;&nbsp;svcRtxKernelGetTickCount
</UL>

<P><STRONG><a name="[18e]"></a>EvrRtxKernelGetTickFreq</STRONG> (Thumb, 12 bytes, Stack size 0 bytes, rtx_evr.o(.text))
<BR><BR>[Stack]<UL><LI>Max Depth = 72<LI>Call Chain = EvrRtxKernelGetTickFreq &rArr; EventRecord2 &rArr; EventRecordItem
</UL>
<BR>[Calls]<UL><LI><a href="#[178]">&gt;&gt;</a>&nbsp;&nbsp;&nbsp;EventRecord2
</UL>
<BR>[Called By]<UL><LI><a href="#[74]">&gt;&gt;</a>&nbsp;&nbsp;&nbsp;svcRtxKernelGetTickFreq
</UL>

<P><STRONG><a name="[18f]"></a>EvrRtxKernelGetSysTimerCount</STRONG> (Thumb, 12 bytes, Stack size 0 bytes, rtx_evr.o(.text))
<BR><BR>[Stack]<UL><LI>Max Depth = 72<LI>Call Chain = EvrRtxKernelGetSysTimerCount &rArr; EventRecord2 &rArr; EventRecordItem
</UL>
<BR>[Calls]<UL><LI><a href="#[178]">&gt;&gt;</a>&nbsp;&nbsp;&nbsp;EventRecord2
</UL>
<BR>[Called By]<UL><LI><a href="#[75]">&gt;&gt;</a>&nbsp;&nbsp;&nbsp;svcRtxKernelGetSysTimerCount
</UL>

<P><STRONG><a name="[190]"></a>EvrRtxKernelGetSysTimerFreq</STRONG> (Thumb, 12 bytes, Stack size 0 bytes, rtx_evr.o(.text))
<BR><BR>[Stack]<UL><LI>Max Depth = 72<LI>Call Chain = EvrRtxKernelGetSysTimerFreq &rArr; EventRecord2 &rArr; EventRecordItem
</UL>
<BR>[Calls]<UL><LI><a href="#[178]">&gt;&gt;</a>&nbsp;&nbsp;&nbsp;EventRecord2
</UL>
<BR>[Called By]<UL><LI><a href="#[76]">&gt;&gt;</a>&nbsp;&nbsp;&nbsp;svcRtxKernelGetSysTimerFreq
</UL>

<P><STRONG><a name="[191]"></a>EvrRtxKernelErrorNotify</STRONG> (Thumb, 12 bytes, Stack size 0 bytes, rtx_evr.o(.text))
<BR><BR>[Stack]<UL><LI>Max Depth = 72<LI>Call Chain = EvrRtxKernelErrorNotify &rArr; EventRecord2 &rArr; EventRecordItem
</UL>
[...]
<LI><a href="#[3bd]">&gt;&gt;</a>&nbsp;&nbsp;&nbsp;net_mem_alloc
</UL>
<BR>[Called By]<UL><LI><a href="#[ce]">&gt;&gt;</a>&nbsp;&nbsp;&nbsp;http_listener
</UL>

<P><STRONG><a name="[3ff]"></a>http_server_run</STRONG> (Thumb, 1124 bytes, Stack size 40 bytes, net_http_server.o(i.http_server_run))
<BR><BR>[Stack]<UL><LI>Max Depth = 288<LI>Call Chain = http_server_run &rArr; net_tcp_send &rArr; tcp_send_data &rArr; tcp_write &rArr; net_ip4_send_frame &rArr; net_ip4_frag_get &rArr; net_mem_free &rArr; EventRecord4 &rArr; EventRecordItem
</UL>
<BR>[Calls]<UL><LI><a href="#[178]">&gt;&gt;</a>&nbsp;&nbsp;&nbsp;EventRecord2
<LI><a href="#[142]">&gt;&gt;</a>&nbsp;&nbsp;&nbsp;netCGI_Script
<LI><a href="#[223]">&gt;&gt;</a>&nbsp;&nbsp;&nbsp;__aeabi_memcpy
<LI><a href="#[3f4]">&gt;&gt;</a>&nbsp;&nbsp;&nbsp;read_script_line
<LI><a href="#[3c1]">&gt;&gt;</a>&nbsp;&nbsp;&nbsp;http_strcpy
<LI><a href="#[3f2]">&gt;&gt;</a>&nbsp;&nbsp;&nbsp;http_open_file
<LI><a href="#[3ed]">&gt;&gt;</a>&nbsp;&nbsp;&nbsp;http_kill_session
<LI><a href="#[3ea]">&gt;&gt;</a>&nbsp;&nbsp;&nbsp;http_error_msg
<LI><a href="#[3e1]">&gt;&gt;</a>&nbsp;&nbsp;&nbsp;http_add_header
<LI><a href="#[407]">&gt;&gt;</a>&nbsp;&nbsp;&nbsp;net_tcp_send
<LI><a href="#[401]">&gt;&gt;</a>&nbsp;&nbsp;&nbsp;net_tcp_listen
<LI><a href="#[400]">&gt;&gt;</a>&nbsp;&nbsp;&nbsp;net_tcp_get_state
<LI><a href="#[404]">&gt;&gt;</a>&nbsp;&nbsp;&nbsp;net_tcp_get_mss
<LI><a href="#[405]">&gt;&gt;</a>&nbsp;&nbsp;&nbsp;net_tcp_get_buf
<LI><a href="#[403]">&gt;&gt;</a>&nbsp;&nbsp;&nbsp;net_tcp_close
<LI><a href="#[408]">&gt;&gt;</a>&nbsp;&nbsp;&nbsp;net_tcp_abort
<LI><a href="#[402]">&gt;&gt;</a>&nbsp;&nbsp;&nbsp;net_mem_avail
<LI><a href="#[406]">&gt;&gt;</a>&nbsp;&nbsp;&nbsp;netHTTPs_fread
<LI><a href="#[3ee]">&gt;&gt;</a>&nbsp;&nbsp;&nbsp;netHTTPs_fclose
</UL>
<BR>[Called By]<UL><LI><a href="#[108]">&gt;&gt;</a>&nbsp;&nbsp;&nbsp;net_http_server_run
</UL>

<P><STRONG><a name="[409]"></a>http_server_start</STRONG> (Thumb, 82 bytes, Stack size 24 bytes, net_http_server.o(i.http_server_start))
<BR><BR>[Stack]<UL><LI>Max Depth = 120<LI>Call Chain = http_server_start &rArr; net_tcp_set_option &rArr; EventRecord2 &rArr; EventRecordItem
</UL>
<BR>[Calls]<UL><LI><a href="#[178]">&gt;&gt;</a>&nbsp;&nbsp;&nbsp;EventRecord2
<LI><a href="#[40a]">&gt;&gt;</a>&nbsp;&nbsp;&nbsp;net_tcp_set_option
<LI><a href="#[401]">&gt;&gt;</a>&nbsp;&nbsp;&nbsp;net_tcp_listen
</UL>
<BR>[Called By]<UL><LI><a href="#[100]">&gt;&gt;</a>&nbsp;&nbsp;&nbsp;net_http_server_init
</UL>

<P><STRONG><a name="[3c1]"></a>http_strcpy</STRONG> (Thumb, 32 bytes, Stack size 8 bytes, net_http_server.o(i.http_strcpy))
<BR><BR>[Stack]<UL><LI>Max Depth = 8<LI>Call Chain = http_strcpy
</UL>
<BR>[Called By]<UL><LI><a href="#[3ff]">&gt;&gt;</a>&nbsp;&nbsp;&nbsp;http_server_run
<LI><a href="#[3be]">&gt;&gt;</a>&nbsp;&nbsp;&nbsp;chk_post_req
</UL>

<P><STRONG><a name="[3fc]"></a>http_to_utc</STRONG> (Thumb, 168 bytes, Stack size 32 bytes, net_http_server.o(i.http_to_utc))
<BR><BR>[Stack]<UL><LI>Max Depth = 48<LI>Call Chain = http_to_utc &rArr; net_atoi
</UL>
<BR>[Calls]<UL><LI><a href="#[3c0]">&gt;&gt;</a>&nbsp;&nbsp;&nbsp;net_strcmp
<LI><a href="#[3c3]">&gt;&gt;</a>&nbsp;&nbsp;&nbsp;net_atoi
</UL>
<BR>[Called By]<UL><LI><a href="#[3f1]">&gt;&gt;</a>&nbsp;&nbsp;&nbsp;http_parse_header
</UL>

<P><STRONG><a name="[3f0]"></a>proc_req_line</STRONG> (Thumb, 84 bytes, Stack size 24 bytes, net_http_server.o(i.proc_req_line))
<BR><BR>[Stack]<UL><LI>Max Depth = 24<LI>Call Chain = proc_req_line
</UL>
<BR>[Calls]<UL><LI><a href="#[428]">&gt;&gt;</a>&nbsp;&nbsp;&nbsp;hex2byte
</UL>
<BR>[Called By]<UL><LI><a href="#[ce]">&gt;&gt;</a>&nbsp;&nbsp;&nbsp;http_listener
</UL>

<P><STRONG><a name="[3f4]"></a>read_script_line</STRONG> (Thumb, 160 bytes, Stack size 16 bytes, net_http_server.o(i.read_script_line))
<BR><BR>[Stack]<UL><LI>Max Depth = 16<LI>Call Chain = read_script_line
</UL>
<BR>[Calls]<UL><LI><a href="#[478]">&gt;&gt;</a>&nbsp;&nbsp;&nbsp;netHTTPs_fgets
<LI><a href="#[3f6]">&gt;&gt;</a>&nbsp;&nbsp;&nbsp;strlen
</UL>
<BR>[Called By]<UL><LI><a href="#[3ff]">&gt;&gt;</a>&nbsp;&nbsp;&nbsp;http_server_run
<LI><a href="#[ce]">&gt;&gt;</a>&nbsp;&nbsp;&nbsp;http_listener
</UL>

<P><STRONG><a name="[3fd]"></a>search_delim</STRONG> (Thumb, 72 bytes, Stack size 16 bytes, net_http_server.o(i.search_delim))
<BR><BR>[Stack]<UL><LI>Max Depth = 16<LI>Call Chain = search_delim
</UL>
<BR>[Calls]<UL><LI><a href="#[3c0]">&gt;&gt;</a>&nbsp;&nbsp;&nbsp;net_strcmp
</UL>
<BR>[Called By]<UL><LI><a href="#[3f5]">&gt;&gt;</a>&nbsp;&nbsp;&nbsp;http_proc_multipart
</UL>

<P><STRONG><a name="[3e4]"></a>utc_to_http</STRONG> (Thumb, 280 bytes, Stack size 40 bytes, net_http_server.o(i.utc_to_http))
<BR><BR>[Stack]<UL><LI>Max Depth = 80<LI>Call Chain = utc_to_http &rArr; net_itoa_n0 &rArr; i2str &rArr; ul2str
</UL>
<BR>[Calls]<UL><LI><a href="#[3b4]">&gt;&gt;</a>&nbsp;&nbsp;&nbsp;net_strcpy
<LI><a href="#[45f]">&gt;&gt;</a>&nbsp;&nbsp;&nbsp;net_itoa_n0
<LI><a href="#[410]">&gt;&gt;</a>&nbsp;&nbsp;&nbsp;net_itoa
</UL>
<BR>[Called By]<UL><LI><a href="#[3e1]">&gt;&gt;</a>&nbsp;&nbsp;&nbsp;http_add_header
</UL>

<P><STRONG><a name="[10e]"></a>http_auth_basic_add</STRONG> (Thumb, 38 bytes, Stack size 16 bytes, net_http_server_auth.o(i.http_auth_basic_add))
<BR><BR>[Stack]<UL><LI>Max Depth = 16<LI>Call Chain = http_auth_basic_add
</UL>
<BR>[Calls]<UL><LI><a href="#[3b4]">&gt;&gt;</a>&nbsp;&nbsp;&nbsp;net_strcpy
</UL>
<BR>[Address Reference Count : 1]<UL><LI> net_http_server_auth.o(.constdata)
</UL>
<P><STRONG><a name="[10f]"></a>http_auth_basic_parse</STRONG> (Thumb, 128 bytes, Stack size 24 bytes, net_http_server_auth.o(i.http_auth_basic_parse))
<BR><BR>[Stack]<UL><LI>Max Depth = 120<LI>Call Chain = http_auth_basic_parse &rArr; EventRecordData &rArr; EventRecordItem
</UL>
<BR>[Calls]<UL><LI><a href="#[17f]">&gt;&gt;</a>&nbsp;&nbsp;&nbsp;EventRecordData
<LI><a href="#[3e9]">&gt;&gt;</a>&nbsp;&nbsp;&nbsp;netHTTPs_CheckAccount
<LI><a href="#[3e8]">&gt;&gt;</a>&nbsp;&nbsp;&nbsp;net_strchr
<LI><a href="#[3e7]">&gt;&gt;</a>&nbsp;&nbsp;&nbsp;net_base64_decode
<LI><a href="#[3bf]">&gt;&gt;</a>&nbsp;&nbsp;&nbsp;net_strcasecmp
<LI><a href="#[13c]">&gt;&gt;</a>&nbsp;&nbsp;&nbsp;strcmp
</UL>
<BR>[Address Reference Count : 1]<UL><LI> net_http_server_auth.o(.constdata)
</UL>
<P><STRONG><a name="[10d]"></a>http_auth_dummy</STRONG> (Thumb, 2 bytes, Stack size 0 bytes, net_http_server_auth.o(i.http_auth_dummy))
<BR>[Address Reference Count : 1]<UL><LI> net_http_server_auth.o(.constdata)
</UL>
<P><STRONG><a name="[10c]"></a>http_auth_init</STRONG> (Thumb, 28 bytes, Stack size 0 bytes, net_http_server_auth.o(i.http_auth_init))
<BR>[Address Reference Count : 1]<UL><LI> net_http_server_auth.o(.constdata)
</UL>
<P><STRONG><a name="[469]"></a>ping_send_req</STRONG> (Thumb, 24 bytes, Stack size 0 bytes, net_ping_core.o(i.ping_send_req))
<BR><BR>[Stack]<UL><LI>Max Depth = 192<LI>Call Chain = ping_send_req &rArr; net_icmp6_send_echo &rArr; net_icmp6_send &rArr; net_ip6_send_frame &rArr; EventRecordData &rArr; EventRecordItem
</UL>
<BR>[Calls]<UL><LI><a href="#[451]">&gt;&gt;</a>&nbsp;&nbsp;&nbsp;net_icmp6_send_echo
<LI><a href="#[454]">&gt;&gt;</a>&nbsp;&nbsp;&nbsp;net_icmp_send_echo
</UL>
<BR>[Called By]<UL><LI><a href="#[106]">&gt;&gt;</a>&nbsp;&nbsp;&nbsp;net_ping_client_run
</UL>

<P><STRONG><a name="[456]"></a>sys_map_if</STRONG> (Thumb, 24 bytes, Stack size 0 bytes, net_sys.o(i.sys_map_if))
<BR><BR>[Called By]<UL><LI><a href="#[42d]">&gt;&gt;</a>&nbsp;&nbsp;&nbsp;net_if_map_all
</UL>

<P><STRONG><a name="[42b]"></a>sys_proc_tick</STRONG> (Thumb, 72 bytes, Stack size 0 bytes, net_sys.o(i.sys_proc_tick))
<BR><BR>[Calls]<UL><LI><a href="#[470]">&gt;&gt;</a>&nbsp;&nbsp;&nbsp;net_rand32
</UL>
<BR>[Called By]<UL><LI><a href="#[ca]">&gt;&gt;</a>&nbsp;&nbsp;&nbsp;netCore_Thread
</UL>

<P><STRONG><a name="[40f]"></a>ip4_ntoa</STRONG> (Thumb, 64 bytes, Stack size 24 bytes, net_addr.o(i.ip4_ntoa))
<BR><BR>[Stack]<UL><LI>Max Depth = 64<LI>Call Chain = ip4_ntoa &rArr; net_itoa &rArr; i2str &rArr; ul2str
</UL>
<BR>[Calls]<UL><LI><a href="#[410]">&gt;&gt;</a>&nbsp;&nbsp;&nbsp;net_itoa
</UL>
<BR>[Called By]<UL><LI><a href="#[12d]">&gt;&gt;</a>&nbsp;&nbsp;&nbsp;netIP_ntoa
</UL>

<P><STRONG><a name="[411]"></a>ip6_ntoa</STRONG> (Thumb, 202 bytes, Stack size 32 bytes, net_addr.o(i.ip6_ntoa))
<BR><BR>[Stack]<UL><LI>Max Depth = 56<LI>Call Chain = ip6_ntoa &rArr; net_ultox
</UL>
<BR>[Calls]<UL><LI><a href="#[412]">&gt;&gt;</a>&nbsp;&nbsp;&nbsp;net_ultox
</UL>
<BR>[Called By]<UL><LI><a href="#[12d]">&gt;&gt;</a>&nbsp;&nbsp;&nbsp;netIP_ntoa
</UL>

<P><STRONG><a name="[419]"></a>ndp_cache_add</STRONG> (Thumb, 278 bytes, Stack size 40 bytes, net_ndp.o(i.ndp_cache_add))
<BR><BR>[Stack]<UL><LI>Max Depth = 136<LI>Call Chain = ndp_cache_add &rArr; EventRecordData &rArr; EventRecordItem
</UL>
<BR>[Calls]<UL><LI><a href="#[17f]">&gt;&gt;</a>&nbsp;&nbsp;&nbsp;EventRecordData
<LI><a href="#[178]">&gt;&gt;</a>&nbsp;&nbsp;&nbsp;EventRecord2
<LI><a href="#[223]">&gt;&gt;</a>&nbsp;&nbsp;&nbsp;__aeabi_memcpy
<LI><a href="#[41b]">&gt;&gt;</a>&nbsp;&nbsp;&nbsp;ndp_cache_alloc
<LI><a href="#[41a]">&gt;&gt;</a>&nbsp;&nbsp;&nbsp;net_addr6_comp
<LI><a href="#[41c]">&gt;&gt;</a>&nbsp;&nbsp;&nbsp;net_addr6_copy
</UL>
<BR>[Called By]<UL><LI><a href="#[44e]">&gt;&gt;</a>&nbsp;&nbsp;&nbsp;net_ndp_process
</UL>

<P><STRONG><a name="[41b]"></a>ndp_cache_alloc</STRONG> (Thumb, 114 bytes, Stack size 20 bytes, net_ndp.o(i.ndp_cache_alloc))
<BR><BR>[Stack]<UL><LI>Max Depth = 20<LI>Call Chain = ndp_cache_alloc
</UL>
<BR>[Called By]<UL><LI><a href="#[419]">&gt;&gt;</a>&nbsp;&nbsp;&nbsp;ndp_cache_add
<LI><a href="#[449]">&gt;&gt;</a>&nbsp;&nbsp;&nbsp;net_ndp_cache_find
</UL>

<P><STRONG><a name="[41d]"></a>ndp_cache_delete</STRONG> (Thumb, 110 bytes, Stack size 24 bytes, net_ndp.o(i.ndp_cache_delete))
<BR><BR>[Stack]<UL><LI>Max Depth = 144<LI>Call Chain = ndp_cache_delete &rArr; ndp_que_free &rArr; net_mem_free &rArr; EventRecord4 &rArr; EventRecordItem
</UL>
<BR>[Calls]<UL><LI><a href="#[17f]">&gt;&gt;</a>&nbsp;&nbsp;&nbsp;EventRecordData
<LI><a href="#[223]">&gt;&gt;</a>&nbsp;&nbsp;&nbsp;__aeabi_memcpy
<LI><a href="#[41e]">&gt;&gt;</a>&nbsp;&nbsp;&nbsp;ndp_router_remove
<LI><a href="#[41f]">&gt;&gt;</a>&nbsp;&nbsp;&nbsp;ndp_que_free
<LI><a href="#[41a]">&gt;&gt;</a>&nbsp;&nbsp;&nbsp;net_addr6_comp
</UL>
<BR>[Called By]<UL><LI><a href="#[44e]">&gt;&gt;</a>&nbsp;&nbsp;&nbsp;net_ndp_process
</UL>

<P><STRONG><a name="[467]"></a>ndp_check_frame</STRONG> (Thumb, 44 bytes, Stack size 0 bytes, net_ndp.o(i.ndp_check_frame))
<BR><BR>[Called By]<UL><LI><a href="#[44e]">&gt;&gt;</a>&nbsp;&nbsp;&nbsp;net_ndp_process
</UL>

<P><STRONG><a name="[423]"></a>ndp_next_opt</STRONG> (Thumb, 18 bytes, Stack size 0 bytes, net_ndp.o(i.ndp_next_opt))
<BR><BR>[Called By]<UL><LI><a href="#[44e]">&gt;&gt;</a>&nbsp;&nbsp;&nbsp;net_ndp_process
<LI><a href="#[422]">&gt;&gt;</a>&nbsp;&nbsp;&nbsp;ndp_proc_response
</UL>

<P><STRONG><a name="[420]"></a>ndp_prefix_add</STRONG> (Thumb, 220 bytes, Stack size 24 bytes, net_ndp.o(i.ndp_prefix_add))
<BR><BR>[Stack]<UL><LI>Max Depth = 120<LI>Call Chain = ndp_prefix_add &rArr; EventRecordData &rArr; EventRecordItem
</UL>
<BR>[Calls]<UL><LI><a href="#[17f]">&gt;&gt;</a>&nbsp;&nbsp;&nbsp;EventRecordData
<LI><a href="#[223]">&gt;&gt;</a>&nbsp;&nbsp;&nbsp;__aeabi_memcpy
<LI><a href="#[421]">&gt;&gt;</a>&nbsp;&nbsp;&nbsp;net_addr6_create
<LI><a href="#[416]">&gt;&gt;</a>&nbsp;&nbsp;&nbsp;memcmp
</UL>
<BR>[Called By]<UL><LI><a href="#[44e]">&gt;&gt;</a>&nbsp;&nbsp;&nbsp;net_ndp_process
</UL>

<P><STRONG><a name="[422]"></a>ndp_proc_response</STRONG> (Thumb, 242 bytes, Stack size 40 bytes, net_ndp.o(i.ndp_proc_response))
<BR><BR>[Stack]<UL><LI>Max Depth = 152<LI>Call Chain = ndp_proc_response &rArr; net_mem_free &rArr; EventRecord4 &rArr; EventRecordItem
</UL>
<BR>[Calls]<UL><LI><a href="#[17f]">&gt;&gt;</a>&nbsp;&nbsp;&nbsp;EventRecordData
<LI><a href="#[178]">&gt;&gt;</a>&nbsp;&nbsp;&nbsp;EventRecord2
<LI><a href="#[223]">&gt;&gt;</a>&nbsp;&nbsp;&nbsp;__aeabi_memcpy
<LI><a href="#[423]">&gt;&gt;</a>&nbsp;&nbsp;&nbsp;ndp_next_opt
<LI><a href="#[41a]">&gt;&gt;</a>&nbsp;&nbsp;&nbsp;net_addr6_comp
<LI><a href="#[3bb]">&gt;&gt;</a>&nbsp;&nbsp;&nbsp;net_mem_free
</UL>
<BR>[Called By]<UL><LI><a href="#[44e]">&gt;&gt;</a>&nbsp;&nbsp;&nbsp;net_ndp_process
</UL>

<P><STRONG><a name="[41f]"></a>ndp_que_free</STRONG> (Thumb, 26 bytes, Stack size 8 bytes, net_ndp.o(i.ndp_que_free))
<BR><BR>[Stack]<UL><LI>Max Depth = 120<LI>Call Chain = ndp_que_free &rArr; net_mem_free &rArr; EventRecord4 &rArr; EventRecordItem
</UL>
<BR>[Calls]<UL><LI><a href="#[3bb]">&gt;&gt;</a>&nbsp;&nbsp;&nbsp;net_mem_free
</UL>
<BR>[Called By]<UL><LI><a href="#[41d]">&gt;&gt;</a>&nbsp;&nbsp;&nbsp;ndp_cache_delete
<LI><a href="#[449]">&gt;&gt;</a>&nbsp;&nbsp;&nbsp;net_ndp_cache_find
</UL>

<P><STRONG><a name="[41e]"></a>ndp_router_remove</STRONG> (Thumb, 52 bytes, Stack size 8 bytes, net_ndp.o(i.ndp_router_remove))
<BR><BR>[Stack]<UL><LI>Max Depth = 8<LI>Call Chain = ndp_router_remove
</UL>
<BR>[Calls]<UL><LI><a href="#[41c]">&gt;&gt;</a>&nbsp;&nbsp;&nbsp;net_addr6_copy
</UL>
<BR>[Called By]<UL><LI><a href="#[41d]">&gt;&gt;</a>&nbsp;&nbsp;&nbsp;ndp_cache_delete
</UL>

<P><STRONG><a name="[424]"></a>ndp_send_reply</STRONG> (Thumb, 144 bytes, Stack size 24 bytes, net_ndp.o(i.ndp_send_reply))
<BR><BR>[Stack]<UL><LI>Max Depth = 192<LI>Call Chain = ndp_send_reply &rArr; net_icmp6_send &rArr; net_ip6_send_frame &rArr; EventRecordData &rArr; EventRecordItem
</UL>
<BR>[Calls]<UL><LI><a href="#[17f]">&gt;&gt;</a>&nbsp;&nbsp;&nbsp;EventRecordData
<LI><a href="#[178]">&gt;&gt;</a>&nbsp;&nbsp;&nbsp;EventRecord2
<LI><a href="#[223]">&gt;&gt;</a>&nbsp;&nbsp;&nbsp;__aeabi_memcpy
<LI><a href="#[425]">&gt;&gt;</a>&nbsp;&nbsp;&nbsp;net_icmp6_send
<LI><a href="#[3bb]">&gt;&gt;</a>&nbsp;&nbsp;&nbsp;net_mem_free
<LI><a href="#[3bd]">&gt;&gt;</a>&nbsp;&nbsp;&nbsp;net_mem_alloc
<LI><a href="#[41c]">&gt;&gt;</a>&nbsp;&nbsp;&nbsp;net_addr6_copy
</UL>
<BR>[Called By]<UL><LI><a href="#[44e]">&gt;&gt;</a>&nbsp;&nbsp;&nbsp;net_ndp_process
</UL>

<P><STRONG><a name="[426]"></a>ndp_send_request</STRONG> (Thumb, 174 bytes, Stack size 24 bytes, net_ndp.o(i.ndp_send_request))
<BR><BR>[Stack]<UL><LI>Max Depth = 192<LI>Call Chain = ndp_send_request &rArr; net_icmp6_send &rArr; net_ip6_send_frame &rArr; EventRecordData &rArr; EventRecordItem
</UL>
<BR>[Calls]<UL><LI><a href="#[17f]">&gt;&gt;</a>&nbsp;&nbsp;&nbsp;EventRecordData
<LI><a href="#[178]">&gt;&gt;</a>&nbsp;&nbsp;&nbsp;EventRecord2
<LI><a href="#[223]">&gt;&gt;</a>&nbsp;&nbsp;&nbsp;__aeabi_memcpy
<LI><a href="#[425]">&gt;&gt;</a>&nbsp;&nbsp;&nbsp;net_icmp6_send
<LI><a href="#[427]">&gt;&gt;</a>&nbsp;&nbsp;&nbsp;net_ip6_get_local
<LI><a href="#[3bb]">&gt;&gt;</a>&nbsp;&nbsp;&nbsp;net_mem_free
<LI><a href="#[3bd]">&gt;&gt;</a>&nbsp;&nbsp;&nbsp;net_mem_alloc
<LI><a href="#[41c]">&gt;&gt;</a>&nbsp;&nbsp;&nbsp;net_addr6_copy
</UL>
<BR>[Called By]<UL><LI><a href="#[44a]">&gt;&gt;</a>&nbsp;&nbsp;&nbsp;net_ndp_enqueue
</UL>

<P><STRONG><a name="[40d]"></a>ip4_get_chksum</STRONG> (Thumb, 12 bytes, Stack size 0 bytes, net_ip4.o(i.ip4_get_chksum))
<BR><BR>[Stack]<UL><LI>Max Depth = 12<LI>Call Chain = ip4_get_chksum &rArr; net_chksum_buf
</UL>
<BR>[Calls]<UL><LI><a href="#[40e]">&gt;&gt;</a>&nbsp;&nbsp;&nbsp;net_chksum_buf
</UL>
<BR>[Called By]<UL><LI><a href="#[453]">&gt;&gt;</a>&nbsp;&nbsp;&nbsp;net_ip4_send_frame
<LI><a href="#[3d0]">&gt;&gt;</a>&nbsp;&nbsp;&nbsp;net_ip4_chk_frame
</UL>

<P><STRONG><a name="[458]"></a>ip4_get_mtu</STRONG> (Thumb, 40 bytes, Stack size 0 bytes, net_ip4.o(i.ip4_get_mtu))
<BR><BR>[Called By]<UL><LI><a href="#[453]">&gt;&gt;</a>&nbsp;&nbsp;&nbsp;net_ip4_send_frame
<LI><a href="#[3d0]">&gt;&gt;</a>&nbsp;&nbsp;&nbsp;net_ip4_chk_frame
</UL>

<P><STRONG><a name="[413]"></a>mem_lock</STRONG> (Thumb, 8 bytes, Stack size 0 bytes, net_mem.o(i.mem_lock))
<BR><BR>[Stack]<UL><LI>Max Depth = 88<LI>Call Chain = mem_lock &rArr; netos_lock &rArr; osMutexAcquire &rArr; EvrRtxMutexAcquire &rArr; EventRecord2 &rArr; EventRecordItem
</UL>
<BR>[Calls]<UL><LI><a href="#[38f]">&gt;&gt;</a>&nbsp;&nbsp;&nbsp;netos_lock
</UL>
<BR>[Called By]<UL><LI><a href="#[462]">&gt;&gt;</a>&nbsp;&nbsp;&nbsp;net_mem_shrink
<LI><a href="#[3bb]">&gt;&gt;</a>&nbsp;&nbsp;&nbsp;net_mem_free
<LI><a href="#[3bd]">&gt;&gt;</a>&nbsp;&nbsp;&nbsp;net_mem_alloc
</UL>

<P><STRONG><a name="[414]"></a>mem_unlock</STRONG> (Thumb, 8 bytes, Stack size 0 bytes, net_mem.o(i.mem_unlock))
<BR><BR>[Stack]<UL><LI>Max Depth = 88<LI>Call Chain = mem_unlock &rArr; netos_unlock &rArr; osMutexRelease &rArr; EvrRtxMutexRelease &rArr; EventRecord2 &rArr; EventRecordItem
</UL>
<BR>[Calls]<UL><LI><a href="#[390]">&gt;&gt;</a>&nbsp;&nbsp;&nbsp;netos_unlock
</UL>
<BR>[Called By]<UL><LI><a href="#[462]">&gt;&gt;</a>&nbsp;&nbsp;&nbsp;net_mem_shrink
<LI><a href="#[3bb]">&gt;&gt;</a>&nbsp;&nbsp;&nbsp;net_mem_free
<LI><a href="#[3bd]">&gt;&gt;</a>&nbsp;&nbsp;&nbsp;net_mem_alloc
</UL>

<P><STRONG><a name="[441]"></a>crc32_8bit</STRONG> (Thumb, 34 bytes, Stack size 0 bytes, net_common.o(i.crc32_8bit))
<BR><BR>[Called By]<UL><LI><a href="#[3cb]">&gt;&gt;</a>&nbsp;&nbsp;&nbsp;net_crc_buf
</UL>

<P><STRONG><a name="[40b]"></a>i2str</STRONG> (Thumb, 26 bytes, Stack size 8 bytes, net_common.o(i.i2str))
<BR><BR>[Stack]<UL><LI>Max Depth = 40<LI>Call Chain = i2str &rArr; ul2str
</UL>
<BR>[Calls]<UL><LI><a href="#[40c]">&gt;&gt;</a>&nbsp;&nbsp;&nbsp;ul2str
</UL>
<BR>[Called By]<UL><LI><a href="#[45f]">&gt;&gt;</a>&nbsp;&nbsp;&nbsp;net_itoa_n0
<LI><a href="#[410]">&gt;&gt;</a>&nbsp;&nbsp;&nbsp;net_itoa
</UL>

<P><STRONG><a name="[40c]"></a>ul2str</STRONG> (Thumb, 68 bytes, Stack size 32 bytes, net_common.o(i.ul2str))
<BR><BR>[Stack]<UL><LI>Max Depth = 32<LI>Call Chain = ul2str
</UL>
<BR>[Called By]<UL><LI><a href="#[40b]">&gt;&gt;</a>&nbsp;&nbsp;&nbsp;i2str
<LI><a href="#[3e5]">&gt;&gt;</a>&nbsp;&nbsp;&nbsp;net_ultoa
</UL>

<P><STRONG><a name="[3ae]"></a>_fp_digits</STRONG> (Thumb, 366 bytes, Stack size 64 bytes, printfa.o(i._fp_digits), UNUSED)
<BR><BR>[Calls]<UL><LI><a href="#[307]">&gt;&gt;</a>&nbsp;&nbsp;&nbsp;__aeabi_uldivmod
<LI><a href="#[3a8]">&gt;&gt;</a>&nbsp;&nbsp;&nbsp;__aeabi_dmul
<LI><a href="#[3a9]">&gt;&gt;</a>&nbsp;&nbsp;&nbsp;__aeabi_ddiv
<LI><a href="#[3a2]">&gt;&gt;</a>&nbsp;&nbsp;&nbsp;__aeabi_dadd
<LI><a href="#[3aa]">&gt;&gt;</a>&nbsp;&nbsp;&nbsp;__aeabi_d2ulz
<LI><a href="#[3af]">&gt;&gt;</a>&nbsp;&nbsp;&nbsp;__aeabi_cdrcmple
</UL>
<BR>[Called By]<UL><LI><a href="#[3ad]">&gt;&gt;</a>&nbsp;&nbsp;&nbsp;_printf_core
</UL>

<P><STRONG><a name="[3ad]"></a>_printf_core</STRONG> (Thumb, 1704 bytes, Stack size 136 bytes, printfa.o(i._printf_core), UNUSED)
<BR><BR>[Calls]<UL><LI><a href="#[307]">&gt;&gt;</a>&nbsp;&nbsp;&nbsp;__aeabi_uldivmod
<LI><a href="#[3b2]">&gt;&gt;</a>&nbsp;&nbsp;&nbsp;__aeabi_uidivmod
<LI><a href="#[3b0]">&gt;&gt;</a>&nbsp;&nbsp;&nbsp;_printf_pre_padding
<LI><a href="#[3b1]">&gt;&gt;</a>&nbsp;&nbsp;&nbsp;_printf_post_padding
<LI><a href="#[3ae]">&gt;&gt;</a>&nbsp;&nbsp;&nbsp;_fp_digits
</UL>
<BR>[Called By]<UL><LI><a href="#[3ac]">&gt;&gt;</a>&nbsp;&nbsp;&nbsp;__0sprintf
</UL>

<P><STRONG><a name="[3b1]"></a>_printf_post_padding</STRONG> (Thumb, 36 bytes, Stack size 24 bytes, printfa.o(i._printf_post_padding), UNUSED)
<BR><BR>[Called By]<UL><LI><a href="#[3ad]">&gt;&gt;</a>&nbsp;&nbsp;&nbsp;_printf_core
</UL>

<P><STRONG><a name="[3b0]"></a>_printf_pre_padding</STRONG> (Thumb, 46 bytes, Stack size 24 bytes, printfa.o(i._printf_pre_padding), UNUSED)
<BR><BR>[Called By]<UL><LI><a href="#[3ad]">&gt;&gt;</a>&nbsp;&nbsp;&nbsp;_printf_core
</UL>

<P><STRONG><a name="[cd]"></a>_sputc</STRONG> (Thumb, 10 bytes, Stack size 0 bytes, printfa.o(i._sputc))
<BR><BR>[Called By]<UL><LI><a href="#[3ac]">&gt;&gt;</a>&nbsp;&nbsp;&nbsp;__0sprintf
</UL>
<BR>[Address Reference Count : 1]<UL><LI> printfa.o(i.__0sprintf)
</UL><P>
<H3>
Undefined Global Symbols
</H3><HR></body></html>
